C:\Users\noe_9\Documents\MCUXpressoIDE_11.8.0_1165\workspace\freertos_can\CMSIS/core_cm4.h:1679:22:__NVIC_EnableIRQ	16	static
C:\Users\noe_9\Documents\MCUXpressoIDE_11.8.0_1165\workspace\freertos_can\CMSIS/core_cm4.h:1809:22:__NVIC_SetPriority	16	static
C:\Users\noe_9\Documents\MCUXpressoIDE_11.8.0_1165\workspace\freertos_can\drivers/fsl_common_arm.h:499:24:EnableIRQ	24	static
C:\Users\noe_9\Documents\MCUXpressoIDE_11.8.0_1165\workspace\freertos_can\drivers/fsl_flexcan.h:1482:24:FLEXCAN_GetMbStatusFlags	16	static
C:\Users\noe_9\Documents\MCUXpressoIDE_11.8.0_1165\workspace\freertos_can\drivers/fsl_flexcan.h:1504:20:FLEXCAN_ClearMbStatusFlags	16	static
C:\Users\noe_9\Documents\MCUXpressoIDE_11.8.0_1165\workspace\freertos_can\drivers/fsl_flexcan.h:1674:20:FLEXCAN_EnableMbInterrupts	16	static
../source/freertos_can.c:69:6:CAN0_ORed_Message_buffer_IRQHandler	8	static
../source/freertos_can.c:95:5:main	32	static
../source/freertos_can.c:144:13:can_tx_task	16	static
../source/freertos_can.c:160:13:can_rx_task	32	static
../source/freertos_can.c:177:6:can_init	64	static
../source/freertos_can.c:241:6:changeEndianess	24	static
