C:\Users\noe_9\Documents\MCUXpressoIDE_11.8.0_1165\workspace\freertos_hello\CMSIS/core_cm4.h:1679:22:__NVIC_EnableIRQ	16	static
C:\Users\noe_9\Documents\MCUXpressoIDE_11.8.0_1165\workspace\freertos_hello\drivers/fsl_common_arm.h:499:24:EnableIRQ	24	static
C:\Users\noe_9\Documents\MCUXpressoIDE_11.8.0_1165\workspace\freertos_hello\drivers/fsl_flexcan.h:1482:24:FLEXCAN_GetMbStatusFlags	16	static
C:\Users\noe_9\Documents\MCUXpressoIDE_11.8.0_1165\workspace\freertos_hello\drivers/fsl_flexcan.h:1504:20:FLEXCAN_ClearMbStatusFlags	16	static
C:\Users\noe_9\Documents\MCUXpressoIDE_11.8.0_1165\workspace\freertos_hello\drivers/fsl_flexcan.h:1674:20:FLEXCAN_EnableMbInterrupts	16	static
../source/freertos_hello.c:67:6:PORTA_IRQHandler	8	static
../source/freertos_hello.c:73:6:PORTC_IRQHandler	8	static
../source/freertos_hello.c:85:5:main	32	static
../source/freertos_hello.c:121:13:can_task	16	static
../source/freertos_hello.c:130:6:CAN0_ORed_Message_buffer_IRQHandler	16	static
../source/freertos_hello.c:149:6:can_init	64	static
../source/freertos_hello.c:213:6:changeEndianess	24	static
../source/freertos_hello.c:229:6:delay	24	static
