../lwip/port/sys_arch.c:69:6:sys_assert	16	static
../lwip/port/sys_arch.c:88:7:lwip_rand	4	static
../lwip/port/sys_arch.c:105:7:sys_mbox_new	24	static
../lwip/port/sys_arch.c:130:6:sys_mbox_free	24	static
../lwip/port/sys_arch.c:160:6:sys_mbox_post	16	static
../lwip/port/sys_arch.c:178:7:sys_mbox_trypost	24	static
../lwip/port/sys_arch.c:230:7:sys_mbox_trypost_fromisr	16	static
../lwip/port/sys_arch.c:260:7:sys_arch_mbox_fetch	48	static
../lwip/port/sys_arch.c:320:7:sys_arch_mbox_tryfetch	24	static
../lwip/port/sys_arch.c:356:7:sys_sem_new	24	static
../lwip/port/sys_arch.c:410:7:sys_arch_sem_wait	32	static
../lwip/port/sys_arch.c:450:7:sys_mutex_new	24	static
../lwip/port/sys_arch.c:471:6:sys_mutex_lock	16	static
../lwip/port/sys_arch.c:478:6:sys_mutex_unlock	16	static
../lwip/port/sys_arch.c:486:6:sys_mutex_free	16	static
../lwip/port/sys_arch.c:501:6:sys_sem_signal	16	static
../lwip/port/sys_arch.c:514:6:sys_sem_free	16	static
../lwip/port/sys_arch.c:526:6:sys_init	4	static
../lwip/port/sys_arch.c:530:7:sys_now	8	static
../lwip/port/sys_arch.c:553:14:sys_thread_new	48	static
../lwip/port/sys_arch.c:595:12:sys_arch_protect	24	static
../lwip/port/sys_arch.c:625:6:sys_arch_unprotect	24	static
