C:\ESE3810A_Noe_Ortiz\MQTT_K64\drivers/fsl_gpio.h:162:20:GPIO_PinWrite	24	static
../source/lwip_mqtt_freertos.c:182:6:initStation	8	static
../source/lwip_mqtt_freertos.c:186:6:delay	24	static
../source/lwip_mqtt_freertos.c:193:6:extractSubscribedData	8	static
../source/lwip_mqtt_freertos.c:213:6:getStateFeedback	16	static
../source/lwip_mqtt_freertos.c:222:6:mock_getPollution	16	static
../source/lwip_mqtt_freertos.c:240:6:mock_getRadiation	16	static
../source/lwip_mqtt_freertos.c:258:6:mock_getPrecipitation	16	static
../source/lwip_mqtt_freertos.c:276:6:mock_getWindSpeed	16	static
../source/lwip_mqtt_freertos.c:309:13:mqtt_topic_subscribed_cb	24	static
../source/lwip_mqtt_freertos.c:326:13:mqtt_incoming_publish_cb	32	static
../source/lwip_mqtt_freertos.c:338:13:mqtt_incoming_data_cb	32	static
../source/lwip_mqtt_freertos.c:368:13:mqtt_subscribe_topics	48	static
../source/lwip_mqtt_freertos.c:396:13:mqtt_connection_cb	32	static
../source/lwip_mqtt_freertos.c:442:13:connect_to_mqtt	24	static
../source/lwip_mqtt_freertos.c:455:13:mqtt_message_published_cb	24	static
../source/lwip_mqtt_freertos.c:472:13:publish_feedback	40	static
../source/lwip_mqtt_freertos.c:482:13:publish_pollution	40	static
../source/lwip_mqtt_freertos.c:492:13:publish_pyranometer	40	static
../source/lwip_mqtt_freertos.c:502:13:publish_pluviometer	40	static
../source/lwip_mqtt_freertos.c:512:13:publish_anemometer	40	static
../source/lwip_mqtt_freertos.c:524:13:app_thread	56	static
../source/lwip_mqtt_freertos.c:627:13:generate_client_id	48	static
../source/lwip_mqtt_freertos.c:650:13:stack_init	56	static
../source/lwip_mqtt_freertos.c:703:5:main	24	static
