Archive member included to satisfy reference by file (symbol)

c:/nxp/mcuxpressoide_11.8.0_1165/ide/plugins/com.nxp.mcuxpresso.tools.win32_11.8.0.202306131047/tools/bin/../lib/gcc/arm-none-eabi/12.2.1/../../../../arm-none-eabi/lib/thumb/v7e-m+fp/hard\libcr_nohost_nf.a(_cr__main.o)
                              ./startup/startup_mk64f12.o (__main)
c:/nxp/mcuxpressoide_11.8.0_1165/ide/plugins/com.nxp.mcuxpresso.tools.win32_11.8.0.202306131047/tools/bin/../lib/gcc/arm-none-eabi/12.2.1/../../../../arm-none-eabi/lib/thumb/v7e-m+fp/hard\libcr_c.a(memcpy.o)
                              ./utilities/fsl_str.o (memcpy)
c:/nxp/mcuxpressoide_11.8.0_1165/ide/plugins/com.nxp.mcuxpresso.tools.win32_11.8.0.202306131047/tools/bin/../lib/gcc/arm-none-eabi/12.2.1/../../../../arm-none-eabi/lib/thumb/v7e-m+fp/hard\libcr_c.a(memset.o)
                              ./utilities/fsl_debug_console.o (memset)
c:/nxp/mcuxpressoide_11.8.0_1165/ide/plugins/com.nxp.mcuxpresso.tools.win32_11.8.0.202306131047/tools/bin/../lib/gcc/arm-none-eabi/12.2.1/../../../../arm-none-eabi/lib/thumb/v7e-m+fp/hard\libcr_c.a(alloc.o)
                              ./drivers/fsl_common.o (malloc)
c:/nxp/mcuxpressoide_11.8.0_1165/ide/plugins/com.nxp.mcuxpresso.tools.win32_11.8.0.202306131047/tools/bin/../lib/gcc/arm-none-eabi/12.2.1/../../../../arm-none-eabi/lib/thumb/v7e-m+fp/hard\libcr_c.a(errno.o)
                              ./utilities/fsl_str.o (errno)
c:/nxp/mcuxpressoide_11.8.0_1165/ide/plugins/com.nxp.mcuxpresso.tools.win32_11.8.0.202306131047/tools/bin/../lib/gcc/arm-none-eabi/12.2.1/../../../../arm-none-eabi/lib/thumb/v7e-m+fp/hard\libcr_c.a(initio.o)
                              c:/nxp/mcuxpressoide_11.8.0_1165/ide/plugins/com.nxp.mcuxpresso.tools.win32_11.8.0.202306131047/tools/bin/../lib/gcc/arm-none-eabi/12.2.1/../../../../arm-none-eabi/lib/thumb/v7e-m+fp/hard\libcr_nohost_nf.a(_cr__main.o) (_initio)
c:/nxp/mcuxpressoide_11.8.0_1165/ide/plugins/com.nxp.mcuxpresso.tools.win32_11.8.0.202306131047/tools/bin/../lib/gcc/arm-none-eabi/12.2.1/../../../../arm-none-eabi/lib/thumb/v7e-m+fp/hard\libcr_c.a(scanf.o)
                              ./utilities/fsl_str.o (strtoul)
c:/nxp/mcuxpressoide_11.8.0_1165/ide/plugins/com.nxp.mcuxpresso.tools.win32_11.8.0.202306131047/tools/bin/../lib/gcc/arm-none-eabi/12.2.1/../../../../arm-none-eabi/lib/thumb/v7e-m+fp/hard\libcr_c.a(setvbuf.o)
                              c:/nxp/mcuxpressoide_11.8.0_1165/ide/plugins/com.nxp.mcuxpresso.tools.win32_11.8.0.202306131047/tools/bin/../lib/gcc/arm-none-eabi/12.2.1/../../../../arm-none-eabi/lib/thumb/v7e-m+fp/hard\libcr_c.a(initio.o) (setvbuf)
c:/nxp/mcuxpressoide_11.8.0_1165/ide/plugins/com.nxp.mcuxpresso.tools.win32_11.8.0.202306131047/tools/bin/../lib/gcc/arm-none-eabi/12.2.1/../../../../arm-none-eabi/lib/thumb/v7e-m+fp/hard\libcr_c.a(strlen.o)
                              ./utilities/fsl_str.o (strlen)
c:/nxp/mcuxpressoide_11.8.0_1165/ide/plugins/com.nxp.mcuxpresso.tools.win32_11.8.0.202306131047/tools/bin/../lib/gcc/arm-none-eabi/12.2.1/../../../../arm-none-eabi/lib/thumb/v7e-m+fp/hard\libcr_c.a(ungetc.o)
                              c:/nxp/mcuxpressoide_11.8.0_1165/ide/plugins/com.nxp.mcuxpresso.tools.win32_11.8.0.202306131047/tools/bin/../lib/gcc/arm-none-eabi/12.2.1/../../../../arm-none-eabi/lib/thumb/v7e-m+fp/hard\libcr_c.a(scanf.o) (ungetc)
c:/nxp/mcuxpressoide_11.8.0_1165/ide/plugins/com.nxp.mcuxpresso.tools.win32_11.8.0.202306131047/tools/bin/../lib/gcc/arm-none-eabi/12.2.1/../../../../arm-none-eabi/lib/thumb/v7e-m+fp/hard\libcr_c.a(__fillbuf.o)
                              c:/nxp/mcuxpressoide_11.8.0_1165/ide/plugins/com.nxp.mcuxpresso.tools.win32_11.8.0.202306131047/tools/bin/../lib/gcc/arm-none-eabi/12.2.1/../../../../arm-none-eabi/lib/thumb/v7e-m+fp/hard\libcr_c.a(scanf.o) (__filbuf)
c:/nxp/mcuxpressoide_11.8.0_1165/ide/plugins/com.nxp.mcuxpresso.tools.win32_11.8.0.202306131047/tools/bin/../lib/gcc/arm-none-eabi/12.2.1/../../../../arm-none-eabi/lib/thumb/v7e-m+fp/hard\libcr_c.a(__init_alloc.o)
                              c:/nxp/mcuxpressoide_11.8.0_1165/ide/plugins/com.nxp.mcuxpresso.tools.win32_11.8.0.202306131047/tools/bin/../lib/gcc/arm-none-eabi/12.2.1/../../../../arm-none-eabi/lib/thumb/v7e-m+fp/hard\libcr_c.a(alloc.o) (__heaps)
c:/nxp/mcuxpressoide_11.8.0_1165/ide/plugins/com.nxp.mcuxpresso.tools.win32_11.8.0.202306131047/tools/bin/../lib/gcc/arm-none-eabi/12.2.1/../../../../arm-none-eabi/lib/thumb/v7e-m+fp/hard\libcr_c.a(_cr_sbrk.o)
                              c:/nxp/mcuxpressoide_11.8.0_1165/ide/plugins/com.nxp.mcuxpresso.tools.win32_11.8.0.202306131047/tools/bin/../lib/gcc/arm-none-eabi/12.2.1/../../../../arm-none-eabi/lib/thumb/v7e-m+fp/hard\libcr_c.a(alloc.o) (_sbrk)
c:/nxp/mcuxpressoide_11.8.0_1165/ide/plugins/com.nxp.mcuxpresso.tools.win32_11.8.0.202306131047/tools/bin/../lib/gcc/arm-none-eabi/12.2.1/../../../../arm-none-eabi/lib/thumb/v7e-m+fp/hard\libcr_c.a(_deferredlazyseek.o)
[...]
Memory Configuration

Name             Origin             Length             Attributes
PROGRAM_FLASH    0x00000000         0x00100000         xr
SRAM_UPPER       0x20000000         0x00030000         xrw
SRAM_LOWER       0x1fff0000         0x00010000         xrw
FLEX_RAM         0x14000000         0x00001000         xrw
*default*        0x00000000         0xffffffff

Linker script and memory map

LOAD ./utilities/fsl_assert.o
LOAD ./utilities/fsl_debug_console.o
LOAD ./utilities/fsl_str.o
LOAD ./startup/startup_mk64f12.o
LOAD ./source/freertos_can.o
LOAD ./source/semihost_hardfault.o
LOAD ./freertos/freertos_kernel/portable/MemMang/heap_4.o
LOAD ./freertos/freertos_kernel/portable/GCC/ARM_CM4F/port.o
LOAD ./freertos/freertos_kernel/croutine.o
LOAD ./freertos/freertos_kernel/event_groups.o
LOAD ./freertos/freertos_kernel/list.o
LOAD ./freertos/freertos_kernel/queue.o
LOAD ./freertos/freertos_kernel/stream_buffer.o
LOAD ./freertos/freertos_kernel/tasks.o
LOAD ./freertos/freertos_kernel/timers.o
LOAD ./drivers/fsl_clock.o
LOAD ./drivers/fsl_common.o
LOAD ./drivers/fsl_common_arm.o
LOAD ./drivers/fsl_flexcan.o
LOAD ./drivers/fsl_ftfx_cache.o
LOAD ./drivers/fsl_ftfx_controller.o
LOAD ./drivers/fsl_ftfx_flash.o
LOAD ./drivers/fsl_ftfx_flexnvm.o
LOAD ./drivers/fsl_gpio.o
LOAD ./drivers/fsl_smc.o
LOAD ./drivers/fsl_uart.o
LOAD ./device/system_MK64F12.o
LOAD ./component/uart/fsl_adapter_uart.o
LOAD ./component/serial_manager/fsl_component_serial_manager.o
LOAD ./component/serial_manager/fsl_component_serial_port_uart.o
LOAD ./component/lists/fsl_component_generic_list.o
LOAD ./board/board.o
LOAD ./board/clock_config.o
LOAD ./board/pin_mux.o
START GROUP
LOAD c:/nxp/mcuxpressoide_11.8.0_1165/ide/plugins/com.nxp.mcuxpresso.tools.win32_11.8.0.202306131047/tools/bin/../lib/gcc/arm-none-eabi/12.2.1/../../../../arm-none-eabi/lib/thumb/v7e-m+fp/hard\libcr_nohost_nf.a
LOAD c:/nxp/mcuxpressoide_11.8.0_1165/ide/plugins/com.nxp.mcuxpresso.tools.win32_11.8.0.202306131047/tools/bin/../lib/gcc/arm-none-eabi/12.2.1/../../../../arm-none-eabi/lib/thumb/v7e-m+fp/hard\libcr_c.a
LOAD c:/nxp/mcuxpressoide_11.8.0_1165/ide/plugins/com.nxp.mcuxpresso.tools.win32_11.8.0.202306131047/tools/bin/../lib/gcc/arm-none-eabi/12.2.1/thumb/v7e-m+fp/hard\libcr_eabihelpers.a
LOAD c:/nxp/mcuxpressoide_11.8.0_1165/ide/plugins/com.nxp.mcuxpresso.tools.win32_11.8.0.202306131047/tools/bin/../lib/gcc/arm-none-eabi/12.2.1/thumb/v7e-m+fp/hard\libgcc.a
END GROUP
                0x00000000                __base_PROGRAM_FLASH = 0x0
                0x00000000                __base_Flash = 0x0
                0x00100000                __top_PROGRAM_FLASH = 0x100000
                0x00100000                __top_Flash = 0x100000
                0x20000000                __base_SRAM_UPPER = 0x20000000
                0x20000000                __base_RAM = 0x20000000
                0x20030000                __top_SRAM_UPPER = 0x20030000
                0x20030000                __top_RAM = 0x20030000
                0x1fff0000                __base_SRAM_LOWER = 0x1fff0000
                0x1fff0000                __base_RAM2 = 0x1fff0000
                0x20000000                __top_SRAM_LOWER = 0x20000000
                0x20000000                __top_RAM2 = 0x20000000
                0x14000000                __base_FLEX_RAM = 0x14000000
                0x14000000                __base_RAM3 = 0x14000000
                0x14001000                __top_FLEX_RAM = 0x14001000
                0x14001000                __top_RAM3 = 0x14001000

.text           0x00000000     0x6db0
 FILL mask 0xff
                0x00000000                __vectors_start__ = ABSOLUTE (.)
 *(SORT_BY_ALIGNMENT(.isr_vector))
 .isr_vector    0x00000000      0x198 ./startup/startup_mk64f12.o
                0x00000000                g_pfnVectors
                0x00000000                __Vectors
                0x00000198                . = ALIGN (0x4)
                0x00000198                __section_table_start = .
                0x00000198                __data_section_table = .
                0x00000198        0x4 LONG 0x6db0 LOADADDR (.data)
                0x0000019c        0x4 LONG 0x20000000 ADDR (.data)
                0x000001a0        0x4 LONG 0x18 SIZEOF (.data)
                0x000001a4        0x4 LONG 0x6db0 LOADADDR (.data_RAM2)
                0x000001a8        0x4 LONG 0x1fff0000 ADDR (.data_RAM2)
                0x000001ac        0x4 LONG 0x0 SIZEOF (.data_RAM2)
                0x000001b0        0x4 LONG 0x6db0 LOADADDR (.data_RAM3)
                0x000001b4        0x4 LONG 0x14000000 ADDR (.data_RAM3)
                0x000001b8        0x4 LONG 0x0 SIZEOF (.data_RAM3)
                0x000001bc                __data_section_table_end = .
                0x000001bc                __bss_section_table = .
                0x000001bc        0x4 LONG 0x20000018 ADDR (.bss)
                0x000001c0        0x4 LONG 0x2ad8 SIZEOF (.bss)
                0x000001c4        0x4 LONG 0x1fff0000 ADDR (.bss_RAM2)
                0x000001c8        0x4 LONG 0x0 SIZEOF (.bss_RAM2)
                0x000001cc        0x4 LONG 0x14000000 ADDR (.bss_RAM3)
                0x000001d0        0x4 LONG 0x0 SIZEOF (.bss_RAM3)
                0x000001d4                __bss_section_table_end = .
                0x000001d4                __section_table_end = .
 *(SORT_BY_ALIGNMENT(.after_vectors*))
 .after_vectors.reset
                0x000001d4       0x4c ./startup/startup_mk64f12.o
                0x000001d4                ResetISR
 .after_vectors.init_data
                0x00000220       0x1e ./startup/startup_mk64f12.o
                0x00000220                data_init
 .after_vectors.init_bss
                0x0000023e       0x12 ./startup/startup_mk64f12.o
                0x0000023e                bss_init
 .after_vectors
                0x00000250       0x14 ./startup/startup_mk64f12.o
                0x00000250                NMI_Handler
                0x00000254                MemManage_Handler
                0x00000256                BusFault_Handler
                0x00000258                UsageFault_Handler
                0x0000025c                DebugMon_Handler
                0x00000262                LPTMR0_DriverIRQHandler
                0x00000262                DMA_Error_DriverIRQHandler
                0x00000262                SPI1_DriverIRQHandler
                0x00000262                FTM1_DriverIRQHandler
                0x00000262                FTM2_DriverIRQHandler
                0x00000262                PIT2_DriverIRQHandler
                0x00000262                SDHC_DriverIRQHandler
                0x00000262                I2S0_Tx_DriverIRQHandler
                0x00000262                RTC_Seconds_DriverIRQHandler
                0x00000262                DMA6_DriverIRQHandler
                0x00000262                LLWU_DriverIRQHandler
                0x00000262                MCM_DriverIRQHandler
                0x00000262                MCG_DriverIRQHandler
                0x00000262                ENET_1588_Timer_DriverIRQHandler
                0x00000262                I2C2_DriverIRQHandler
                0x00000262                DAC1_DriverIRQHandler
                0x00000262                DMA12_DriverIRQHandler
                0x00000262                CMP1_DriverIRQHandler
                0x00000262                FTM0_DriverIRQHandler
                0x00000262                IntDefaultHandler
                0x00000262                USB0_DriverIRQHandler
                0x00000262                UART5_ERR_DriverIRQHandler
                0x00000262                PORTC_DriverIRQHandler
                0x00000262                DMA11_DriverIRQHandler
                0x00000262                DAC0_DriverIRQHandler
                0x00000262                DMA10_DriverIRQHandler
                0x00000262                CMP2_DriverIRQHandler
                0x00000262                UART2_ERR_DriverIRQHandler
                0x00000262                SPI2_DriverIRQHandler
                0x00000262                LVD_LVW_DriverIRQHandler
                0x00000262                PIT0_DriverIRQHandler
                0x00000262                PORTB_DriverIRQHandler
                0x00000262                DMA5_DriverIRQHandler
                0x00000262                DMA4_DriverIRQHandler
                0x00000262                USBDCD_DriverIRQHandler
                0x00000262                UART3_ERR_DriverIRQHandler
                0x00000262                DMA3_DriverIRQHandler
                0x00000262                DMA8_DriverIRQHandler
                0x00000262                DMA9_DriverIRQHandler
                0x00000262                UART0_ERR_DriverIRQHandler
                0x00000262                CMT_DriverIRQHandler
                0x00000262                Reserved71_DriverIRQHandler
                0x00000262                ADC1_DriverIRQHandler
                0x00000262                PORTA_DriverIRQHandler
                0x00000262                DMA14_DriverIRQHandler
                0x00000262                PIT3_DriverIRQHandler
                0x00000262                PIT1_DriverIRQHandler
                0x00000262                WDOG_EWM_DriverIRQHandler
                0x00000262                PDB0_DriverIRQHandler
                0x00000262                RTC_DriverIRQHandler
                0x00000262                I2S0_Rx_DriverIRQHandler
                0x00000262                Read_Collision_DriverIRQHandler
                0x00000262                SWI_DriverIRQHandler
                0x00000262                UART4_ERR_DriverIRQHandler
                0x00000262                DMA0_DriverIRQHandler
                0x00000262                UART0_LON_DriverIRQHandler
                0x00000262                DMA1_DriverIRQHandler
                0x00000262                I2C1_DriverIRQHandler
                0x00000262                ENET_Receive_DriverIRQHandler
                0x00000262                DMA13_DriverIRQHandler
                0x00000262                ENET_Error_DriverIRQHandler
                0x00000262                DMA15_DriverIRQHandler
                0x00000262                SPI0_DriverIRQHandler
                0x00000262                ADC0_DriverIRQHandler
                0x00000262                CMP0_DriverIRQHandler
                0x00000262                FTM3_DriverIRQHandler
                0x00000262                RNG_DriverIRQHandler
                0x00000262                UART1_ERR_DriverIRQHandler
                0x00000262                DMA2_DriverIRQHandler
                0x00000262                ENET_Transmit_DriverIRQHandler
                0x00000262                PORTD_DriverIRQHandler
                0x00000262                PORTE_DriverIRQHandler
                0x00000262                FTFE_DriverIRQHandler
                0x00000262                I2C0_DriverIRQHandler
                0x00000262                DMA7_DriverIRQHandler
                0x00000400                . = 0x400
 *fill*         0x00000264      0x19c ff
                0x00000400                PROVIDE (__FLASH_CONFIG_START__ = .)
 *(SORT_BY_ALIGNMENT(.FlashConfig))
 .FlashConfig   0x00000400       0x10 ./startup/startup_mk64f12.o
                0x00000400                Flash_Config
                0x00000410                PROVIDE (__FLASH_CONFIG_END__ = .)
                0x00000001                ASSERT (! ((__FLASH_CONFIG_START__ == __FLASH_CONFIG_END__)), Linker Flash Config Support Enabled, but no .FlashConfig section provided within application)
 *(SORT_BY_ALIGNMENT(.text*))
 .text.SVC_Handler
                0x00000410       0x28 ./freertos/freertos_kernel/portable/GCC/ARM_CM4F/port.o
                0x00000410                SVC_Handler
 *fill*         0x00000438        0x8 ff
 .text.PendSV_Handler
                0x00000440       0x68 ./freertos/freertos_kernel/portable/GCC/ARM_CM4F/port.o
                0x00000440                PendSV_Handler
 .text.__assertion_failed
                0x000004a8       0x18 ./utilities/fsl_assert.o
                0x000004a8                __assertion_failed
 .text.DbgConsole_SendDataReliable
                0x000004c0       0x54 ./utilities/fsl_debug_console.o
                0x000004c0                DbgConsole_SendDataReliable
 .text.DbgConsole_Init
                0x00000514      0x118 ./utilities/fsl_debug_console.o
                0x00000514                DbgConsole_Init
 .text.DbgConsole_Vprintf
                0x0000062c       0x6c ./utilities/fsl_debug_console.o
                0x0000062c                DbgConsole_Vprintf
 .text.__NVIC_EnableIRQ
                0x00000698       0x3c ./source/freertos_can.o
 .text.__NVIC_SetPriority
                0x000006d4       0x54 ./source/freertos_can.o
 .text.CAN0_ORed_Message_buffer_IRQHandler
                0x00000728       0x94 ./source/freertos_can.o
                0x00000728                CAN0_ORed_Message_buffer_IRQHandler
 .text.main     0x000007bc       0xc0 ./source/freertos_can.o
                0x000007bc                main
 .text.can_tx_task
                0x0000087c       0x54 ./source/freertos_can.o
 .text.can_rx_task
                0x000008d0       0x60 ./source/freertos_can.o
 .text.can_init
                0x00000930       0xe8 ./source/freertos_can.o
                0x00000930                can_init
 .text.pvPortMalloc
                0x00000a18      0x1c0 ./freertos/freertos_kernel/portable/MemMang/heap_4.o
                0x00000a18                pvPortMalloc
 .text.vPortFree
                0x00000bd8       0xc4 ./freertos/freertos_kernel/portable/MemMang/heap_4.o
                0x00000bd8                vPortFree
 .text.prvHeapInit
                0x00000c9c       0xc4 ./freertos/freertos_kernel/portable/MemMang/heap_4.o
 .text.prvInsertBlockIntoFreeList
                0x00000d60       0xb4 ./freertos/freertos_kernel/portable/MemMang/heap_4.o
 .text.pxPortInitialiseStack
                0x00000e14       0x68 ./freertos/freertos_kernel/portable/GCC/ARM_CM4F/port.o
                0x00000e14                pxPortInitialiseStack
 .text.prvTaskExitError
                0x00000e7c       0x58 ./freertos/freertos_kernel/portable/GCC/ARM_CM4F/port.o
 .text.prvPortStartFirstTask
                0x00000ed4       0x2c ./freertos/freertos_kernel/portable/GCC/ARM_CM4F/port.o
 .text.xPortStartScheduler
                0x00000f00      0x144 ./freertos/freertos_kernel/portable/GCC/ARM_CM4F/port.o
                0x00000f00                xPortStartScheduler
 .text.vPortEnterCritical
                0x00001044       0x60 ./freertos/freertos_kernel/portable/GCC/ARM_CM4F/port.o
                0x00001044                vPortEnterCritical
 .text.vPortExitCritical
                0x000010a4       0x54 ./freertos/freertos_kernel/portable/GCC/ARM_CM4F/port.o
                0x000010a4                vPortExitCritical
 .text.SysTick_Handler
                0x000010f8       0x44 ./freertos/freertos_kernel/portable/GCC/ARM_CM4F/port.o
                0x000010f8                SysTick_Handler
 .text.vPortSetupTimerInterrupt
                0x0000113c       0x48 ./freertos/freertos_kernel/portable/GCC/ARM_CM4F/port.o
                0x0000113c                vPortSetupTimerInterrupt
 .text.vPortEnableVFP
                0x00001184       0x18 ./freertos/freertos_kernel/portable/GCC/ARM_CM4F/port.o
 .text.vPortValidateInterruptPriority
                0x0000119c       0x80 ./freertos/freertos_kernel/portable/GCC/ARM_CM4F/port.o
                0x0000119c                vPortValidateInterruptPriority
 .text.xQueueGenericReset
                0x0000121c       0xd0 ./freertos/freertos_kernel/queue.o
                0x0000121c                xQueueGenericReset
 .text.xQueueGenericSend
                0x000012ec      0x1fc ./freertos/freertos_kernel/queue.o
                0x000012ec                xQueueGenericSend
 .text.xQueueReceive
                0x000014e8      0x1c0 ./freertos/freertos_kernel/queue.o
                0x000014e8                xQueueReceive
 .text.vQueueAddToRegistry
                0x000016a8       0x54 ./freertos/freertos_kernel/queue.o
                0x000016a8                vQueueAddToRegistry
 .text.prvAddNewTaskToReadyList
                0x000016fc       0xdc ./freertos/freertos_kernel/tasks.o
 .text.vTaskDelay
                0x000017d8       0x68 ./freertos/freertos_kernel/tasks.o
                0x000017d8                vTaskDelay
 .text.vTaskStartScheduler
                0x00001840       0xa4 ./freertos/freertos_kernel/tasks.o
                0x00001840                vTaskStartScheduler
 .text.vTaskSuspendAll
                0x000018e4       0x1c ./freertos/freertos_kernel/tasks.o
                0x000018e4                vTaskSuspendAll
 .text.xTaskResumeAll
                0x00001900      0x138 ./freertos/freertos_kernel/tasks.o
                0x00001900                xTaskResumeAll
 .text.xTaskGetTickCount
                0x00001a38       0x20 ./freertos/freertos_kernel/tasks.o
                0x00001a38                xTaskGetTickCount
 .text.xTaskIncrementTick
                0x00001a58      0x154 ./freertos/freertos_kernel/tasks.o
                0x00001a58                xTaskIncrementTick
 .text.vTaskSwitchContext
                0x00001bac       0xb8 ./freertos/freertos_kernel/tasks.o
                0x00001bac                vTaskSwitchContext
 .text.vTaskPlaceOnEventList
                0x00001c64       0x48 ./freertos/freertos_kernel/tasks.o
                0x00001c64                vTaskPlaceOnEventList
 .text.vTaskPlaceOnEventListRestricted
                0x00001cac       0x58 ./freertos/freertos_kernel/tasks.o
                0x00001cac                vTaskPlaceOnEventListRestricted
 .text.xTaskRemoveFromEventList
                0x00001d04       0xc4 ./freertos/freertos_kernel/tasks.o
                0x00001d04                xTaskRemoveFromEventList
 .text.vTaskInternalSetTimeOutState
                0x00001dc8       0x2c ./freertos/freertos_kernel/tasks.o
                0x00001dc8                vTaskInternalSetTimeOutState
 .text.xTaskCheckForTimeOut
                0x00001df4       0xcc ./freertos/freertos_kernel/tasks.o
                0x00001df4                xTaskCheckForTimeOut
 .text.vTaskMissedYield
                0x00001ec0       0x18 ./freertos/freertos_kernel/tasks.o
                0x00001ec0                vTaskMissedYield
 .text.prvIdleTask
                0x00001ed8       0x30 ./freertos/freertos_kernel/tasks.o
 .text.prvInitialiseTaskLists
                0x00001f08       0x80 ./freertos/freertos_kernel/tasks.o
 .text.prvCheckTasksWaitingTermination
                0x00001f88       0x5c ./freertos/freertos_kernel/tasks.o
 .text.prvResetNextTaskUnblockTime
                0x00001fe4       0x38 ./freertos/freertos_kernel/tasks.o
 .text.xTaskGetSchedulerState
                0x0000201c       0x3c ./freertos/freertos_kernel/tasks.o
                0x0000201c                xTaskGetSchedulerState
 .text.xTaskPriorityDisinherit
                0x00002058       0xf4 ./freertos/freertos_kernel/tasks.o
                0x00002058                xTaskPriorityDisinherit
 .text.prvAddCurrentTaskToDelayedList
                0x0000214c       0xcc ./freertos/freertos_kernel/tasks.o
 .text.xTimerCreateTimerTask
                0x00002218       0x64 ./freertos/freertos_kernel/timers.o
                0x00002218                xTimerCreateTimerTask
 .text.xTimerGenericCommand
                0x0000227c       0x9c ./freertos/freertos_kernel/timers.o
                0x0000227c                xTimerGenericCommand
 .text.prvProcessExpiredTimer
                0x00002318       0x98 ./freertos/freertos_kernel/timers.o
 .text.prvProcessTimerOrBlockTask
                0x000023b0       0x9c ./freertos/freertos_kernel/timers.o
 .text.prvGetNextExpireTime
                0x0000244c       0x48 ./freertos/freertos_kernel/timers.o
 .text.prvSampleTimeNow
                0x00002494       0x40 ./freertos/freertos_kernel/timers.o
 .text.prvInsertTimerInActiveList
                0x000024d4       0x84 ./freertos/freertos_kernel/timers.o
 .text.prvProcessReceivedCommands
                0x00002558      0x1c4 ./freertos/freertos_kernel/timers.o
 .text.prvSwitchTimerLists
                0x0000271c       0xc8 ./freertos/freertos_kernel/timers.o
 .text.prvCheckForValidListAndQueue
                0x000027e4       0x6c ./freertos/freertos_kernel/timers.o
 .text.CLOCK_SetEr32kClock
                0x00002850       0x30 ./drivers/fsl_clock.o
 .text.CLOCK_SetPllFllSelClock
                0x00002880       0x38 ./drivers/fsl_clock.o
 .text.CLOCK_GetMcgExtClkFreq
                0x000028b8       0x7c ./drivers/fsl_clock.o
 .text.CLOCK_GetFllExtRefClkFreq
                0x00002934       0xb0 ./drivers/fsl_clock.o
 .text.CLOCK_GetInternalRefClkSelectFreq
                0x000029e4       0x4c ./drivers/fsl_clock.o
 .text.CLOCK_GetFllRefClkFreq
                0x00002a30       0x34 ./drivers/fsl_clock.o
 .text.CLOCK_GetOscRangeFromFreq
                0x00002a64       0x3c ./drivers/fsl_clock.o
 .text.CLOCK_GetOsc0ErClkFreq
                0x00002aa0       0x44 ./drivers/fsl_clock.o
                0x00002aa0                CLOCK_GetOsc0ErClkFreq
 .text.CLOCK_GetEr32kClkFreq
                0x00002ae4       0x74 ./drivers/fsl_clock.o
                0x00002ae4                CLOCK_GetEr32kClkFreq
 .text.CLOCK_GetPllFllSelClkFreq
                0x00002b58       0x54 ./drivers/fsl_clock.o
                0x00002b58                CLOCK_GetPllFllSelClkFreq
 .text.CLOCK_GetCoreSysClkFreq
                0x00002bac       0x28 ./drivers/fsl_clock.o
                0x00002bac                CLOCK_GetCoreSysClkFreq
 .text.CLOCK_GetFreq
                0x00002bd4      0x140 ./drivers/fsl_clock.o
                0x00002bd4                CLOCK_GetFreq
 .text.CLOCK_SetSimConfig
                0x00002d14       0x34 ./drivers/fsl_clock.o
                0x00002d14                CLOCK_SetSimConfig
 .text.CLOCK_GetOutClkFreq
                0x00002d48       0x64 ./drivers/fsl_clock.o
                0x00002d48                CLOCK_GetOutClkFreq
 .text.CLOCK_GetFllFreq
                0x00002dac       0x84 ./drivers/fsl_clock.o
                0x00002dac                CLOCK_GetFllFreq
 .text.CLOCK_GetInternalRefClkFreq
                0x00002e30       0x30 ./drivers/fsl_clock.o
                0x00002e30                CLOCK_GetInternalRefClkFreq
 .text.CLOCK_GetPll0Freq
                0x00002e60       0x78 ./drivers/fsl_clock.o
                0x00002e60                CLOCK_GetPll0Freq
 .text.CLOCK_SetExternalRefClkConfig
                0x00002ed8       0x6c ./drivers/fsl_clock.o
                0x00002ed8                CLOCK_SetExternalRefClkConfig
 .text.CLOCK_SetInternalRefClkConfig
                0x00002f44      0x104 ./drivers/fsl_clock.o
                0x00002f44                CLOCK_SetInternalRefClkConfig
 .text.CLOCK_EnablePll0
                0x00003048       0x88 ./drivers/fsl_clock.o
                0x00003048                CLOCK_EnablePll0
 .text.CLOCK_InitOsc0
                0x000030d0       0x8c ./drivers/fsl_clock.o
                0x000030d0                CLOCK_InitOsc0
 .text.CLOCK_SetPbeMode
                0x0000315c       0xa8 ./drivers/fsl_clock.o
                0x0000315c                CLOCK_SetPbeMode
 .text.CLOCK_BootToPeeMode
                0x00003204       0x64 ./drivers/fsl_clock.o
                0x00003204                CLOCK_BootToPeeMode
 .text.FLEXCAN_GetInstance
                0x00003268       0x44 ./drivers/fsl_flexcan.o
                0x00003268                FLEXCAN_GetInstance
 .text.FLEXCAN_Reset
                0x000032ac       0xbc ./drivers/fsl_flexcan.o
 .text.FLEXCAN_SetBitRate
                0x00003368       0xb0 ./drivers/fsl_flexcan.o
 .text.FLEXCAN_Init
                0x00003418      0x1a0 ./drivers/fsl_flexcan.o
                0x00003418                FLEXCAN_Init
 .text.FLEXCAN_GetDefaultConfig
                0x000035b8       0x88 ./drivers/fsl_flexcan.o
                0x000035b8                FLEXCAN_GetDefaultConfig
 .text.FLEXCAN_SetTimingConfig
                0x00003640       0x7c ./drivers/fsl_flexcan.o
                0x00003640                FLEXCAN_SetTimingConfig
 .text.FLEXCAN_SetTxMbConfig
                0x000036bc       0xa4 ./drivers/fsl_flexcan.o
                0x000036bc                FLEXCAN_SetTxMbConfig
 .text.FLEXCAN_GetSegments
                0x00003760      0x19c ./drivers/fsl_flexcan.o
 .text.FLEXCAN_CalculateImprovedTimingValues
                0x000038fc      0x10c ./drivers/fsl_flexcan.o
                0x000038fc                FLEXCAN_CalculateImprovedTimingValues
 .text.FLEXCAN_SetRxMbConfig
                0x00003a08       0xf8 ./drivers/fsl_flexcan.o
                0x00003a08                FLEXCAN_SetRxMbConfig
 .text.FLEXCAN_ReadRxMb
                0x00003b00      0x124 ./drivers/fsl_flexcan.o
                0x00003b00                FLEXCAN_ReadRxMb
 .text.CAN0_DriverIRQHandler
                0x00003c24       0x3c ./drivers/fsl_flexcan.o
                0x00003c24                CAN0_DriverIRQHandler
 .text.UART_GetInstance
                0x00003c60       0x54 ./drivers/fsl_uart.o
                0x00003c60                UART_GetInstance
 .text.UART_Init
                0x00003cb4      0x2f4 ./drivers/fsl_uart.o
                0x00003cb4                UART_Init
 .text.UART_GetDefaultConfig
                0x00003fa8       0x68 ./drivers/fsl_uart.o
                0x00003fa8                UART_GetDefaultConfig
 .text.UART0_DriverIRQHandler
                0x00004010       0x28 ./drivers/fsl_uart.o
                0x00004010                UART0_DriverIRQHandler
 .text.UART1_DriverIRQHandler
                0x00004038       0x28 ./drivers/fsl_uart.o
                0x00004038                UART1_DriverIRQHandler
 .text.UART2_DriverIRQHandler
                0x00004060       0x28 ./drivers/fsl_uart.o
                0x00004060                UART2_DriverIRQHandler
 .text.UART3_DriverIRQHandler
                0x00004088       0x28 ./drivers/fsl_uart.o
                0x00004088                UART3_DriverIRQHandler
 .text.UART4_DriverIRQHandler
                0x000040b0       0x28 ./drivers/fsl_uart.o
                0x000040b0                UART4_DriverIRQHandler
 .text.UART5_DriverIRQHandler
                0x000040d8       0x28 ./drivers/fsl_uart.o
                0x000040d8                UART5_DriverIRQHandler
 .text.SystemInit
                0x00004100       0x3c ./device/system_MK64F12.o
                0x00004100                SystemInit
 .text.HAL_UartInit
                0x0000413c      0x128 ./component/uart/fsl_adapter_uart.o
                0x0000413c                HAL_UartInit
 .text.HAL_UartSendBlocking
                0x00004264       0x64 ./component/uart/fsl_adapter_uart.o
                0x00004264                HAL_UartSendBlocking
 .text.CLOCK_SetSimSafeDivs
                0x000042c8       0x20 ./board/clock_config.o
 .text.CLOCK_SetXtal0Freq
                0x000042e8       0x20 ./board/clock_config.o
 .text.CLOCK_CONFIG_SetFllExtRefDiv
                0x00004308       0x3c ./board/clock_config.o
 .text.BOARD_BootClockRUN
                0x00004344       0x60 ./board/clock_config.o
                0x00004344                BOARD_BootClockRUN
 .text.PORT_SetPinConfig
                0x000043a4       0x38 ./board/pin_mux.o
 .text.BOARD_InitPins
                0x000043dc       0xf8 ./board/pin_mux.o
                0x000043dc                BOARD_InitPins
 .text._initio  0x000044d4       0x78 c:/nxp/mcuxpressoide_11.8.0_1165/ide/plugins/com.nxp.mcuxpresso.tools.win32_11.8.0.202306131047/tools/bin/../lib/gcc/arm-none-eabi/12.2.1/../../../../arm-none-eabi/lib/thumb/v7e-m+fp/hard\libcr_c.a(initio.o)
                0x000044d4                _initio
 .text._Cwritebuf
                0x0000454c       0x6c c:/nxp/mcuxpressoide_11.8.0_1165/ide/plugins/com.nxp.mcuxpresso.tools.win32_11.8.0.202306131047/tools/bin/../lib/gcc/arm-none-eabi/12.2.1/../../../../arm-none-eabi/lib/thumb/v7e-m+fp/hard\libcr_c.a(_writebuf.o)
                0x0000454c                _Cwritebuf
 .text.fflush   0x000045b8       0x3c c:/nxp/mcuxpressoide_11.8.0_1165/ide/plugins/com.nxp.mcuxpresso.tools.win32_11.8.0.202306131047/tools/bin/../lib/gcc/arm-none-eabi/12.2.1/../../../../arm-none-eabi/lib/thumb/v7e-m+fp/hard\libcr_c.a(fflush.o)
                0x000045b8                fflush
 .text.fseek    0x000045f4       0xf8 c:/nxp/mcuxpressoide_11.8.0_1165/ide/plugins/com.nxp.mcuxpresso.tools.win32_11.8.0.202306131047/tools/bin/../lib/gcc/arm-none-eabi/12.2.1/../../../../arm-none-eabi/lib/thumb/v7e-m+fp/hard\libcr_c.a(fseek.o)
                0x000045f4                fseek
 .text.ftell    0x000046ec       0x44 c:/nxp/mcuxpressoide_11.8.0_1165/ide/plugins/com.nxp.mcuxpresso.tools.win32_11.8.0.202306131047/tools/bin/../lib/gcc/arm-none-eabi/12.2.1/../../../../arm-none-eabi/lib/thumb/v7e-m+fp/hard\libcr_c.a(ftell.o)
                0x000046ec                ftell
 .text.DbgConsole_PrintCallback
                0x00004730       0x66 ./utilities/fsl_debug_console.o
 .text.DbgConsole_Printf
                0x00004796       0x2c ./utilities/fsl_debug_console.o
                0x00004796                DbgConsole_Printf
 .text.PrintGetWidth
                0x000047c2       0x6a ./utilities/fsl_str.o
 .text.PrintGetPrecision
                0x0000482c       0x8c ./utilities/fsl_str.o
 .text.PrintIsobpu
                0x000048b8       0x38 ./utilities/fsl_str.o
 .text.PrintIsdi
                0x000048f0       0x2c ./utilities/fsl_str.o
 .text.PrintOutputdifFobpu
                0x0000491c       0x44 ./utilities/fsl_str.o
 .text.PrintOutputxX
                0x00004960       0x44 ./utilities/fsl_str.o
 .text.PrintIsfF
                0x000049a4       0x2c ./utilities/fsl_str.o
 .text.PrintIsxX
                0x000049d0       0x2c ./utilities/fsl_str.o
 .text.PrintFilterLengthFlag
                0x000049fc       0x3e ./utilities/fsl_str.o
 .text.PrintGetRadixFromobpu
                0x00004a3a       0x40 ./utilities/fsl_str.o
 .text.ConvertRadixNumToString
                0x00004a7a       0xc2 ./utilities/fsl_str.o
 .text.StrFormatPrintf
                0x00004b3c      0x2ac ./utilities/fsl_str.o
                0x00004b3c                StrFormatPrintf
 .text.DMA0_IRQHandler
                0x00004de8        0x8 ./startup/startup_mk64f12.o
                0x00004de8                DMA0_IRQHandler
 .text.DMA1_IRQHandler
                0x00004df0        0x8 ./startup/startup_mk64f12.o
                0x00004df0                DMA1_IRQHandler
 .text.DMA2_IRQHandler
                0x00004df8        0x8 ./startup/startup_mk64f12.o
                0x00004df8                DMA2_IRQHandler
 .text.DMA3_IRQHandler
                0x00004e00        0x8 ./startup/startup_mk64f12.o
                0x00004e00                DMA3_IRQHandler
 .text.DMA4_IRQHandler
                0x00004e08        0x8 ./startup/startup_mk64f12.o
                0x00004e08                DMA4_IRQHandler
 .text.DMA5_IRQHandler
                0x00004e10        0x8 ./startup/startup_mk64f12.o
                0x00004e10                DMA5_IRQHandler
 .text.DMA6_IRQHandler
                0x00004e18        0x8 ./startup/startup_mk64f12.o
                0x00004e18                DMA6_IRQHandler
 .text.DMA7_IRQHandler
                0x00004e20        0x8 ./startup/startup_mk64f12.o
                0x00004e20                DMA7_IRQHandler
 .text.DMA8_IRQHandler
                0x00004e28        0x8 ./startup/startup_mk64f12.o
                0x00004e28                DMA8_IRQHandler
 .text.DMA9_IRQHandler
                0x00004e30        0x8 ./startup/startup_mk64f12.o
                0x00004e30                DMA9_IRQHandler
 .text.DMA10_IRQHandler
                0x00004e38        0x8 ./startup/startup_mk64f12.o
                0x00004e38                DMA10_IRQHandler
 .text.DMA11_IRQHandler
                0x00004e40        0x8 ./startup/startup_mk64f12.o
                0x00004e40                DMA11_IRQHandler
 .text.DMA12_IRQHandler
                0x00004e48        0x8 ./startup/startup_mk64f12.o
                0x00004e48                DMA12_IRQHandler
 .text.DMA13_IRQHandler
                0x00004e50        0x8 ./startup/startup_mk64f12.o
                0x00004e50                DMA13_IRQHandler
 .text.DMA14_IRQHandler
                0x00004e58        0x8 ./startup/startup_mk64f12.o
                0x00004e58                DMA14_IRQHandler
 .text.DMA15_IRQHandler
                0x00004e60        0x8 ./startup/startup_mk64f12.o
                0x00004e60                DMA15_IRQHandler
 .text.DMA_Error_IRQHandler
                0x00004e68        0x8 ./startup/startup_mk64f12.o
                0x00004e68                DMA_Error_IRQHandler
 .text.MCM_IRQHandler
                0x00004e70        0x8 ./startup/startup_mk64f12.o
                0x00004e70                MCM_IRQHandler
 .text.FTFE_IRQHandler
                0x00004e78        0x8 ./startup/startup_mk64f12.o
                0x00004e78                FTFE_IRQHandler
 .text.Read_Collision_IRQHandler
                0x00004e80        0x8 ./startup/startup_mk64f12.o
                0x00004e80                Read_Collision_IRQHandler
 .text.LVD_LVW_IRQHandler
                0x00004e88        0x8 ./startup/startup_mk64f12.o
                0x00004e88                LVD_LVW_IRQHandler
 .text.LLWU_IRQHandler
                0x00004e90        0x8 ./startup/startup_mk64f12.o
                0x00004e90                LLWU_IRQHandler
 .text.WDOG_EWM_IRQHandler
                0x00004e98        0x8 ./startup/startup_mk64f12.o
                0x00004e98                WDOG_EWM_IRQHandler
 .text.RNG_IRQHandler
                0x00004ea0        0x8 ./startup/startup_mk64f12.o
                0x00004ea0                RNG_IRQHandler
 .text.I2C0_IRQHandler
                0x00004ea8        0x8 ./startup/startup_mk64f12.o
                0x00004ea8                I2C0_IRQHandler
 .text.I2C1_IRQHandler
                0x00004eb0        0x8 ./startup/startup_mk64f12.o
                0x00004eb0                I2C1_IRQHandler
 .text.SPI0_IRQHandler
                0x00004eb8        0x8 ./startup/startup_mk64f12.o
                0x00004eb8                SPI0_IRQHandler
 .text.SPI1_IRQHandler
                0x00004ec0        0x8 ./startup/startup_mk64f12.o
                0x00004ec0                SPI1_IRQHandler
 .text.I2S0_Tx_IRQHandler
                0x00004ec8        0x8 ./startup/startup_mk64f12.o
                0x00004ec8                I2S0_Tx_IRQHandler
 .text.I2S0_Rx_IRQHandler
                0x00004ed0        0x8 ./startup/startup_mk64f12.o
                0x00004ed0                I2S0_Rx_IRQHandler
 .text.UART0_LON_IRQHandler
                0x00004ed8        0x8 ./startup/startup_mk64f12.o
                0x00004ed8                UART0_LON_IRQHandler
 .text.UART0_RX_TX_IRQHandler
                0x00004ee0        0x8 ./startup/startup_mk64f12.o
                0x00004ee0                UART0_RX_TX_IRQHandler
 .text.UART0_ERR_IRQHandler
                0x00004ee8        0x8 ./startup/startup_mk64f12.o
                0x00004ee8                UART0_ERR_IRQHandler
 .text.UART1_RX_TX_IRQHandler
                0x00004ef0        0x8 ./startup/startup_mk64f12.o
                0x00004ef0                UART1_RX_TX_IRQHandler
 .text.UART1_ERR_IRQHandler
                0x00004ef8        0x8 ./startup/startup_mk64f12.o
                0x00004ef8                UART1_ERR_IRQHandler
 .text.UART2_RX_TX_IRQHandler
                0x00004f00        0x8 ./startup/startup_mk64f12.o
                0x00004f00                UART2_RX_TX_IRQHandler
 .text.UART2_ERR_IRQHandler
                0x00004f08        0x8 ./startup/startup_mk64f12.o
                0x00004f08                UART2_ERR_IRQHandler
 .text.UART3_RX_TX_IRQHandler
                0x00004f10        0x8 ./startup/startup_mk64f12.o
                0x00004f10                UART3_RX_TX_IRQHandler
 .text.UART3_ERR_IRQHandler
                0x00004f18        0x8 ./startup/startup_mk64f12.o
                0x00004f18                UART3_ERR_IRQHandler
 .text.ADC0_IRQHandler
                0x00004f20        0x8 ./startup/startup_mk64f12.o
                0x00004f20                ADC0_IRQHandler
 .text.CMP0_IRQHandler
                0x00004f28        0x8 ./startup/startup_mk64f12.o
                0x00004f28                CMP0_IRQHandler
 .text.CMP1_IRQHandler
                0x00004f30        0x8 ./startup/startup_mk64f12.o
                0x00004f30                CMP1_IRQHandler
 .text.FTM0_IRQHandler
                0x00004f38        0x8 ./startup/startup_mk64f12.o
                0x00004f38                FTM0_IRQHandler
 .text.FTM1_IRQHandler
                0x00004f40        0x8 ./startup/startup_mk64f12.o
                0x00004f40                FTM1_IRQHandler
 .text.FTM2_IRQHandler
                0x00004f48        0x8 ./startup/startup_mk64f12.o
                0x00004f48                FTM2_IRQHandler
 .text.CMT_IRQHandler
                0x00004f50        0x8 ./startup/startup_mk64f12.o
                0x00004f50                CMT_IRQHandler
 .text.RTC_IRQHandler
                0x00004f58        0x8 ./startup/startup_mk64f12.o
                0x00004f58                RTC_IRQHandler
 .text.RTC_Seconds_IRQHandler
                0x00004f60        0x8 ./startup/startup_mk64f12.o
                0x00004f60                RTC_Seconds_IRQHandler
 .text.PIT0_IRQHandler
                0x00004f68        0x8 ./startup/startup_mk64f12.o
                0x00004f68                PIT0_IRQHandler
 .text.PIT1_IRQHandler
                0x00004f70        0x8 ./startup/startup_mk64f12.o
                0x00004f70                PIT1_IRQHandler
 .text.PIT2_IRQHandler
                0x00004f78        0x8 ./startup/startup_mk64f12.o
                0x00004f78                PIT2_IRQHandler
 .text.PIT3_IRQHandler
                0x00004f80        0x8 ./startup/startup_mk64f12.o
                0x00004f80                PIT3_IRQHandler
 .text.PDB0_IRQHandler
                0x00004f88        0x8 ./startup/startup_mk64f12.o
                0x00004f88                PDB0_IRQHandler
 .text.USB0_IRQHandler
                0x00004f90        0x8 ./startup/startup_mk64f12.o
                0x00004f90                USB0_IRQHandler
 .text.USBDCD_IRQHandler
                0x00004f98        0x8 ./startup/startup_mk64f12.o
                0x00004f98                USBDCD_IRQHandler
 .text.Reserved71_IRQHandler
                0x00004fa0        0x8 ./startup/startup_mk64f12.o
                0x00004fa0                Reserved71_IRQHandler
 .text.DAC0_IRQHandler
                0x00004fa8        0x8 ./startup/startup_mk64f12.o
                0x00004fa8                DAC0_IRQHandler
 .text.MCG_IRQHandler
                0x00004fb0        0x8 ./startup/startup_mk64f12.o
                0x00004fb0                MCG_IRQHandler
 .text.LPTMR0_IRQHandler
                0x00004fb8        0x8 ./startup/startup_mk64f12.o
                0x00004fb8                LPTMR0_IRQHandler
 .text.PORTA_IRQHandler
                0x00004fc0        0x8 ./startup/startup_mk64f12.o
                0x00004fc0                PORTA_IRQHandler
 .text.PORTB_IRQHandler
                0x00004fc8        0x8 ./startup/startup_mk64f12.o
                0x00004fc8                PORTB_IRQHandler
 .text.PORTC_IRQHandler
                0x00004fd0        0x8 ./startup/startup_mk64f12.o
                0x00004fd0                PORTC_IRQHandler
 .text.PORTD_IRQHandler
                0x00004fd8        0x8 ./startup/startup_mk64f12.o
                0x00004fd8                PORTD_IRQHandler
 .text.PORTE_IRQHandler
                0x00004fe0        0x8 ./startup/startup_mk64f12.o
                0x00004fe0                PORTE_IRQHandler
 .text.SWI_IRQHandler
                0x00004fe8        0x8 ./startup/startup_mk64f12.o
                0x00004fe8                SWI_IRQHandler
 .text.SPI2_IRQHandler
                0x00004ff0        0x8 ./startup/startup_mk64f12.o
                0x00004ff0                SPI2_IRQHandler
 .text.UART4_RX_TX_IRQHandler
                0x00004ff8        0x8 ./startup/startup_mk64f12.o
                0x00004ff8                UART4_RX_TX_IRQHandler
 .text.UART4_ERR_IRQHandler
                0x00005000        0x8 ./startup/startup_mk64f12.o
                0x00005000                UART4_ERR_IRQHandler
 .text.UART5_RX_TX_IRQHandler
                0x00005008        0x8 ./startup/startup_mk64f12.o
                0x00005008                UART5_RX_TX_IRQHandler
 .text.UART5_ERR_IRQHandler
                0x00005010        0x8 ./startup/startup_mk64f12.o
                0x00005010                UART5_ERR_IRQHandler
 .text.CMP2_IRQHandler
                0x00005018        0x8 ./startup/startup_mk64f12.o
                0x00005018                CMP2_IRQHandler
 .text.FTM3_IRQHandler
                0x00005020        0x8 ./startup/startup_mk64f12.o
                0x00005020                FTM3_IRQHandler
 .text.DAC1_IRQHandler
                0x00005028        0x8 ./startup/startup_mk64f12.o
                0x00005028                DAC1_IRQHandler
 .text.ADC1_IRQHandler
                0x00005030        0x8 ./startup/startup_mk64f12.o
                0x00005030                ADC1_IRQHandler
 .text.I2C2_IRQHandler
                0x00005038        0x8 ./startup/startup_mk64f12.o
                0x00005038                I2C2_IRQHandler
 .text.CAN0_Bus_Off_IRQHandler
                0x00005040        0x8 ./startup/startup_mk64f12.o
                0x00005040                CAN0_Bus_Off_IRQHandler
 .text.CAN0_Error_IRQHandler
                0x00005048        0x8 ./startup/startup_mk64f12.o
                0x00005048                CAN0_Error_IRQHandler
 .text.CAN0_Tx_Warning_IRQHandler
                0x00005050        0x8 ./startup/startup_mk64f12.o
                0x00005050                CAN0_Tx_Warning_IRQHandler
 .text.CAN0_Rx_Warning_IRQHandler
                0x00005058        0x8 ./startup/startup_mk64f12.o
                0x00005058                CAN0_Rx_Warning_IRQHandler
 .text.CAN0_Wake_Up_IRQHandler
                0x00005060        0x8 ./startup/startup_mk64f12.o
                0x00005060                CAN0_Wake_Up_IRQHandler
 .text.SDHC_IRQHandler
                0x00005068        0x8 ./startup/startup_mk64f12.o
                0x00005068                SDHC_IRQHandler
 .text.ENET_1588_Timer_IRQHandler
                0x00005070        0x8 ./startup/startup_mk64f12.o
                0x00005070                ENET_1588_Timer_IRQHandler
 .text.ENET_Transmit_IRQHandler
                0x00005078        0x8 ./startup/startup_mk64f12.o
                0x00005078                ENET_Transmit_IRQHandler
 .text.ENET_Receive_IRQHandler
                0x00005080        0x8 ./startup/startup_mk64f12.o
                0x00005080                ENET_Receive_IRQHandler
 .text.ENET_Error_IRQHandler
                0x00005088        0x8 ./startup/startup_mk64f12.o
                0x00005088                ENET_Error_IRQHandler
 .text.EnableIRQ
                0x00005090       0x32 ./source/freertos_can.o
 .text.FLEXCAN_GetMbStatusFlags
                0x000050c2       0x1e ./source/freertos_can.o
 .text.FLEXCAN_ClearMbStatusFlags
                0x000050e0       0x1c ./source/freertos_can.o
 .text.FLEXCAN_EnableMbInterrupts
                0x000050fc       0x22 ./source/freertos_can.o
 .text.changeEndianess
                0x0000511e       0x8a ./source/freertos_can.o
                0x0000511e                changeEndianess
 .text.HardFault_Handler
                0x000051a8       0x36 ./source/semihost_hardfault.o
                0x000051a8                HardFault_Handler
 .text.vListInitialise
                0x000051de       0x40 ./freertos/freertos_kernel/list.o
                0x000051de                vListInitialise
 .text.vListInitialiseItem
                0x0000521e       0x1a ./freertos/freertos_kernel/list.o
                0x0000521e                vListInitialiseItem
 .text.vListInsertEnd
                0x00005238       0x48 ./freertos/freertos_kernel/list.o
                0x00005238                vListInsertEnd
 .text.vListInsert
                0x00005280       0x72 ./freertos/freertos_kernel/list.o
                0x00005280                vListInsert
 .text.uxListRemove
                0x000052f2       0x54 ./freertos/freertos_kernel/list.o
                0x000052f2                uxListRemove
 .text.xQueueGenericCreate
                0x00005346       0xbe ./freertos/freertos_kernel/queue.o
                0x00005346                xQueueGenericCreate
 .text.prvInitialiseNewQueue
                0x00005404       0x46 ./freertos/freertos_kernel/queue.o
 .text.xQueueGenericSendFromISR
                0x0000544a      0x154 ./freertos/freertos_kernel/queue.o
                0x0000544a                xQueueGenericSendFromISR
 .text.prvCopyDataToQueue
                0x0000559e       0xd4 ./freertos/freertos_kernel/queue.o
 .text.prvCopyDataFromQueue
                0x00005672       0x4c ./freertos/freertos_kernel/queue.o
 .text.prvUnlockQueue
                0x000056be       0xa4 ./freertos/freertos_kernel/queue.o
 .text.prvIsQueueEmpty
                0x00005762       0x2c ./freertos/freertos_kernel/queue.o
 .text.prvIsQueueFull
                0x0000578e       0x30 ./freertos/freertos_kernel/queue.o
 .text.vQueueWaitForMessageRestricted
                0x000057be       0x68 ./freertos/freertos_kernel/queue.o
                0x000057be                vQueueWaitForMessageRestricted
 .text.xTaskCreate
                0x00005826       0x82 ./freertos/freertos_kernel/tasks.o
                0x00005826                xTaskCreate
 .text.prvInitialiseNewTask
                0x000058a8      0x140 ./freertos/freertos_kernel/tasks.o
 .text.prvDeleteTCB
                0x000059e8       0x20 ./freertos/freertos_kernel/tasks.o
 .text.prvTimerTask
                0x00005a08       0x24 ./freertos/freertos_kernel/timers.o
 .text.OSC_SetExtRefClkConfig
                0x00005a2c       0x34 ./drivers/fsl_clock.o
 .text.OSC_SetCapLoad
                0x00005a60       0x34 ./drivers/fsl_clock.o
 .text.CLOCK_GetPll0RefFreq
                0x00005a94        0xe ./drivers/fsl_clock.o
 .text.CLOCK_GetFixedFreqClkFreq
                0x00005aa2       0x34 ./drivers/fsl_clock.o
                0x00005aa2                CLOCK_GetFixedFreqClkFreq
 .text.CLOCK_EnableClock
                0x00005ad6       0x34 ./drivers/fsl_flexcan.o
 .text.FLEXCAN_Enable
                0x00005b0a       0x54 ./drivers/fsl_flexcan.o
 .text.FLEXCAN_EnterFreezeMode
                0x00005b5e       0x3c ./drivers/fsl_flexcan.o
                0x00005b5e                FLEXCAN_EnterFreezeMode
 .text.FLEXCAN_ExitFreezeMode
                0x00005b9a       0x3c ./drivers/fsl_flexcan.o
                0x00005b9a                FLEXCAN_ExitFreezeMode
 .text.FLEXCAN_IsMbOccupied
                0x00005bd6       0x56 ./drivers/fsl_flexcan.o
 .text.CLOCK_EnableClock
                0x00005c2c       0x34 ./drivers/fsl_uart.o
 .text.UART_WriteBlocking
                0x00005c60       0x50 ./drivers/fsl_uart.o
                0x00005c60                UART_WriteBlocking
 .text.UART0_RX_TX_DriverIRQHandler
                0x00005cb0       0x12 ./drivers/fsl_uart.o
                0x00005cb0                UART0_RX_TX_DriverIRQHandler
 .text.UART1_RX_TX_DriverIRQHandler
                0x00005cc2       0x12 ./drivers/fsl_uart.o
                0x00005cc2                UART1_RX_TX_DriverIRQHandler
 .text.UART2_RX_TX_DriverIRQHandler
                0x00005cd4       0x12 ./drivers/fsl_uart.o
                0x00005cd4                UART2_RX_TX_DriverIRQHandler
 .text.UART3_RX_TX_DriverIRQHandler
                0x00005ce6       0x12 ./drivers/fsl_uart.o
                0x00005ce6                UART3_RX_TX_DriverIRQHandler
 .text.UART4_RX_TX_DriverIRQHandler
                0x00005cf8       0x12 ./drivers/fsl_uart.o
                0x00005cf8                UART4_RX_TX_DriverIRQHandler
 .text.UART5_RX_TX_DriverIRQHandler
                0x00005d0a       0x12 ./drivers/fsl_uart.o
                0x00005d0a                UART5_RX_TX_DriverIRQHandler
 .text.SystemInitHook
                0x00005d1c        0xe ./device/system_MK64F12.o
                0x00005d1c                SystemInitHook
 .text.HAL_UartGetStatus
                0x00005d2a       0x22 ./component/uart/fsl_adapter_uart.o
 .text.DisableGlobalIRQ
                0x00005d4c       0x22 ./component/serial_manager/fsl_component_serial_manager.o
 .text.EnableGlobalIRQ
                0x00005d6e       0x20 ./component/serial_manager/fsl_component_serial_manager.o
 .text.SerialManager_StartWriting
                0x00005d8e       0x38 ./component/serial_manager/fsl_component_serial_manager.o
 .text.SerialManager_Write
                0x00005dc6       0x44 ./component/serial_manager/fsl_component_serial_manager.o
 .text.SerialManager_Init
                0x00005e0a       0x60 ./component/serial_manager/fsl_component_serial_manager.o
                0x00005e0a                SerialManager_Init
 .text.SerialManager_OpenWriteHandle
                0x00005e6a       0x50 ./component/serial_manager/fsl_component_serial_manager.o
                0x00005e6a                SerialManager_OpenWriteHandle
 .text.SerialManager_OpenReadHandle
                0x00005eba       0x60 ./component/serial_manager/fsl_component_serial_manager.o
                0x00005eba                SerialManager_OpenReadHandle
 .text.SerialManager_WriteBlocking
                0x00005f1a       0x20 ./component/serial_manager/fsl_component_serial_manager.o
                0x00005f1a                SerialManager_WriteBlocking
 .text.Serial_UartInit
                0x00005f3a       0x3e ./component/serial_manager/fsl_component_serial_port_uart.o
                0x00005f3a                Serial_UartInit
 .text.Serial_UartWrite
                0x00005f78       0x38 ./component/serial_manager/fsl_component_serial_port_uart.o
                0x00005f78                Serial_UartWrite
 .text.BOARD_InitDebugConsole
                0x00005fb0       0x22 ./board/board.o
                0x00005fb0                BOARD_InitDebugConsole
 .text.BOARD_InitBootClocks
                0x00005fd2        0xc ./board/clock_config.o
                0x00005fd2                BOARD_InitBootClocks
 .text.CLOCK_EnableClock
                0x00005fde       0x34 ./board/pin_mux.o
 .text.PORT_SetPinMux
                0x00006012       0x3a ./board/pin_mux.o
 .text.BOARD_InitBootPins
                0x0000604c        0xc ./board/pin_mux.o
                0x0000604c                BOARD_InitBootPins
 .text.__main   0x00006058        0xe c:/nxp/mcuxpressoide_11.8.0_1165/ide/plugins/com.nxp.mcuxpresso.tools.win32_11.8.0.202306131047/tools/bin/../lib/gcc/arm-none-eabi/12.2.1/../../../../arm-none-eabi/lib/thumb/v7e-m+fp/hard\libcr_nohost_nf.a(_cr__main.o)
                0x00006058                __main
 .text.memcpy   0x00006066        0x4 c:/nxp/mcuxpressoide_11.8.0_1165/ide/plugins/com.nxp.mcuxpresso.tools.win32_11.8.0.202306131047/tools/bin/../lib/gcc/arm-none-eabi/12.2.1/../../../../arm-none-eabi/lib/thumb/v7e-m+fp/hard\libcr_c.a(memcpy.o)
                0x00006066                memcpy
 .text.memset   0x0000606a        0x4 c:/nxp/mcuxpressoide_11.8.0_1165/ide/plugins/com.nxp.mcuxpresso.tools.win32_11.8.0.202306131047/tools/bin/../lib/gcc/arm-none-eabi/12.2.1/../../../../arm-none-eabi/lib/thumb/v7e-m+fp/hard\libcr_c.a(memset.o)
                0x0000606a                memset
 .text.free     0x0000606e       0x30 c:/nxp/mcuxpressoide_11.8.0_1165/ide/plugins/com.nxp.mcuxpresso.tools.win32_11.8.0.202306131047/tools/bin/../lib/gcc/arm-none-eabi/12.2.1/../../../../arm-none-eabi/lib/thumb/v7e-m+fp/hard\libcr_c.a(alloc.o)
                0x0000606e                free
 .text.setvbuf  0x0000609e       0x3e c:/nxp/mcuxpressoide_11.8.0_1165/ide/plugins/com.nxp.mcuxpresso.tools.win32_11.8.0.202306131047/tools/bin/../lib/gcc/arm-none-eabi/12.2.1/../../../../arm-none-eabi/lib/thumb/v7e-m+fp/hard\libcr_c.a(setvbuf.o)
                0x0000609e                setvbuf
 .text.strlen   0x000060dc       0x4e c:/nxp/mcuxpressoide_11.8.0_1165/ide/plugins/com.nxp.mcuxpresso.tools.win32_11.8.0.202306131047/tools/bin/../lib/gcc/arm-none-eabi/12.2.1/../../../../arm-none-eabi/lib/thumb/v7e-m+fp/hard\libcr_c.a(strlen.o)
                0x000060dc                strlen
 .text._deferredlazyseek
                0x0000612a       0x40 c:/nxp/mcuxpressoide_11.8.0_1165/ide/plugins/com.nxp.mcuxpresso.tools.win32_11.8.0.202306131047/tools/bin/../lib/gcc/arm-none-eabi/12.2.1/../../../../arm-none-eabi/lib/thumb/v7e-m+fp/hard\libcr_c.a(_deferredlazyseek.o)
                0x0000612a                _deferredlazyseek
 .text._fdopen  0x0000616a       0x68 c:/nxp/mcuxpressoide_11.8.0_1165/ide/plugins/com.nxp.mcuxpresso.tools.win32_11.8.0.202306131047/tools/bin/../lib/gcc/arm-none-eabi/12.2.1/../../../../arm-none-eabi/lib/thumb/v7e-m+fp/hard\libcr_c.a(_fdopen.o)
                0x0000616a                _fdopen
 .text._fflush  0x000061d2       0x52 c:/nxp/mcuxpressoide_11.8.0_1165/ide/plugins/com.nxp.mcuxpresso.tools.win32_11.8.0.202306131047/tools/bin/../lib/gcc/arm-none-eabi/12.2.1/../../../../arm-none-eabi/lib/thumb/v7e-m+fp/hard\libcr_c.a(_fflush.o)
                0x000061d2                _fflush
 .text.fclose   0x00006224       0x58 c:/nxp/mcuxpressoide_11.8.0_1165/ide/plugins/com.nxp.mcuxpresso.tools.win32_11.8.0.202306131047/tools/bin/../lib/gcc/arm-none-eabi/12.2.1/../../../../arm-none-eabi/lib/thumb/v7e-m+fp/hard\libcr_c.a(fclose.o)
                0x00006224                fclose
 .text.remove   0x0000627c       0x14 c:/nxp/mcuxpressoide_11.8.0_1165/ide/plugins/com.nxp.mcuxpresso.tools.win32_11.8.0.202306131047/tools/bin/../lib/gcc/arm-none-eabi/12.2.1/../../../../arm-none-eabi/lib/thumb/v7e-m+fp/hard\libcr_c.a(remove.o)
                0x0000627c                remove
 .text._do_fflush
                0x00006290       0x40 c:/nxp/mcuxpressoide_11.8.0_1165/ide/plugins/com.nxp.mcuxpresso.tools.win32_11.8.0.202306131047/tools/bin/../lib/gcc/arm-none-eabi/12.2.1/../../../../arm-none-eabi/lib/thumb/v7e-m+fp/hard\libcr_c.a(_do_fflush.o)
                0x00006290                _do_fflush
 .text.__aeabi_memcpy
                0x000062d0       0x34 c:/nxp/mcuxpressoide_11.8.0_1165/ide/plugins/com.nxp.mcuxpresso.tools.win32_11.8.0.202306131047/tools/bin/../lib/gcc/arm-none-eabi/12.2.1/thumb/v7e-m+fp/hard\libcr_eabihelpers.a(memcpy.o)
                0x000062d0                __aeabi_memcpy
                0x000062da                __aeabi_memcpy8
                0x000062da                __aeabi_memcpy4
 .text.__aeabi_memset_lowlevel
                0x00006304       0x32 c:/nxp/mcuxpressoide_11.8.0_1165/ide/plugins/com.nxp.mcuxpresso.tools.win32_11.8.0.202306131047/tools/bin/../lib/gcc/arm-none-eabi/12.2.1/thumb/v7e-m+fp/hard\libcr_eabihelpers.a(memcpy.o)
                0x00006304                __aeabi_lowlevel_memset
 .text.__sys_close
                0x00006336        0x6 c:/nxp/mcuxpressoide_11.8.0_1165/ide/plugins/com.nxp.mcuxpresso.tools.win32_11.8.0.202306131047/tools/bin/../lib/gcc/arm-none-eabi/12.2.1/../../../../arm-none-eabi/lib/thumb/v7e-m+fp/hard\libcr_nohost_nf.a(__sys_close.o)
                0x00006336                __sys_close
 .text.__sys_flen
                0x0000633c        0x6 c:/nxp/mcuxpressoide_11.8.0_1165/ide/plugins/com.nxp.mcuxpresso.tools.win32_11.8.0.202306131047/tools/bin/../lib/gcc/arm-none-eabi/12.2.1/../../../../arm-none-eabi/lib/thumb/v7e-m+fp/hard\libcr_nohost_nf.a(__sys_flen.o)
                0x0000633c                __sys_flen
 .text.__sys_istty
                0x00006342        0x6 c:/nxp/mcuxpressoide_11.8.0_1165/ide/plugins/com.nxp.mcuxpresso.tools.win32_11.8.0.202306131047/tools/bin/../lib/gcc/arm-none-eabi/12.2.1/../../../../arm-none-eabi/lib/thumb/v7e-m+fp/hard\libcr_nohost_nf.a(__sys_istty.o)
                0x00006342                __sys_istty
 .text.__sys_remove
                0x00006348        0x6 c:/nxp/mcuxpressoide_11.8.0_1165/ide/plugins/com.nxp.mcuxpresso.tools.win32_11.8.0.202306131047/tools/bin/../lib/gcc/arm-none-eabi/12.2.1/../../../../arm-none-eabi/lib/thumb/v7e-m+fp/hard\libcr_nohost_nf.a(__sys_remove.o)
                0x00006348                __sys_remove
 .text.__sys_seek
                0x0000634e        0x6 c:/nxp/mcuxpressoide_11.8.0_1165/ide/plugins/com.nxp.mcuxpresso.tools.win32_11.8.0.202306131047/tools/bin/../lib/gcc/arm-none-eabi/12.2.1/../../../../arm-none-eabi/lib/thumb/v7e-m+fp/hard\libcr_nohost_nf.a(__sys_seek.o)
                0x0000634e                __sys_seek
 .text.__sys_tmpnam
                0x00006354        0x6 c:/nxp/mcuxpressoide_11.8.0_1165/ide/plugins/com.nxp.mcuxpresso.tools.win32_11.8.0.202306131047/tools/bin/../lib/gcc/arm-none-eabi/12.2.1/../../../../arm-none-eabi/lib/thumb/v7e-m+fp/hard\libcr_nohost_nf.a(__sys_tmpnam.o)
                0x00006354                __sys_tmpnam
 .text.__sys_write
                0x0000635a        0x4 c:/nxp/mcuxpressoide_11.8.0_1165/ide/plugins/com.nxp.mcuxpresso.tools.win32_11.8.0.202306131047/tools/bin/../lib/gcc/arm-none-eabi/12.2.1/../../../../arm-none-eabi/lib/thumb/v7e-m+fp/hard\libcr_nohost_nf.a(__sys_write.o)
                0x0000635a                __sys_write
 *freertos*/tasks.o(SORT_BY_ALIGNMENT(.rodata*))
 *fill*         0x0000635e        0x2 ff
 .rodata.vTaskStartScheduler.str1.4
                0x00006360        0x5 ./freertos/freertos_kernel/tasks.o
 *fill*         0x00006365        0x3 ff
 .rodata        0x00006368       0x1c ./freertos/freertos_kernel/tasks.o
                0x00006368                portArch_Name
                0x0000636c                FreeRTOSDebugConfig
 *(SORT_BY_ALIGNMENT(.rodata) SORT_BY_ALIGNMENT(.rodata.*) SORT_BY_ALIGNMENT(.constdata) SORT_BY_ALIGNMENT(.constdata.*))
 .rodata.__assertion_failed.str1.4
                0x00006384       0x14 ./utilities/fsl_assert.o
 .rodata.CAN0_ORed_Message_buffer_IRQHandler.str1.4
                0x00006398       0x29 ./source/freertos_can.o
 *fill*         0x000063c1        0x3 ff
 .rodata.main.str1.4
                0x000063c4       0x3c ./source/freertos_can.o
 .rodata.can_tx_task.str1.4
                0x00006400        0x5 ./source/freertos_can.o
 *fill*         0x00006405        0x3 ff
 .rodata.can_rx_task.str1.4
                0x00006408        0xd ./source/freertos_can.o
                                 0x19 (size before relaxing)
 *fill*         0x00006415        0x3 ff
 .rodata.can_init.str1.4
                0x00006418       0x84 ./source/freertos_can.o
 .rodata.xTimerCreateTimerTask.str1.4
                0x0000649c        0x8 ./freertos/freertos_kernel/timers.o
 .rodata.prvCheckForValidListAndQueue.str1.4
                0x000064a4        0x5 ./freertos/freertos_kernel/timers.o
 *fill*         0x000064a9        0x3 ff
 .rodata.CLOCK_GetMcgExtClkFreq.str1.4
                0x000064ac       0x49 ./drivers/fsl_clock.o
 *fill*         0x000064f5        0x3 ff
 .rodata.CLOCK_GetOsc0ErClkFreq.str1.4
                0x000064f8       0x1e ./drivers/fsl_clock.o
 *fill*         0x00006516        0x2 ff
 .rodata.CLOCK_GetEr32kClkFreq.str1.4
                0x00006518       0x1f ./drivers/fsl_clock.o
 *fill*         0x00006537        0x1 ff
 .rodata.CLOCK_GetPll0Freq.str1.4
                0x00006538       0x1d ./drivers/fsl_clock.o
 *fill*         0x00006555        0x3 ff
 .rodata.CLOCK_EnablePll0.str1.4
                0x00006558       0x1a ./drivers/fsl_clock.o
 *fill*         0x00006572        0x2 ff
 .rodata.CLOCK_SetPbeMode.str1.4
                0x00006574       0x1a ./drivers/fsl_clock.o
 *fill*         0x0000658e        0x2 ff
 .rodata.CLOCK_BootToPeeMode.str1.4
                0x00006590       0x1a ./drivers/fsl_clock.o
 *fill*         0x000065aa        0x2 ff
 .rodata.fllFactorTable.1
                0x000065ac       0x10 ./drivers/fsl_clock.o
 .rodata.FLEXCAN_GetInstance.str1.4
                0x000065bc       0x3a ./drivers/fsl_flexcan.o
 *fill*         0x000065f6        0x2 ff
 .rodata.FLEXCAN_Reset.str1.4
                0x000065f8       0x3a ./drivers/fsl_flexcan.o
 *fill*         0x00006632        0x2 ff
 .rodata.FLEXCAN_SetBitRate.str1.4
                0x00006634       0xb8 ./drivers/fsl_flexcan.o
 .rodata.FLEXCAN_Init.str1.4
                0x000066ec       0xda ./drivers/fsl_flexcan.o
 *fill*         0x000067c6        0x2 ff
 .rodata.FLEXCAN_GetDefaultConfig.str1.4
                0x000067c8       0x25 ./drivers/fsl_flexcan.o
 *fill*         0x000067ed        0x3 ff
 .rodata.FLEXCAN_SetTimingConfig.str1.4
                0x000067f0       0x25 ./drivers/fsl_flexcan.o
 *fill*         0x00006815        0x3 ff
 .rodata.FLEXCAN_SetTxMbConfig.str1.4
                0x00006818       0x78 ./drivers/fsl_flexcan.o
 .rodata.FLEXCAN_CalculateImprovedTimingValues.str1.4
                0x00006890       0x30 ./drivers/fsl_flexcan.o
 .rodata.FLEXCAN_SetRxMbConfig.str1.4
                0x000068c0       0xbc ./drivers/fsl_flexcan.o
 .rodata.FLEXCAN_ReadRxMb.str1.4
                0x0000697c       0xa0 ./drivers/fsl_flexcan.o
 .rodata.CAN0_DriverIRQHandler.str1.4
                0x00006a1c       0x30 ./drivers/fsl_flexcan.o
 .rodata.s_uartBases
                0x00006a4c       0x18 ./drivers/fsl_uart.o
 .rodata.s_uartClock
                0x00006a64       0x18 ./drivers/fsl_uart.o
 .rodata.UART_GetInstance.str1.4
                0x00006a7c       0x2b ./drivers/fsl_uart.o
 *fill*         0x00006aa7        0x1 ff
 .rodata.UART_Init.str1.4
                0x00006aa8       0xfb ./drivers/fsl_uart.o
 *fill*         0x00006ba3        0x1 ff
 .rodata.UART_GetDefaultConfig.str1.4
                0x00006ba4       0x20 ./drivers/fsl_uart.o
 .rodata.s_UartAdapterBase
                0x00006bc4       0x18 ./component/uart/fsl_adapter_uart.o
 .rodata.HAL_UartInit.str1.4
                0x00006bdc       0xdd ./component/uart/fsl_adapter_uart.o
 *fill*         0x00006cb9        0x3 ff
 .rodata.HAL_UartSendBlocking.str1.4
                0x00006cbc       0x60 ./component/uart/fsl_adapter_uart.o
 .rodata.mcgConfig_BOARD_BootClockRUN
                0x00006d1c        0xb ./board/clock_config.o
                0x00006d1c                mcgConfig_BOARD_BootClockRUN
 *fill*         0x00006d27        0x1 ff
 .rodata.simConfig_BOARD_BootClockRUN
                0x00006d28        0x8 ./board/clock_config.o
                0x00006d28                simConfig_BOARD_BootClockRUN
 .rodata.oscConfig_BOARD_BootClockRUN
                0x00006d30        0x8 ./board/clock_config.o
                0x00006d30                oscConfig_BOARD_BootClockRUN
 .rodata.PORT_SetPinConfig.str1.4
                0x00006d38       0x6a ./board/pin_mux.o
 *fill*         0x00006da2        0x2 ff
 .rodata.__num_Ciob_streams
                0x00006da4        0x4 c:/nxp/mcuxpressoide_11.8.0_1165/ide/plugins/com.nxp.mcuxpresso.tools.win32_11.8.0.202306131047/tools/bin/../lib/gcc/arm-none-eabi/12.2.1/../../../../arm-none-eabi/lib/thumb/v7e-m+fp/hard\libcr_nohost_nf.a(__ciob.o)
                0x00006da4                __num_Ciob_streams
 .rodata._initio.str1.1
                0x00006da8        0x4 c:/nxp/mcuxpressoide_11.8.0_1165/ide/plugins/com.nxp.mcuxpresso.tools.win32_11.8.0.202306131047/tools/bin/../lib/gcc/arm-none-eabi/12.2.1/../../../../arm-none-eabi/lib/thumb/v7e-m+fp/hard\libcr_c.a(initio.o)
                0x00006db0                . = ALIGN (0x8)
 *fill*         0x00006dac        0x4 ff

.glue_7         0x00006db0        0x0
 .glue_7        0x00006db0        0x0 linker stubs

.glue_7t        0x00006db0        0x0
 .glue_7t       0x00006db0        0x0 linker stubs

.vfp11_veneer   0x00006db0        0x0
 .vfp11_veneer  0x00006db0        0x0 linker stubs

.v4_bx          0x00006db0        0x0
 .v4_bx         0x00006db0        0x0 linker stubs

.iplt           0x00006db0        0x0
 .iplt          0x00006db0        0x0 ./utilities/fsl_assert.o

.rel.dyn        0x00006db0        0x0
 .rel.iplt      0x00006db0        0x0 ./utilities/fsl_assert.o

.ARM.extab
 *(SORT_BY_ALIGNMENT(.ARM.extab*) SORT_BY_ALIGNMENT(.gnu.linkonce.armextab.*))

.ARM.exidx      0x00006db0        0x0
                0x00006db0                __exidx_start = .
 *(SORT_BY_ALIGNMENT(.ARM.exidx*) SORT_BY_ALIGNMENT(.gnu.linkonce.armexidx.*))
                0x00006db0                __exidx_end = .
                0x00006db0                _etext = .

.m_usb_data
 *(SORT_BY_ALIGNMENT(m_usb_bdt))

.data_RAM2      0x1fff0000        0x0 load address 0x00006db0
 FILL mask 0xff
                [!provide]                PROVIDE (__start_data_RAM2 = .)
                [!provide]                PROVIDE (__start_data_SRAM_LOWER = .)
 *(SORT_BY_ALIGNMENT(.ramfunc.$RAM2))
 *(SORT_BY_ALIGNMENT(.ramfunc.$SRAM_LOWER))
 *(SORT_BY_ALIGNMENT(.data.$RAM2))
 *(SORT_BY_ALIGNMENT(.data.$SRAM_LOWER))
 *(SORT_BY_ALIGNMENT(.data.$RAM2.*))
 *(SORT_BY_ALIGNMENT(.data.$SRAM_LOWER.*))
                0x1fff0000                . = ALIGN (0x8)
                [!provide]                PROVIDE (__end_data_RAM2 = .)
                [!provide]                PROVIDE (__end_data_SRAM_LOWER = .)

.data_RAM3      0x14000000        0x0 load address 0x00006db0
 FILL mask 0xff
                [!provide]                PROVIDE (__start_data_RAM3 = .)
                [!provide]                PROVIDE (__start_data_FLEX_RAM = .)
 *(SORT_BY_ALIGNMENT(.ramfunc.$RAM3))
 *(SORT_BY_ALIGNMENT(.ramfunc.$FLEX_RAM))
 *(SORT_BY_ALIGNMENT(.data.$RAM3))
 *(SORT_BY_ALIGNMENT(.data.$FLEX_RAM))
 *(SORT_BY_ALIGNMENT(.data.$RAM3.*))
 *(SORT_BY_ALIGNMENT(.data.$FLEX_RAM.*))
                0x14000000                . = ALIGN (0x8)
                [!provide]                PROVIDE (__end_data_RAM3 = .)
                [!provide]                PROVIDE (__end_data_FLEX_RAM = .)

.uninit_RESERVED
                0x20000000        0x0
                0x20000000                _start_uninit_RESERVED = .
 *(SORT_BY_ALIGNMENT(.bss.$RESERVED*))
                0x20000000                . = ALIGN (0x8)
                0x20000000                _end_uninit_RESERVED = .

.data           0x20000000       0x18 load address 0x00006db0
 FILL mask 0xff
                0x20000000                _data = .
                [!provide]                PROVIDE (__start_data_RAM = .)
                [!provide]                PROVIDE (__start_data_SRAM_UPPER = .)
 *(SORT_BY_ALIGNMENT(vtable))
 *(SORT_BY_ALIGNMENT(.ramfunc*))
 *(SORT_BY_ALIGNMENT(CodeQuickAccess))
 *(SORT_BY_ALIGNMENT(DataQuickAccess))
 *(SORT_BY_ALIGNMENT(RamFunction))
 *(SORT_BY_ALIGNMENT(.data*))
 .data.uxCriticalNesting
                0x20000000        0x4 ./freertos/freertos_kernel/portable/GCC/ARM_CM4F/port.o
 .data.uxTopUsedPriority
                0x20000004        0x4 ./freertos/freertos_kernel/tasks.o
                0x20000004                uxTopUsedPriority
 .data.s_slowIrcFreq
                0x20000008        0x4 ./drivers/fsl_clock.o
 .data.s_fastIrcFreq
                0x2000000c        0x4 ./drivers/fsl_clock.o
 .data.SystemCoreClock
                0x20000010        0x4 ./device/system_MK64F12.o
                0x20000010                SystemCoreClock
 .data.period   0x20000014        0x2 ./source/freertos_can.o
                0x20000014                period
                0x20000018                . = ALIGN (0x8)
 *fill*         0x20000016        0x2 ff
                0x20000018                _edata = .
                [!provide]                PROVIDE (__end_data_RAM = .)
                [!provide]                PROVIDE (__end_data_SRAM_UPPER = .)

.igot.plt       0x20000018        0x0 load address 0x00006dc8
 .igot.plt      0x20000018        0x0 ./utilities/fsl_assert.o

.bss_RAM2       0x1fff0000        0x0
                [!provide]                PROVIDE (__start_bss_RAM2 = .)
                [!provide]                PROVIDE (__start_bss_SRAM_LOWER = .)
 *(SORT_BY_ALIGNMENT(.bss.$RAM2))
 *(SORT_BY_ALIGNMENT(.bss.$SRAM_LOWER))
 *(SORT_BY_ALIGNMENT(.bss.$RAM2.*))
 *(SORT_BY_ALIGNMENT(.bss.$SRAM_LOWER.*))
                0x1fff0000                . = ALIGN ((. != 0x0)?0x8:0x1)
                [!provide]                PROVIDE (__end_bss_RAM2 = .)
                [!provide]                PROVIDE (__end_bss_SRAM_LOWER = .)

.bss_RAM3       0x14000000        0x0
                [!provide]                PROVIDE (__start_bss_RAM3 = .)
                [!provide]                PROVIDE (__start_bss_FLEX_RAM = .)
 *(SORT_BY_ALIGNMENT(.bss.$RAM3))
 *(SORT_BY_ALIGNMENT(.bss.$FLEX_RAM))
 *(SORT_BY_ALIGNMENT(.bss.$RAM3.*))
 *(SORT_BY_ALIGNMENT(.bss.$FLEX_RAM.*))
                0x14000000                . = ALIGN ((. != 0x0)?0x8:0x1)
                [!provide]                PROVIDE (__end_bss_RAM3 = .)
                [!provide]                PROVIDE (__end_bss_FLEX_RAM = .)

.bss            0x20000018     0x2ad8
                0x20000018                _bss = .
                [!provide]                PROVIDE (__start_bss_RAM = .)
                [!provide]                PROVIDE (__start_bss_SRAM_UPPER = .)
 *(SORT_BY_ALIGNMENT(.bss*))
 .bss.s_debugConsoleState
                0x20000018       0x20 ./utilities/fsl_debug_console.o
 .bss.g_serialHandle
                0x20000038        0x4 ./utilities/fsl_debug_console.o
                0x20000038                g_serialHandle
 .bss.txFrame   0x2000003c       0x10 ./source/freertos_can.o
                0x2000003c                txFrame
 .bss.rxFrame   0x2000004c       0x10 ./source/freertos_can.o
                0x2000004c                rxFrame
 .bss.log_queue
                0x2000005c        0x4 ./source/freertos_can.o
 .bss.ucHeap    0x20000060     0x2800 ./freertos/freertos_kernel/portable/MemMang/heap_4.o
 .bss.xStart    0x20002860        0x8 ./freertos/freertos_kernel/portable/MemMang/heap_4.o
 .bss.pxEnd     0x20002868        0x4 ./freertos/freertos_kernel/portable/MemMang/heap_4.o
 .bss.xFreeBytesRemaining
                0x2000286c        0x4 ./freertos/freertos_kernel/portable/MemMang/heap_4.o
 .bss.xMinimumEverFreeBytesRemaining
                0x20002870        0x4 ./freertos/freertos_kernel/portable/MemMang/heap_4.o
 .bss.xNumberOfSuccessfulAllocations
                0x20002874        0x4 ./freertos/freertos_kernel/portable/MemMang/heap_4.o
 .bss.xNumberOfSuccessfulFrees
                0x20002878        0x4 ./freertos/freertos_kernel/portable/MemMang/heap_4.o
 .bss.xBlockAllocatedBit
                0x2000287c        0x4 ./freertos/freertos_kernel/portable/MemMang/heap_4.o
 .bss.ulMaxPRIGROUPValue
                0x20002880        0x4 ./freertos/freertos_kernel/portable/GCC/ARM_CM4F/port.o
 .bss.xQueueRegistry
                0x20002884       0x40 ./freertos/freertos_kernel/queue.o
                0x20002884                xQueueRegistry
 .bss.pxCurrentTCB
                0x200028c4        0x4 ./freertos/freertos_kernel/tasks.o
                0x200028c4                pxCurrentTCB
 .bss.pxReadyTasksLists
                0x200028c8       0x64 ./freertos/freertos_kernel/tasks.o
 .bss.xDelayedTaskList1
                0x2000292c       0x14 ./freertos/freertos_kernel/tasks.o
 .bss.xDelayedTaskList2
                0x20002940       0x14 ./freertos/freertos_kernel/tasks.o
 .bss.pxDelayedTaskList
                0x20002954        0x4 ./freertos/freertos_kernel/tasks.o
 .bss.pxOverflowDelayedTaskList
                0x20002958        0x4 ./freertos/freertos_kernel/tasks.o
 .bss.xPendingReadyList
                0x2000295c       0x14 ./freertos/freertos_kernel/tasks.o
 .bss.xTasksWaitingTermination
                0x20002970       0x14 ./freertos/freertos_kernel/tasks.o
 .bss.uxDeletedTasksWaitingCleanUp
                0x20002984        0x4 ./freertos/freertos_kernel/tasks.o
 .bss.xSuspendedTaskList
                0x20002988       0x14 ./freertos/freertos_kernel/tasks.o
 .bss.uxCurrentNumberOfTasks
                0x2000299c        0x4 ./freertos/freertos_kernel/tasks.o
 .bss.xTickCount
                0x200029a0        0x4 ./freertos/freertos_kernel/tasks.o
 .bss.uxTopReadyPriority
                0x200029a4        0x4 ./freertos/freertos_kernel/tasks.o
 .bss.xSchedulerRunning
                0x200029a8        0x4 ./freertos/freertos_kernel/tasks.o
 .bss.xPendedTicks
                0x200029ac        0x4 ./freertos/freertos_kernel/tasks.o
 .bss.xYieldPending
                0x200029b0        0x4 ./freertos/freertos_kernel/tasks.o
 .bss.xNumOfOverflows
                0x200029b4        0x4 ./freertos/freertos_kernel/tasks.o
 .bss.uxTaskNumber
                0x200029b8        0x4 ./freertos/freertos_kernel/tasks.o
 .bss.xNextTaskUnblockTime
                0x200029bc        0x4 ./freertos/freertos_kernel/tasks.o
 .bss.xIdleTaskHandle
                0x200029c0        0x4 ./freertos/freertos_kernel/tasks.o
 .bss.uxSchedulerSuspended
                0x200029c4        0x4 ./freertos/freertos_kernel/tasks.o
 .bss.xActiveTimerList1
                0x200029c8       0x14 ./freertos/freertos_kernel/timers.o
 .bss.xActiveTimerList2
                0x200029dc       0x14 ./freertos/freertos_kernel/timers.o
 .bss.pxCurrentTimerList
                0x200029f0        0x4 ./freertos/freertos_kernel/timers.o
 .bss.pxOverflowTimerList
                0x200029f4        0x4 ./freertos/freertos_kernel/timers.o
 .bss.xTimerQueue
                0x200029f8        0x4 ./freertos/freertos_kernel/timers.o
 .bss.xTimerTaskHandle
                0x200029fc        0x4 ./freertos/freertos_kernel/timers.o
 .bss.xLastTime.0
                0x20002a00        0x4 ./freertos/freertos_kernel/timers.o
 .bss.g_xtal0Freq
                0x20002a04        0x4 ./drivers/fsl_clock.o
                0x20002a04                g_xtal0Freq
 .bss.g_xtal32Freq
                0x20002a08        0x4 ./drivers/fsl_clock.o
                0x20002a08                g_xtal32Freq
 .bss.s_flexcanHandle
                0x20002a0c        0x4 ./drivers/fsl_flexcan.o
 .bss.s_flexcanIsr
                0x20002a10        0x4 ./drivers/fsl_flexcan.o
 .bss.s_uartHandle
                0x20002a14       0x18 ./drivers/fsl_uart.o
                0x20002a14                s_uartHandle
 .bss.s_uartIsr
                0x20002a2c        0x4 ./drivers/fsl_uart.o
                0x20002a2c                s_uartIsr
 .bss.errno     0x20002a30        0x4 c:/nxp/mcuxpressoide_11.8.0_1165/ide/plugins/com.nxp.mcuxpresso.tools.win32_11.8.0.202306131047/tools/bin/../lib/gcc/arm-none-eabi/12.2.1/../../../../arm-none-eabi/lib/thumb/v7e-m+fp/hard\libcr_c.a(errno.o)
                0x20002a30                errno
 .bss.__Ciob    0x20002a34       0xb4 c:/nxp/mcuxpressoide_11.8.0_1165/ide/plugins/com.nxp.mcuxpresso.tools.win32_11.8.0.202306131047/tools/bin/../lib/gcc/arm-none-eabi/12.2.1/../../../../arm-none-eabi/lib/thumb/v7e-m+fp/hard\libcr_nohost_nf.a(__ciob.o)
                0x20002a34                __Ciob
 .bss.s_debugConsoleReadWaitSemaphore
                0x20002ae8        0x1 ./utilities/fsl_debug_console.o
 .bss.ucMaxSysCallPriority
                0x20002ae9        0x1 ./freertos/freertos_kernel/portable/GCC/ARM_CM4F/port.o
 *(SORT_BY_ALIGNMENT(COMMON))
                0x20002af0                . = ALIGN (0x8)
 *fill*         0x20002aea        0x6 
                0x20002af0                _ebss = .
                [!provide]                PROVIDE (__end_bss_RAM = .)
                [!provide]                PROVIDE (__end_bss_SRAM_UPPER = .)
                [!provide]                PROVIDE (end = .)

.noinit_RAM2    0x1fff0000        0x0
                [!provide]                PROVIDE (__start_noinit_RAM2 = .)
                [!provide]                PROVIDE (__start_noinit_SRAM_LOWER = .)
 *(SORT_BY_ALIGNMENT(.noinit.$RAM2))
 *(SORT_BY_ALIGNMENT(.noinit.$SRAM_LOWER))
 *(SORT_BY_ALIGNMENT(.noinit.$RAM2.*))
 *(SORT_BY_ALIGNMENT(.noinit.$SRAM_LOWER.*))
                0x1fff0000                . = ALIGN (0x8)
                [!provide]                PROVIDE (__end_noinit_RAM2 = .)
                [!provide]                PROVIDE (__end_noinit_SRAM_LOWER = .)

.noinit_RAM3    0x14000000        0x0
                [!provide]                PROVIDE (__start_noinit_RAM3 = .)
                [!provide]                PROVIDE (__start_noinit_FLEX_RAM = .)
 *(SORT_BY_ALIGNMENT(.noinit.$RAM3))
 *(SORT_BY_ALIGNMENT(.noinit.$FLEX_RAM))
 *(SORT_BY_ALIGNMENT(.noinit.$RAM3.*))
 *(SORT_BY_ALIGNMENT(.noinit.$FLEX_RAM.*))
                0x14000000                . = ALIGN (0x8)
                [!provide]                PROVIDE (__end_noinit_RAM3 = .)
                [!provide]                PROVIDE (__end_noinit_FLEX_RAM = .)

.noinit         0x20002af0        0x0
                0x20002af0                _noinit = .
                [!provide]                PROVIDE (__start_noinit_RAM = .)
                [!provide]                PROVIDE (__start_noinit_SRAM_UPPER = .)
 *(SORT_BY_ALIGNMENT(.noinit*))
                0x20002af0                . = ALIGN (0x8)
                0x20002af0                _end_noinit = .
                [!provide]                PROVIDE (__end_noinit_RAM = .)
                [!provide]                PROVIDE (__end_noinit_SRAM_UPPER = .)
                0x00001000                _HeapSize = 0x1000

.heap           0x20002af0     0x1000
                0x20002af0                _pvHeapStart = .
                0x20003af0                . = (. + _HeapSize)
 *fill*         0x20002af0     0x1000 
                0x20003af0                . = ALIGN (0x8)
                0x20003af0                _pvHeapLimit = .
                0x00001000                _StackSize = 0x1000

.heap2stackfill
                0x20003af0     0x1000
                0x20004af0                . = (. + _StackSize)
 *fill*         0x20003af0     0x1000 

.stack          0x2002f000        0x0
                0x2002f000                _vStackBase = .
                0x2002f000                . = ALIGN (0x8)
                0x20030000                _vStackTop = (. + _StackSize)
                0x00000000                _image_start = LOADADDR (.text)
                0x00006dc8                _image_end = (LOADADDR (.data) + SIZEOF (.data))
                0x00006dc8                _image_size = (_image_end - _image_start)
OUTPUT(freertos_can.axf elf32-littlearm)
LOAD linker stubs

.debug_info     0x00000000    0x12ba5
 .debug_info    0x00000000       0xcb ./utilities/fsl_assert.o
 .debug_info    0x000000cb      0xd58 ./utilities/fsl_debug_console.o
 .debug_info    0x00000e23      0xaed ./utilities/fsl_str.o
 .debug_info    0x00001910      0xc6f ./startup/startup_mk64f12.o
 .debug_info    0x0000257f     0x1586 ./source/freertos_can.o
 .debug_info    0x00003b05       0x3d ./source/semihost_hardfault.o
 .debug_info    0x00003b42      0x4bb ./freertos/freertos_kernel/portable/MemMang/heap_4.o
 .debug_info    0x00003ffd      0x4c9 ./freertos/freertos_kernel/portable/GCC/ARM_CM4F/port.o
 .debug_info    0x000044c6      0x29c ./freertos/freertos_kernel/list.o
 .debug_info    0x00004762     0x17ce ./freertos/freertos_kernel/queue.o
 .debug_info    0x00005f30     0x218c ./freertos/freertos_kernel/tasks.o
 .debug_info    0x000080bc      0xfdd ./freertos/freertos_kernel/timers.o
 .debug_info    0x00009099     0x20ee ./drivers/fsl_clock.o
 .debug_info    0x0000b187     0x2486 ./drivers/fsl_flexcan.o
 .debug_info    0x0000d60d     0x1ef7 ./drivers/fsl_uart.o
 .debug_info    0x0000f504      0x626 ./device/system_MK64F12.o
 .debug_info    0x0000fb2a      0xac3 ./component/uart/fsl_adapter_uart.o
 .debug_info    0x000105ed      0x989 ./component/serial_manager/fsl_component_serial_manager.o
 .debug_info    0x00010f76      0x4fe ./component/serial_manager/fsl_component_serial_port_uart.o
 .debug_info    0x00011474      0x153 ./board/board.o
 .debug_info    0x000115c7      0xc51 ./board/clock_config.o
 .debug_info    0x00012218      0x98d ./board/pin_mux.o

.debug_abbrev   0x00000000     0x3209
 .debug_abbrev  0x00000000       0x8f ./utilities/fsl_assert.o
 .debug_abbrev  0x0000008f      0x27a ./utilities/fsl_debug_console.o
 .debug_abbrev  0x00000309      0x276 ./utilities/fsl_str.o
 .debug_abbrev  0x0000057f      0x17e ./startup/startup_mk64f12.o
 .debug_abbrev  0x000006fd      0x399 ./source/freertos_can.o
 .debug_abbrev  0x00000a96       0x2f ./source/semihost_hardfault.o
 .debug_abbrev  0x00000ac5      0x21e ./freertos/freertos_kernel/portable/MemMang/heap_4.o
 .debug_abbrev  0x00000ce3      0x25a ./freertos/freertos_kernel/portable/GCC/ARM_CM4F/port.o
 .debug_abbrev  0x00000f3d       0xf5 ./freertos/freertos_kernel/list.o
 .debug_abbrev  0x00001032      0x32a ./freertos/freertos_kernel/queue.o
 .debug_abbrev  0x0000135c      0x3b8 ./freertos/freertos_kernel/tasks.o
 .debug_abbrev  0x00001714      0x2ea ./freertos/freertos_kernel/timers.o
 .debug_abbrev  0x000019fe      0x38e ./drivers/fsl_clock.o
 .debug_abbrev  0x00001d8c      0x323 ./drivers/fsl_flexcan.o
 .debug_abbrev  0x000020af      0x46e ./drivers/fsl_uart.o
 .debug_abbrev  0x0000251d      0x149 ./device/system_MK64F12.o
 .debug_abbrev  0x00002666      0x223 ./component/uart/fsl_adapter_uart.o
 .debug_abbrev  0x00002889      0x264 ./component/serial_manager/fsl_component_serial_manager.o
 .debug_abbrev  0x00002aed      0x196 ./component/serial_manager/fsl_component_serial_port_uart.o
 .debug_abbrev  0x00002c83       0xc5 ./board/board.o
 .debug_abbrev  0x00002d48      0x254 ./board/clock_config.o
 .debug_abbrev  0x00002f9c      0x26d ./board/pin_mux.o

.debug_aranges  0x00000000     0x1200
 .debug_aranges
                0x00000000       0x20 ./utilities/fsl_assert.o
 .debug_aranges
                0x00000020       0xa8 ./utilities/fsl_debug_console.o
 .debug_aranges
                0x000000c8       0xb8 ./utilities/fsl_str.o
 .debug_aranges
                0x00000180      0x330 ./startup/startup_mk64f12.o
 .debug_aranges
                0x000004b0       0x78 ./source/freertos_can.o
 .debug_aranges
                0x00000528       0x20 ./source/semihost_hardfault.o
 .debug_aranges
                0x00000548       0x58 ./freertos/freertos_kernel/portable/MemMang/heap_4.o
 .debug_aranges
                0x000005a0       0x80 ./freertos/freertos_kernel/portable/GCC/ARM_CM4F/port.o
 .debug_aranges
                0x00000620       0x40 ./freertos/freertos_kernel/list.o
 .debug_aranges
                0x00000660      0x130 ./freertos/freertos_kernel/queue.o
 .debug_aranges
                0x00000790      0x208 ./freertos/freertos_kernel/tasks.o
 .debug_aranges
                0x00000998       0xe8 ./freertos/freertos_kernel/timers.o
 .debug_aranges
                0x00000a80      0x1f8 ./drivers/fsl_clock.o
 .debug_aranges
                0x00000c78      0x1a8 ./drivers/fsl_flexcan.o
 .debug_aranges
                0x00000e20      0x1b8 ./drivers/fsl_uart.o
 .debug_aranges
                0x00000fd8       0x30 ./device/system_MK64F12.o
 .debug_aranges
                0x00001008       0x50 ./component/uart/fsl_adapter_uart.o
 .debug_aranges
                0x00001058       0x98 ./component/serial_manager/fsl_component_serial_manager.o
 .debug_aranges
                0x000010f0       0x48 ./component/serial_manager/fsl_component_serial_port_uart.o
 .debug_aranges
                0x00001138       0x20 ./board/board.o
 .debug_aranges
                0x00001158       0x58 ./board/clock_config.o
 .debug_aranges
                0x000011b0       0x50 ./board/pin_mux.o

.debug_rnglists
                0x00000000      0xdb4
 .debug_rnglists
                0x00000000       0x13 ./utilities/fsl_assert.o
 .debug_rnglists
                0x00000013       0x7c ./utilities/fsl_debug_console.o
 .debug_rnglists
                0x0000008f       0xa6 ./utilities/fsl_str.o
 .debug_rnglists
                0x00000135      0x25f ./startup/startup_mk64f12.o
 .debug_rnglists
                0x00000394       0x59 ./source/freertos_can.o
 .debug_rnglists
                0x000003ed       0x13 ./source/semihost_hardfault.o
 .debug_rnglists
                0x00000400       0x42 ./freertos/freertos_kernel/portable/MemMang/heap_4.o
 .debug_rnglists
                0x00000442       0x5d ./freertos/freertos_kernel/portable/GCC/ARM_CM4F/port.o
 .debug_rnglists
                0x0000049f       0x2b ./freertos/freertos_kernel/list.o
 .debug_rnglists
                0x000004ca       0xeb ./freertos/freertos_kernel/queue.o
 .debug_rnglists
                0x000005b5      0x19f ./freertos/freertos_kernel/tasks.o
 .debug_rnglists
                0x00000754       0xaf ./freertos/freertos_kernel/timers.o
 .debug_rnglists
                0x00000803      0x187 ./drivers/fsl_clock.o
 .debug_rnglists
                0x0000098a      0x158 ./drivers/fsl_flexcan.o
 .debug_rnglists
                0x00000ae2      0x153 ./drivers/fsl_uart.o
 .debug_rnglists
                0x00000c35       0x20 ./device/system_MK64F12.o
 .debug_rnglists
                0x00000c55       0x38 ./component/uart/fsl_adapter_uart.o
 .debug_rnglists
                0x00000c8d       0x6d ./component/serial_manager/fsl_component_serial_manager.o
 .debug_rnglists
                0x00000cfa       0x31 ./component/serial_manager/fsl_component_serial_port_uart.o
 .debug_rnglists
                0x00000d2b       0x13 ./board/board.o
 .debug_rnglists
                0x00000d3e       0x3d ./board/clock_config.o
 .debug_rnglists
                0x00000d7b       0x39 ./board/pin_mux.o

.debug_macro    0x00000000    0x15bfa
 .debug_macro   0x00000000      0x1a2 ./utilities/fsl_assert.o
 .debug_macro   0x000001a2      0xafc ./utilities/fsl_assert.o
 .debug_macro   0x00000c9e       0x10 ./utilities/fsl_assert.o
 .debug_macro   0x00000cae       0x1c ./utilities/fsl_assert.o
 .debug_macro   0x00000cca       0x22 ./utilities/fsl_assert.o
 .debug_macro   0x00000cec      0x12e ./utilities/fsl_assert.o
 .debug_macro   0x00000e1a      0x5b3 ./utilities/fsl_assert.o
 .debug_macro   0x000013cd       0x22 ./utilities/fsl_assert.o
 .debug_macro   0x000013ef       0x10 ./utilities/fsl_assert.o
 .debug_macro   0x000013ff       0x58 ./utilities/fsl_assert.o
 .debug_macro   0x00001457       0x1c ./utilities/fsl_assert.o
 .debug_macro   0x00001473       0x22 ./utilities/fsl_assert.o
 .debug_macro   0x00001495       0xfb ./utilities/fsl_assert.o
 .debug_macro   0x00001590      0xeeb ./utilities/fsl_assert.o
 .debug_macro   0x0000247b       0x40 ./utilities/fsl_assert.o
 .debug_macro   0x000024bb     0xec5f ./utilities/fsl_assert.o
 .debug_macro   0x0001111a     0x12e8 ./utilities/fsl_assert.o
 .debug_macro   0x00012402       0x7a ./utilities/fsl_assert.o
 .debug_macro   0x0001247c       0xa8 ./utilities/fsl_assert.o
 .debug_macro   0x00012524      0x174 ./utilities/fsl_assert.o
 .debug_macro   0x00012698       0x70 ./utilities/fsl_assert.o
 .debug_macro   0x00012708      0x198 ./utilities/fsl_assert.o
 .debug_macro   0x000128a0      0x15a ./utilities/fsl_assert.o
 .debug_macro   0x000129fa       0xea ./utilities/fsl_assert.o
 .debug_macro   0x00012ae4       0x1c ./utilities/fsl_assert.o
 .debug_macro   0x00012b00       0x26 ./utilities/fsl_assert.o
 .debug_macro   0x00012b26      0x3ae ./utilities/fsl_assert.o
 .debug_macro   0x00012ed4       0x40 ./utilities/fsl_assert.o
 .debug_macro   0x00012f14       0x16 ./utilities/fsl_assert.o
 .debug_macro   0x00012f2a       0x66 ./utilities/fsl_assert.o
 .debug_macro   0x00012f90       0x16 ./utilities/fsl_assert.o
 .debug_macro   0x00012fa6       0x1c ./utilities/fsl_assert.o
 .debug_macro   0x00012fc2       0x1c ./utilities/fsl_assert.o
 .debug_macro   0x00012fde      0x24e ./utilities/fsl_debug_console.o
 .debug_macro   0x0001322c       0x16 ./utilities/fsl_debug_console.o
 .debug_macro   0x00013242       0x10 ./utilities/fsl_debug_console.o
 .debug_macro   0x00013252       0x28 ./utilities/fsl_debug_console.o
 .debug_macro   0x0001327a      0x198 ./utilities/fsl_debug_console.o
 .debug_macro   0x00013412       0xb5 ./utilities/fsl_debug_console.o
 .debug_macro   0x000134c7      0x120 ./utilities/fsl_debug_console.o
 .debug_macro   0x000135e7       0x80 ./utilities/fsl_debug_console.o
 .debug_macro   0x00013667       0x7e ./utilities/fsl_debug_console.o
 .debug_macro   0x000136e5       0x16 ./utilities/fsl_debug_console.o
 .debug_macro   0x000136fb       0x50 ./utilities/fsl_debug_console.o
 .debug_macro   0x0001374b       0x46 ./utilities/fsl_debug_console.o
 .debug_macro   0x00013791       0x1c ./utilities/fsl_debug_console.o
 .debug_macro   0x000137ad      0x14e ./utilities/fsl_str.o
 .debug_macro   0x000138fb       0xc4 ./utilities/fsl_str.o
 .debug_macro   0x000139bf      0x1c7 ./utilities/fsl_str.o
 .debug_macro   0x00013b86       0x56 ./utilities/fsl_str.o
 .debug_macro   0x00013bdc       0x29 ./startup/startup_mk64f12.o
 .debug_macro   0x00013c05      0x27b ./source/freertos_can.o
 .debug_macro   0x00013e80       0x16 ./source/freertos_can.o
 .debug_macro   0x00013e96       0x97 ./source/freertos_can.o
 .debug_macro   0x00013f2d       0x1c ./source/freertos_can.o
 .debug_macro   0x00013f49       0x34 ./source/freertos_can.o
 .debug_macro   0x00013f7d       0x1c ./source/freertos_can.o
 .debug_macro   0x00013f99       0x16 ./source/freertos_can.o
 .debug_macro   0x00013faf       0x16 ./source/freertos_can.o
 .debug_macro   0x00013fc5      0x193 ./source/freertos_can.o
 .debug_macro   0x00014158       0xf4 ./source/freertos_can.o
 .debug_macro   0x0001424c       0x11 ./source/semihost_hardfault.o
 .debug_macro   0x0001425d       0xdf ./freertos/freertos_kernel/portable/MemMang/heap_4.o
 .debug_macro   0x0001433c      0x179 ./freertos/freertos_kernel/portable/GCC/ARM_CM4F/port.o
 .debug_macro   0x000144b5       0xc4 ./freertos/freertos_kernel/list.o
 .debug_macro   0x00014579      0x12b ./freertos/freertos_kernel/queue.o
 .debug_macro   0x000146a4      0x192 ./freertos/freertos_kernel/tasks.o
 .debug_macro   0x00014836       0x10 ./freertos/freertos_kernel/tasks.o
 .debug_macro   0x00014846       0x16 ./freertos/freertos_kernel/tasks.o
 .debug_macro   0x0001485c      0x10d ./freertos/freertos_kernel/timers.o
 .debug_macro   0x00014969      0x1d8 ./drivers/fsl_clock.o
 .debug_macro   0x00014b41      0x247 ./drivers/fsl_flexcan.o
 .debug_macro   0x00014d88       0xee ./drivers/fsl_flexcan.o
 .debug_macro   0x00014e76      0x127 ./drivers/fsl_uart.o
 .debug_macro   0x00014f9d       0x10 ./drivers/fsl_uart.o
 .debug_macro   0x00014fad       0x98 ./device/system_MK64F12.o
 .debug_macro   0x00015045      0x170 ./component/uart/fsl_adapter_uart.o
 .debug_macro   0x000151b5       0x16 ./component/uart/fsl_adapter_uart.o
 .debug_macro   0x000151cb       0x40 ./component/uart/fsl_adapter_uart.o
 .debug_macro   0x0001520b      0x1d7 ./component/serial_manager/fsl_component_serial_manager.o
 .debug_macro   0x000153e2       0x6a ./component/serial_manager/fsl_component_serial_manager.o
 .debug_macro   0x0001544c      0x1a1 ./component/serial_manager/fsl_component_serial_port_uart.o
 .debug_macro   0x000155ed      0x1d2 ./board/board.o
 .debug_macro   0x000157bf       0x16 ./board/board.o
 .debug_macro   0x000157d5      0x1ab ./board/board.o
 .debug_macro   0x00015980      0x153 ./board/clock_config.o
 .debug_macro   0x00015ad3      0x127 ./board/pin_mux.o

.debug_line     0x00000000     0xe528
 .debug_line    0x00000000      0x668 ./utilities/fsl_assert.o
 .debug_line    0x00000668      0xab0 ./utilities/fsl_debug_console.o
 .debug_line    0x00001118      0xb3d ./utilities/fsl_str.o
 .debug_line    0x00001c55      0xa99 ./startup/startup_mk64f12.o
 .debug_line    0x000026ee      0xa14 ./source/freertos_can.o
 .debug_line    0x00003102       0x59 ./source/semihost_hardfault.o
 .debug_line    0x0000315b      0x6ab ./freertos/freertos_kernel/portable/MemMang/heap_4.o
 .debug_line    0x00003806      0x68b ./freertos/freertos_kernel/portable/GCC/ARM_CM4F/port.o
 .debug_line    0x00003e91      0x460 ./freertos/freertos_kernel/list.o
 .debug_line    0x000042f1     0x12e6 ./freertos/freertos_kernel/queue.o
 .debug_line    0x000055d7     0x1a5c ./freertos/freertos_kernel/tasks.o
 .debug_line    0x00007033      0xa68 ./freertos/freertos_kernel/timers.o
 .debug_line    0x00007a9b     0x151a ./drivers/fsl_clock.o
 .debug_line    0x00008fb5     0x143c ./drivers/fsl_flexcan.o
 .debug_line    0x0000a3f1     0x1570 ./drivers/fsl_uart.o
 .debug_line    0x0000b961      0x3f1 ./device/system_MK64F12.o
 .debug_line    0x0000bd52      0x6f8 ./component/uart/fsl_adapter_uart.o
 .debug_line    0x0000c44a      0x969 ./component/serial_manager/fsl_component_serial_manager.o
 .debug_line    0x0000cdb3      0x739 ./component/serial_manager/fsl_component_serial_port_uart.o
 .debug_line    0x0000d4ec      0x6eb ./board/board.o
 .debug_line    0x0000dbd7      0x497 ./board/clock_config.o
 .debug_line    0x0000e06e      0x4ba ./board/pin_mux.o

.debug_str      0x00000000    0x8dfbb
 .debug_str     0x00000000    0x7d767 ./utilities/fsl_assert.o
                              0x7d816 (size before relaxing)
 .debug_str     0x0007d767     0x3eca ./utilities/fsl_debug_console.o
                              0x81717 (size before relaxing)
 .debug_str     0x00081631      0xb35 ./utilities/fsl_str.o
                              0x7aceb (size before relaxing)
 .debug_str     0x00082166      0x7ae ./startup/startup_mk64f12.o
                               0x378a (size before relaxing)
 .debug_str     0x00082914     0x33fc ./source/freertos_can.o
                              0x837f4 (size before relaxing)
 .debug_str     0x00085d10       0x1f ./source/semihost_hardfault.o
                               0x2f12 (size before relaxing)
 .debug_str     0x00085d2f      0x3ec ./freertos/freertos_kernel/portable/MemMang/heap_4.o
                               0x9322 (size before relaxing)
 .debug_str     0x0008611b      0x835 ./freertos/freertos_kernel/portable/GCC/ARM_CM4F/port.o
                               0x9793 (size before relaxing)
 .debug_str     0x00086950      0x135 ./freertos/freertos_kernel/list.o
                               0x7e52 (size before relaxing)
 .debug_str     0x00086a85      0x97f ./freertos/freertos_kernel/queue.o
                               0xa277 (size before relaxing)
 .debug_str     0x00087404     0x13bf ./freertos/freertos_kernel/tasks.o
                               0xafe7 (size before relaxing)
 .debug_str     0x000887c3      0x5f2 ./freertos/freertos_kernel/timers.o