Archive member included to satisfy reference by file (symbol)

c:/nxp/mcuxpressoide_11.8.0_1165/ide/plugins/com.nxp.mcuxpresso.tools.win32_11.8.0.202306131047/tools/bin/../lib/gcc/arm-none-eabi/12.2.1/../../../../arm-none-eabi/lib/thumb/v7e-m+fp/hard\libcr_nohost_nf.a(_cr__main.o)
                              ./startup/startup_mk64f12.o (__main)
c:/nxp/mcuxpressoide_11.8.0_1165/ide/plugins/com.nxp.mcuxpresso.tools.win32_11.8.0.202306131047/tools/bin/../lib/gcc/arm-none-eabi/12.2.1/../../../../arm-none-eabi/lib/thumb/v7e-m+fp/hard\libcr_c.a(memcpy.o)
                              ./utilities/fsl_str.o (memcpy)
c:/nxp/mcuxpressoide_11.8.0_1165/ide/plugins/com.nxp.mcuxpresso.tools.win32_11.8.0.202306131047/tools/bin/../lib/gcc/arm-none-eabi/12.2.1/../../../../arm-none-eabi/lib/thumb/v7e-m+fp/hard\libcr_c.a(memset.o)
                              ./utilities/fsl_debug_console.o (memset)
c:/nxp/mcuxpressoide_11.8.0_1165/ide/plugins/com.nxp.mcuxpresso.tools.win32_11.8.0.202306131047/tools/bin/../lib/gcc/arm-none-eabi/12.2.1/../../../../arm-none-eabi/lib/thumb/v7e-m+fp/hard\libcr_c.a(alloc.o)
                              ./drivers/fsl_common.o (malloc)
c:/nxp/mcuxpressoide_11.8.0_1165/ide/plugins/com.nxp.mcuxpresso.tools.win32_11.8.0.202306131047/tools/bin/../lib/gcc/arm-none-eabi/12.2.1/../../../../arm-none-eabi/lib/thumb/v7e-m+fp/hard\libcr_c.a(errno.o)
                              ./utilities/fsl_str.o (errno)
c:/nxp/mcuxpressoide_11.8.0_1165/ide/plugins/com.nxp.mcuxpresso.tools.win32_11.8.0.202306131047/tools/bin/../lib/gcc/arm-none-eabi/12.2.1/../../../../arm-none-eabi/lib/thumb/v7e-m+fp/hard\libcr_c.a(initio.o)
                              c:/nxp/mcuxpressoide_11.8.0_1165/ide/plugins/com.nxp.mcuxpresso.tools.win32_11.8.0.202306131047/tools/bin/../lib/gcc/arm-none-eabi/12.2.1/../../../../arm-none-eabi/lib/thumb/v7e-m+fp/hard\libcr_nohost_nf.a(_cr__main.o) (_initio)
c:/nxp/mcuxpressoide_11.8.0_1165/ide/plugins/com.nxp.mcuxpresso.tools.win32_11.8.0.202306131047/tools/bin/../lib/gcc/arm-none-eabi/12.2.1/../../../../arm-none-eabi/lib/thumb/v7e-m+fp/hard\libcr_c.a(scanf.o)
                              ./utilities/fsl_str.o (strtoul)
c:/nxp/mcuxpressoide_11.8.0_1165/ide/plugins/com.nxp.mcuxpresso.tools.win32_11.8.0.202306131047/tools/bin/../lib/gcc/arm-none-eabi/12.2.1/../../../../arm-none-eabi/lib/thumb/v7e-m+fp/hard\libcr_c.a(setvbuf.o)
                              c:/nxp/mcuxpressoide_11.8.0_1165/ide/plugins/com.nxp.mcuxpresso.tools.win32_11.8.0.202306131047/tools/bin/../lib/gcc/arm-none-eabi/12.2.1/../../../../arm-none-eabi/lib/thumb/v7e-m+fp/hard\libcr_c.a(initio.o) (setvbuf)
c:/nxp/mcuxpressoide_11.8.0_1165/ide/plugins/com.nxp.mcuxpresso.tools.win32_11.8.0.202306131047/tools/bin/../lib/gcc/arm-none-eabi/12.2.1/../../../../arm-none-eabi/lib/thumb/v7e-m+fp/hard\libcr_c.a(strlen.o)
                              ./utilities/fsl_str.o (strlen)
c:/nxp/mcuxpressoide_11.8.0_1165/ide/plugins/com.nxp.mcuxpresso.tools.win32_11.8.0.202306131047/tools/bin/../lib/gcc/arm-none-eabi/12.2.1/../../../../arm-none-eabi/lib/thumb/v7e-m+fp/hard\libcr_c.a(ungetc.o)
                              c:/nxp/mcuxpressoide_11.8.0_1165/ide/plugins/com.nxp.mcuxpresso.tools.win32_11.8.0.202306131047/tools/bin/../lib/gcc/arm-none-eabi/12.2.1/../../../../arm-none-eabi/lib/thumb/v7e-m+fp/hard\libcr_c.a(scanf.o) (ungetc)
c:/nxp/mcuxpressoide_11.8.0_1165/ide/plugins/com.nxp.mcuxpresso.tools.win32_11.8.0.202306131047/tools/bin/../lib/gcc/arm-none-eabi/12.2.1/../../../../arm-none-eabi/lib/thumb/v7e-m+fp/hard\libcr_c.a(__fillbuf.o)
                              c:/nxp/mcuxpressoide_11.8.0_1165/ide/plugins/com.nxp.mcuxpresso.tools.win32_11.8.0.202306131047/tools/bin/../lib/gcc/arm-none-eabi/12.2.1/../../../../arm-none-eabi/lib/thumb/v7e-m+fp/hard\libcr_c.a(scanf.o) (__filbuf)
c:/nxp/mcuxpressoide_11.8.0_1165/ide/plugins/com.nxp.mcuxpresso.tools.win32_11.8.0.202306131047/tools/bin/../lib/gcc/arm-none-eabi/12.2.1/../../../../arm-none-eabi/lib/thumb/v7e-m+fp/hard\libcr_c.a(__init_alloc.o)
                              c:/nxp/mcuxpressoide_11.8.0_1165/ide/plugins/com.nxp.mcuxpresso.tools.win32_11.8.0.202306131047/tools/bin/../lib/gcc/arm-none-eabi/12.2.1/../../../../arm-none-eabi/lib/thumb/v7e-m+fp/hard\libcr_c.a(alloc.o) (__heaps)
c:/nxp/mcuxpressoide_11.8.0_1165/ide/plugins/com.nxp.mcuxpresso.tools.win32_11.8.0.202306131047/tools/bin/../lib/gcc/arm-none-eabi/12.2.1/../../../../arm-none-eabi/lib/thumb/v7e-m+fp/hard\libcr_c.a(_cr_sbrk.o)
                              c:/nxp/mcuxpressoide_11.8.0_1165/ide/plugins/com.nxp.mcuxpresso.tools.win32_11.8.0.202306131047/tools/bin/../lib/gcc/arm-none-eabi/12.2.1/../../../../arm-none-eabi/lib/thumb/v7e-m+fp/hard\libcr_c.a(alloc.o) (_sbrk)
c:/nxp/mcuxpressoide_11.8.0_1165/ide/plugins/com.nxp.mcuxpresso.tools.win32_11.8.0.202306131047/tools/bin/../lib/gcc/arm-none-eabi/12.2.1/../../../../arm-none-eabi/lib/thumb/v7e-m+fp/hard\libcr_c.a(_deferredlazyseek.o)
[...]
Memory Configuration

Name             Origin             Length             Attributes
PROGRAM_FLASH    0x00000000         0x00100000         xr
SRAM_UPPER       0x20000000         0x00030000         xrw
SRAM_LOWER       0x1fff0000         0x00010000         xrw
FLEX_RAM         0x14000000         0x00001000         xrw
*default*        0x00000000         0xffffffff

Linker script and memory map

LOAD ./utilities/fsl_assert.o
LOAD ./utilities/fsl_debug_console.o
LOAD ./utilities/fsl_str.o
LOAD ./startup/startup_mk64f12.o
LOAD ./source/freertos_hello.o
LOAD ./source/semihost_hardfault.o
LOAD ./freertos/freertos_kernel/portable/MemMang/heap_4.o
LOAD ./freertos/freertos_kernel/portable/GCC/ARM_CM4F/port.o
LOAD ./freertos/freertos_kernel/croutine.o
LOAD ./freertos/freertos_kernel/event_groups.o
LOAD ./freertos/freertos_kernel/list.o
LOAD ./freertos/freertos_kernel/queue.o
LOAD ./freertos/freertos_kernel/stream_buffer.o
LOAD ./freertos/freertos_kernel/tasks.o
LOAD ./freertos/freertos_kernel/timers.o
LOAD ./drivers/fsl_clock.o
LOAD ./drivers/fsl_common.o
LOAD ./drivers/fsl_common_arm.o
LOAD ./drivers/fsl_flexcan.o
LOAD ./drivers/fsl_ftfx_cache.o
LOAD ./drivers/fsl_ftfx_controller.o
LOAD ./drivers/fsl_ftfx_flash.o
LOAD ./drivers/fsl_ftfx_flexnvm.o
LOAD ./drivers/fsl_gpio.o
LOAD ./drivers/fsl_smc.o
LOAD ./drivers/fsl_uart.o
LOAD ./device/system_MK64F12.o
LOAD ./component/uart/fsl_adapter_uart.o
LOAD ./component/serial_manager/fsl_component_serial_manager.o
LOAD ./component/serial_manager/fsl_component_serial_port_uart.o
LOAD ./component/lists/fsl_component_generic_list.o
LOAD ./board/board.o
LOAD ./board/clock_config.o
LOAD ./board/pin_mux.o
START GROUP
LOAD c:/nxp/mcuxpressoide_11.8.0_1165/ide/plugins/com.nxp.mcuxpresso.tools.win32_11.8.0.202306131047/tools/bin/../lib/gcc/arm-none-eabi/12.2.1/../../../../arm-none-eabi/lib/thumb/v7e-m+fp/hard\libcr_nohost_nf.a
LOAD c:/nxp/mcuxpressoide_11.8.0_1165/ide/plugins/com.nxp.mcuxpresso.tools.win32_11.8.0.202306131047/tools/bin/../lib/gcc/arm-none-eabi/12.2.1/../../../../arm-none-eabi/lib/thumb/v7e-m+fp/hard\libcr_c.a
LOAD c:/nxp/mcuxpressoide_11.8.0_1165/ide/plugins/com.nxp.mcuxpresso.tools.win32_11.8.0.202306131047/tools/bin/../lib/gcc/arm-none-eabi/12.2.1/thumb/v7e-m+fp/hard\libcr_eabihelpers.a
LOAD c:/nxp/mcuxpressoide_11.8.0_1165/ide/plugins/com.nxp.mcuxpresso.tools.win32_11.8.0.202306131047/tools/bin/../lib/gcc/arm-none-eabi/12.2.1/thumb/v7e-m+fp/hard\libgcc.a
END GROUP
                0x00000000                __base_PROGRAM_FLASH = 0x0
                0x00000000                __base_Flash = 0x0
                0x00100000                __top_PROGRAM_FLASH = 0x100000
                0x00100000                __top_Flash = 0x100000
                0x20000000                __base_SRAM_UPPER = 0x20000000
                0x20000000                __base_RAM = 0x20000000
                0x20030000                __top_SRAM_UPPER = 0x20030000
                0x20030000                __top_RAM = 0x20030000
                0x1fff0000                __base_SRAM_LOWER = 0x1fff0000
                0x1fff0000                __base_RAM2 = 0x1fff0000
                0x20000000                __top_SRAM_LOWER = 0x20000000
                0x20000000                __top_RAM2 = 0x20000000
                0x14000000                __base_FLEX_RAM = 0x14000000
                0x14000000                __base_RAM3 = 0x14000000
                0x14001000                __top_FLEX_RAM = 0x14001000
                0x14001000                __top_RAM3 = 0x14001000

.text           0x00000000     0x6d50
 FILL mask 0xff
                0x00000000                __vectors_start__ = ABSOLUTE (.)
 *(SORT_BY_ALIGNMENT(.isr_vector))
 .isr_vector    0x00000000      0x198 ./startup/startup_mk64f12.o
                0x00000000                g_pfnVectors
                0x00000000                __Vectors
                0x00000198                . = ALIGN (0x4)
                0x00000198                __section_table_start = .
                0x00000198                __data_section_table = .
                0x00000198        0x4 LONG 0x6d50 LOADADDR (.data)
                0x0000019c        0x4 LONG 0x20000000 ADDR (.data)
                0x000001a0        0x4 LONG 0x18 SIZEOF (.data)
                0x000001a4        0x4 LONG 0x6d50 LOADADDR (.data_RAM2)
                0x000001a8        0x4 LONG 0x1fff0000 ADDR (.data_RAM2)
                0x000001ac        0x4 LONG 0x0 SIZEOF (.data_RAM2)
                0x000001b0        0x4 LONG 0x6d50 LOADADDR (.data_RAM3)
                0x000001b4        0x4 LONG 0x14000000 ADDR (.data_RAM3)
                0x000001b8        0x4 LONG 0x0 SIZEOF (.data_RAM3)
                0x000001bc                __data_section_table_end = .
                0x000001bc                __bss_section_table = .
                0x000001bc        0x4 LONG 0x20000018 ADDR (.bss)
                0x000001c0        0x4 LONG 0x2ac0 SIZEOF (.bss)
                0x000001c4        0x4 LONG 0x1fff0000 ADDR (.bss_RAM2)
                0x000001c8        0x4 LONG 0x0 SIZEOF (.bss_RAM2)
                0x000001cc        0x4 LONG 0x14000000 ADDR (.bss_RAM3)
                0x000001d0        0x4 LONG 0x0 SIZEOF (.bss_RAM3)
                0x000001d4                __bss_section_table_end = .
                0x000001d4                __section_table_end = .
 *(SORT_BY_ALIGNMENT(.after_vectors*))
 .after_vectors.reset
                0x000001d4       0x4c ./startup/startup_mk64f12.o
                0x000001d4                ResetISR
 .after_vectors.init_data
                0x00000220       0x1e ./startup/startup_mk64f12.o
                0x00000220                data_init
 .after_vectors.init_bss
                0x0000023e       0x12 ./startup/startup_mk64f12.o
                0x0000023e                bss_init
 .after_vectors
                0x00000250       0x14 ./startup/startup_mk64f12.o
                0x00000250                NMI_Handler
                0x00000254                MemManage_Handler
                0x00000256                BusFault_Handler
                0x00000258                UsageFault_Handler
                0x0000025c                DebugMon_Handler
                0x00000262                LPTMR0_DriverIRQHandler
                0x00000262                DMA_Error_DriverIRQHandler
                0x00000262                SPI1_DriverIRQHandler
                0x00000262                FTM1_DriverIRQHandler
                0x00000262                FTM2_DriverIRQHandler
                0x00000262                PIT2_DriverIRQHandler
                0x00000262                SDHC_DriverIRQHandler
                0x00000262                I2S0_Tx_DriverIRQHandler
                0x00000262                RTC_Seconds_DriverIRQHandler
                0x00000262                DMA6_DriverIRQHandler
                0x00000262                LLWU_DriverIRQHandler
                0x00000262                MCM_DriverIRQHandler
                0x00000262                MCG_DriverIRQHandler
                0x00000262                ENET_1588_Timer_DriverIRQHandler
                0x00000262                I2C2_DriverIRQHandler
                0x00000262                DAC1_DriverIRQHandler
                0x00000262                DMA12_DriverIRQHandler
                0x00000262                CMP1_DriverIRQHandler
                0x00000262                FTM0_DriverIRQHandler
                0x00000262                IntDefaultHandler
                0x00000262                USB0_DriverIRQHandler
                0x00000262                UART5_ERR_DriverIRQHandler
                0x00000262                PORTC_DriverIRQHandler
                0x00000262                DMA11_DriverIRQHandler
                0x00000262                DAC0_DriverIRQHandler
                0x00000262                DMA10_DriverIRQHandler
                0x00000262                CMP2_DriverIRQHandler
                0x00000262                UART2_ERR_DriverIRQHandler
                0x00000262                SPI2_DriverIRQHandler
                0x00000262                LVD_LVW_DriverIRQHandler
                0x00000262                PIT0_DriverIRQHandler
                0x00000262                PORTB_DriverIRQHandler
                0x00000262                DMA5_DriverIRQHandler
                0x00000262                DMA4_DriverIRQHandler
                0x00000262                USBDCD_DriverIRQHandler
                0x00000262                UART3_ERR_DriverIRQHandler
                0x00000262                DMA3_DriverIRQHandler
                0x00000262                DMA8_DriverIRQHandler
                0x00000262                DMA9_DriverIRQHandler
                0x00000262                UART0_ERR_DriverIRQHandler
                0x00000262                CMT_DriverIRQHandler
                0x00000262                Reserved71_DriverIRQHandler
                0x00000262                ADC1_DriverIRQHandler
                0x00000262                PORTA_DriverIRQHandler
                0x00000262                DMA14_DriverIRQHandler
                0x00000262                PIT3_DriverIRQHandler
                0x00000262                PIT1_DriverIRQHandler
                0x00000262                WDOG_EWM_DriverIRQHandler
                0x00000262                PDB0_DriverIRQHandler
                0x00000262                RTC_DriverIRQHandler
                0x00000262                I2S0_Rx_DriverIRQHandler
                0x00000262                Read_Collision_DriverIRQHandler
                0x00000262                SWI_DriverIRQHandler
                0x00000262                UART4_ERR_DriverIRQHandler
                0x00000262                DMA0_DriverIRQHandler
                0x00000262                UART0_LON_DriverIRQHandler
                0x00000262                DMA1_DriverIRQHandler
                0x00000262                I2C1_DriverIRQHandler
                0x00000262                ENET_Receive_DriverIRQHandler
                0x00000262                DMA13_DriverIRQHandler
                0x00000262                ENET_Error_DriverIRQHandler
                0x00000262                DMA15_DriverIRQHandler
                0x00000262                SPI0_DriverIRQHandler
                0x00000262                ADC0_DriverIRQHandler
                0x00000262                CMP0_DriverIRQHandler
                0x00000262                FTM3_DriverIRQHandler
                0x00000262                RNG_DriverIRQHandler
                0x00000262                UART1_ERR_DriverIRQHandler
                0x00000262                DMA2_DriverIRQHandler
                0x00000262                ENET_Transmit_DriverIRQHandler
                0x00000262                PORTD_DriverIRQHandler
                0x00000262                PORTE_DriverIRQHandler
                0x00000262                FTFE_DriverIRQHandler
                0x00000262                I2C0_DriverIRQHandler
                0x00000262                DMA7_DriverIRQHandler
                0x00000400                . = 0x400
 *fill*         0x00000264      0x19c ff
                0x00000400                PROVIDE (__FLASH_CONFIG_START__ = .)
 *(SORT_BY_ALIGNMENT(.FlashConfig))
 .FlashConfig   0x00000400       0x10 ./startup/startup_mk64f12.o
                0x00000400                Flash_Config
                0x00000410                PROVIDE (__FLASH_CONFIG_END__ = .)
                0x00000001                ASSERT (! ((__FLASH_CONFIG_START__ == __FLASH_CONFIG_END__)), Linker Flash Config Support Enabled, but no .FlashConfig section provided within application)
 *(SORT_BY_ALIGNMENT(.text*))
 .text.SVC_Handler
                0x00000410       0x28 ./freertos/freertos_kernel/portable/GCC/ARM_CM4F/port.o
                0x00000410                SVC_Handler
 *fill*         0x00000438        0x8 ff
 .text.PendSV_Handler
                0x00000440       0x68 ./freertos/freertos_kernel/portable/GCC/ARM_CM4F/port.o
                0x00000440                PendSV_Handler
 .text.__assertion_failed
                0x000004a8       0x18 ./utilities/fsl_assert.o
                0x000004a8                __assertion_failed
 .text.DbgConsole_SendDataReliable
                0x000004c0       0x54 ./utilities/fsl_debug_console.o
                0x000004c0                DbgConsole_SendDataReliable
 .text.DbgConsole_Init
                0x00000514      0x118 ./utilities/fsl_debug_console.o
                0x00000514                DbgConsole_Init
 .text.DbgConsole_Vprintf
                0x0000062c       0x6c ./utilities/fsl_debug_console.o
                0x0000062c                DbgConsole_Vprintf
 .text.__NVIC_EnableIRQ
                0x00000698       0x3c ./source/freertos_hello.o
 .text.PORTA_IRQHandler
                0x000006d4       0x24 ./source/freertos_hello.o
                0x000006d4                PORTA_IRQHandler
 .text.PORTC_IRQHandler
                0x000006f8       0x24 ./source/freertos_hello.o
                0x000006f8                PORTC_IRQHandler
 .text.main     0x0000071c       0x64 ./source/freertos_hello.o
                0x0000071c                main
 .text.CAN0_ORed_Message_buffer_IRQHandler
                0x00000780       0x80 ./source/freertos_hello.o
                0x00000780                CAN0_ORed_Message_buffer_IRQHandler
 .text.can_init
                0x00000800       0xe8 ./source/freertos_hello.o
                0x00000800                can_init
 .text.pvPortMalloc
                0x000008e8      0x1c0 ./freertos/freertos_kernel/portable/MemMang/heap_4.o
                0x000008e8                pvPortMalloc
 .text.vPortFree
                0x00000aa8       0xc4 ./freertos/freertos_kernel/portable/MemMang/heap_4.o
                0x00000aa8                vPortFree
 .text.prvHeapInit
                0x00000b6c       0xc4 ./freertos/freertos_kernel/portable/MemMang/heap_4.o
 .text.prvInsertBlockIntoFreeList
                0x00000c30       0xb4 ./freertos/freertos_kernel/portable/MemMang/heap_4.o
 .text.pxPortInitialiseStack
                0x00000ce4       0x68 ./freertos/freertos_kernel/portable/GCC/ARM_CM4F/port.o
                0x00000ce4                pxPortInitialiseStack
 .text.prvTaskExitError
                0x00000d4c       0x58 ./freertos/freertos_kernel/portable/GCC/ARM_CM4F/port.o
 .text.prvPortStartFirstTask
                0x00000da4       0x2c ./freertos/freertos_kernel/portable/GCC/ARM_CM4F/port.o
 .text.xPortStartScheduler
                0x00000dd0      0x144 ./freertos/freertos_kernel/portable/GCC/ARM_CM4F/port.o
                0x00000dd0                xPortStartScheduler
 .text.vPortEnterCritical
                0x00000f14       0x60 ./freertos/freertos_kernel/portable/GCC/ARM_CM4F/port.o
                0x00000f14                vPortEnterCritical
 .text.vPortExitCritical
                0x00000f74       0x54 ./freertos/freertos_kernel/portable/GCC/ARM_CM4F/port.o
                0x00000f74                vPortExitCritical
 .text.SysTick_Handler
                0x00000fc8       0x44 ./freertos/freertos_kernel/portable/GCC/ARM_CM4F/port.o
                0x00000fc8                SysTick_Handler
 .text.vPortSetupTimerInterrupt
                0x0000100c       0x48 ./freertos/freertos_kernel/portable/GCC/ARM_CM4F/port.o
                0x0000100c                vPortSetupTimerInterrupt
 .text.vPortEnableVFP
                0x00001054       0x18 ./freertos/freertos_kernel/portable/GCC/ARM_CM4F/port.o
 .text.vPortValidateInterruptPriority
                0x0000106c       0x80 ./freertos/freertos_kernel/portable/GCC/ARM_CM4F/port.o
                0x0000106c                vPortValidateInterruptPriority
 .text.xQueueGenericReset
                0x000010ec       0xd0 ./freertos/freertos_kernel/queue.o
                0x000010ec                xQueueGenericReset
 .text.xQueueGenericSend
                0x000011bc      0x1fc ./freertos/freertos_kernel/queue.o
                0x000011bc                xQueueGenericSend
 .text.xQueueReceive
                0x000013b8      0x1c0 ./freertos/freertos_kernel/queue.o
                0x000013b8                xQueueReceive
 .text.vQueueAddToRegistry
                0x00001578       0x54 ./freertos/freertos_kernel/queue.o
                0x00001578                vQueueAddToRegistry
 .text.prvAddNewTaskToReadyList
                0x000015cc       0xdc ./freertos/freertos_kernel/tasks.o
 .text.vTaskSuspend
                0x000016a8      0x140 ./freertos/freertos_kernel/tasks.o
                0x000016a8                vTaskSuspend
 .text.vTaskStartScheduler
                0x000017e8       0xa4 ./freertos/freertos_kernel/tasks.o
                0x000017e8                vTaskStartScheduler
 .text.vTaskSuspendAll
                0x0000188c       0x1c ./freertos/freertos_kernel/tasks.o
                0x0000188c                vTaskSuspendAll
 .text.xTaskResumeAll
                0x000018a8      0x138 ./freertos/freertos_kernel/tasks.o
                0x000018a8                xTaskResumeAll
 .text.xTaskGetTickCount
                0x000019e0       0x20 ./freertos/freertos_kernel/tasks.o
                0x000019e0                xTaskGetTickCount
 .text.xTaskIncrementTick
                0x00001a00      0x154 ./freertos/freertos_kernel/tasks.o
                0x00001a00                xTaskIncrementTick
 .text.vTaskSwitchContext
                0x00001b54       0xb8 ./freertos/freertos_kernel/tasks.o
                0x00001b54                vTaskSwitchContext
 .text.vTaskPlaceOnEventList
                0x00001c0c       0x48 ./freertos/freertos_kernel/tasks.o
                0x00001c0c                vTaskPlaceOnEventList
 .text.vTaskPlaceOnEventListRestricted
                0x00001c54       0x58 ./freertos/freertos_kernel/tasks.o
                0x00001c54                vTaskPlaceOnEventListRestricted
 .text.xTaskRemoveFromEventList
                0x00001cac       0xc4 ./freertos/freertos_kernel/tasks.o
                0x00001cac                xTaskRemoveFromEventList
 .text.vTaskInternalSetTimeOutState
                0x00001d70       0x2c ./freertos/freertos_kernel/tasks.o
                0x00001d70                vTaskInternalSetTimeOutState
 .text.xTaskCheckForTimeOut
                0x00001d9c       0xcc ./freertos/freertos_kernel/tasks.o
                0x00001d9c                xTaskCheckForTimeOut
 .text.vTaskMissedYield
                0x00001e68       0x18 ./freertos/freertos_kernel/tasks.o
                0x00001e68                vTaskMissedYield
 .text.prvIdleTask
                0x00001e80       0x30 ./freertos/freertos_kernel/tasks.o
 .text.prvInitialiseTaskLists
                0x00001eb0       0x80 ./freertos/freertos_kernel/tasks.o
 .text.prvCheckTasksWaitingTermination
                0x00001f30       0x5c ./freertos/freertos_kernel/tasks.o
 .text.prvResetNextTaskUnblockTime
                0x00001f8c       0x38 ./freertos/freertos_kernel/tasks.o
 .text.xTaskGetSchedulerState
                0x00001fc4       0x3c ./freertos/freertos_kernel/tasks.o
                0x00001fc4                xTaskGetSchedulerState
 .text.xTaskPriorityDisinherit
                0x00002000       0xf4 ./freertos/freertos_kernel/tasks.o
                0x00002000                xTaskPriorityDisinherit
 .text.prvAddCurrentTaskToDelayedList
                0x000020f4       0xcc ./freertos/freertos_kernel/tasks.o
 .text.xTimerCreateTimerTask
                0x000021c0       0x64 ./freertos/freertos_kernel/timers.o
                0x000021c0                xTimerCreateTimerTask
 .text.xTimerGenericCommand
                0x00002224       0x9c ./freertos/freertos_kernel/timers.o
                0x00002224                xTimerGenericCommand
 .text.prvProcessExpiredTimer
                0x000022c0       0x98 ./freertos/freertos_kernel/timers.o
 .text.prvProcessTimerOrBlockTask
                0x00002358       0x9c ./freertos/freertos_kernel/timers.o
 .text.prvGetNextExpireTime
                0x000023f4       0x48 ./freertos/freertos_kernel/timers.o
 .text.prvSampleTimeNow
                0x0000243c       0x40 ./freertos/freertos_kernel/timers.o
 .text.prvInsertTimerInActiveList
                0x0000247c       0x84 ./freertos/freertos_kernel/timers.o
 .text.prvProcessReceivedCommands
                0x00002500      0x1c4 ./freertos/freertos_kernel/timers.o
 .text.prvSwitchTimerLists
                0x000026c4       0xc8 ./freertos/freertos_kernel/timers.o
 .text.prvCheckForValidListAndQueue
                0x0000278c       0x6c ./freertos/freertos_kernel/timers.o
 .text.CLOCK_SetEr32kClock
                0x000027f8       0x30 ./drivers/fsl_clock.o
 .text.CLOCK_SetPllFllSelClock
                0x00002828       0x38 ./drivers/fsl_clock.o
 .text.CLOCK_GetMcgExtClkFreq
                0x00002860       0x7c ./drivers/fsl_clock.o
 .text.CLOCK_GetFllExtRefClkFreq
                0x000028dc       0xb0 ./drivers/fsl_clock.o
 .text.CLOCK_GetInternalRefClkSelectFreq
                0x0000298c       0x4c ./drivers/fsl_clock.o
 .text.CLOCK_GetFllRefClkFreq
                0x000029d8       0x34 ./drivers/fsl_clock.o
 .text.CLOCK_GetOscRangeFromFreq
                0x00002a0c       0x3c ./drivers/fsl_clock.o
 .text.CLOCK_GetOsc0ErClkFreq
                0x00002a48       0x44 ./drivers/fsl_clock.o
                0x00002a48                CLOCK_GetOsc0ErClkFreq
 .text.CLOCK_GetEr32kClkFreq
                0x00002a8c       0x74 ./drivers/fsl_clock.o
                0x00002a8c                CLOCK_GetEr32kClkFreq
 .text.CLOCK_GetPllFllSelClkFreq
                0x00002b00       0x54 ./drivers/fsl_clock.o
                0x00002b00                CLOCK_GetPllFllSelClkFreq
 .text.CLOCK_GetCoreSysClkFreq
                0x00002b54       0x28 ./drivers/fsl_clock.o
                0x00002b54                CLOCK_GetCoreSysClkFreq
 .text.CLOCK_GetFreq
                0x00002b7c      0x140 ./drivers/fsl_clock.o
                0x00002b7c                CLOCK_GetFreq
 .text.CLOCK_SetSimConfig
                0x00002cbc       0x34 ./drivers/fsl_clock.o
                0x00002cbc                CLOCK_SetSimConfig
 .text.CLOCK_GetOutClkFreq
                0x00002cf0       0x64 ./drivers/fsl_clock.o
                0x00002cf0                CLOCK_GetOutClkFreq
 .text.CLOCK_GetFllFreq
                0x00002d54       0x84 ./drivers/fsl_clock.o
                0x00002d54                CLOCK_GetFllFreq
 .text.CLOCK_GetInternalRefClkFreq
                0x00002dd8       0x30 ./drivers/fsl_clock.o
                0x00002dd8                CLOCK_GetInternalRefClkFreq
 .text.CLOCK_GetPll0Freq
                0x00002e08       0x78 ./drivers/fsl_clock.o
                0x00002e08                CLOCK_GetPll0Freq
 .text.CLOCK_SetExternalRefClkConfig
                0x00002e80       0x6c ./drivers/fsl_clock.o
                0x00002e80                CLOCK_SetExternalRefClkConfig
 .text.CLOCK_SetInternalRefClkConfig
                0x00002eec      0x104 ./drivers/fsl_clock.o
                0x00002eec                CLOCK_SetInternalRefClkConfig
 .text.CLOCK_EnablePll0
                0x00002ff0       0x88 ./drivers/fsl_clock.o
                0x00002ff0                CLOCK_EnablePll0
 .text.CLOCK_InitOsc0
                0x00003078       0x8c ./drivers/fsl_clock.o
                0x00003078                CLOCK_InitOsc0
 .text.CLOCK_SetPbeMode
                0x00003104       0xa8 ./drivers/fsl_clock.o
                0x00003104                CLOCK_SetPbeMode
 .text.CLOCK_BootToPeeMode
                0x000031ac       0x64 ./drivers/fsl_clock.o
                0x000031ac                CLOCK_BootToPeeMode
 .text.FLEXCAN_GetInstance
                0x00003210       0x44 ./drivers/fsl_flexcan.o
                0x00003210                FLEXCAN_GetInstance
 .text.FLEXCAN_Reset
                0x00003254       0xbc ./drivers/fsl_flexcan.o
 .text.FLEXCAN_SetBitRate
                0x00003310       0xb0 ./drivers/fsl_flexcan.o
 .text.FLEXCAN_Init
                0x000033c0      0x1a0 ./drivers/fsl_flexcan.o
                0x000033c0                FLEXCAN_Init
 .text.FLEXCAN_GetDefaultConfig
                0x00003560       0x88 ./drivers/fsl_flexcan.o
                0x00003560                FLEXCAN_GetDefaultConfig
 .text.FLEXCAN_SetTimingConfig
                0x000035e8       0x7c ./drivers/fsl_flexcan.o
                0x000035e8                FLEXCAN_SetTimingConfig
 .text.FLEXCAN_SetTxMbConfig
                0x00003664       0xa4 ./drivers/fsl_flexcan.o
                0x00003664                FLEXCAN_SetTxMbConfig
 .text.FLEXCAN_GetSegments
                0x00003708      0x19c ./drivers/fsl_flexcan.o
 .text.FLEXCAN_CalculateImprovedTimingValues
                0x000038a4      0x10c ./drivers/fsl_flexcan.o
                0x000038a4                FLEXCAN_CalculateImprovedTimingValues
 .text.FLEXCAN_SetRxMbConfig
                0x000039b0       0xf8 ./drivers/fsl_flexcan.o
                0x000039b0                FLEXCAN_SetRxMbConfig
 .text.FLEXCAN_ReadRxMb
                0x00003aa8      0x124 ./drivers/fsl_flexcan.o
                0x00003aa8                FLEXCAN_ReadRxMb
 .text.CAN0_DriverIRQHandler
                0x00003bcc       0x3c ./drivers/fsl_flexcan.o
                0x00003bcc                CAN0_DriverIRQHandler
 .text.GPIO_GetInstance
                0x00003c08       0x4c ./drivers/fsl_gpio.o
 .text.GPIO_PortClearInterruptFlags
                0x00003c54       0x34 ./drivers/fsl_gpio.o
                0x00003c54                GPIO_PortClearInterruptFlags
 .text.UART_GetInstance
                0x00003c88       0x54 ./drivers/fsl_uart.o
                0x00003c88                UART_GetInstance
 .text.UART_Init
                0x00003cdc      0x2f4 ./drivers/fsl_uart.o
                0x00003cdc                UART_Init
 .text.UART_GetDefaultConfig
                0x00003fd0       0x68 ./drivers/fsl_uart.o
                0x00003fd0                UART_GetDefaultConfig
 .text.UART0_DriverIRQHandler
                0x00004038       0x28 ./drivers/fsl_uart.o
                0x00004038                UART0_DriverIRQHandler
 .text.UART1_DriverIRQHandler
                0x00004060       0x28 ./drivers/fsl_uart.o
                0x00004060                UART1_DriverIRQHandler
 .text.UART2_DriverIRQHandler
                0x00004088       0x28 ./drivers/fsl_uart.o
                0x00004088                UART2_DriverIRQHandler
 .text.UART3_DriverIRQHandler
                0x000040b0       0x28 ./drivers/fsl_uart.o
                0x000040b0                UART3_DriverIRQHandler
 .text.UART4_DriverIRQHandler
                0x000040d8       0x28 ./drivers/fsl_uart.o
                0x000040d8                UART4_DriverIRQHandler
 .text.UART5_DriverIRQHandler
                0x00004100       0x28 ./drivers/fsl_uart.o
                0x00004100                UART5_DriverIRQHandler
 .text.SystemInit
                0x00004128       0x3c ./device/system_MK64F12.o
                0x00004128                SystemInit
 .text.HAL_UartInit
                0x00004164      0x128 ./component/uart/fsl_adapter_uart.o
                0x00004164                HAL_UartInit
 .text.HAL_UartSendBlocking
                0x0000428c       0x64 ./component/uart/fsl_adapter_uart.o
                0x0000428c                HAL_UartSendBlocking
 .text.CLOCK_SetSimSafeDivs
                0x000042f0       0x20 ./board/clock_config.o
 .text.CLOCK_SetXtal0Freq
                0x00004310       0x20 ./board/clock_config.o
 .text.CLOCK_CONFIG_SetFllExtRefDiv
                0x00004330       0x3c ./board/clock_config.o
 .text.BOARD_BootClockRUN
                0x0000436c       0x60 ./board/clock_config.o
                0x0000436c                BOARD_BootClockRUN
 .text.PORT_SetPinConfig
                0x000043cc       0x38 ./board/pin_mux.o
 .text.BOARD_InitPins
                0x00004404       0xf8 ./board/pin_mux.o
                0x00004404                BOARD_InitPins
 .text._initio  0x000044fc       0x78 c:/nxp/mcuxpressoide_11.8.0_1165/ide/plugins/com.nxp.mcuxpresso.tools.win32_11.8.0.202306131047/tools/bin/../lib/gcc/arm-none-eabi/12.2.1/../../../../arm-none-eabi/lib/thumb/v7e-m+fp/hard\libcr_c.a(initio.o)
                0x000044fc                _initio
 .text._Cwritebuf
                0x00004574       0x6c c:/nxp/mcuxpressoide_11.8.0_1165/ide/plugins/com.nxp.mcuxpresso.tools.win32_11.8.0.202306131047/tools/bin/../lib/gcc/arm-none-eabi/12.2.1/../../../../arm-none-eabi/lib/thumb/v7e-m+fp/hard\libcr_c.a(_writebuf.o)
                0x00004574                _Cwritebuf
 .text.fflush   0x000045e0       0x3c c:/nxp/mcuxpressoide_11.8.0_1165/ide/plugins/com.nxp.mcuxpresso.tools.win32_11.8.0.202306131047/tools/bin/../lib/gcc/arm-none-eabi/12.2.1/../../../../arm-none-eabi/lib/thumb/v7e-m+fp/hard\libcr_c.a(fflush.o)
                0x000045e0                fflush
 .text.fseek    0x0000461c       0xf8 c:/nxp/mcuxpressoide_11.8.0_1165/ide/plugins/com.nxp.mcuxpresso.tools.win32_11.8.0.202306131047/tools/bin/../lib/gcc/arm-none-eabi/12.2.1/../../../../arm-none-eabi/lib/thumb/v7e-m+fp/hard\libcr_c.a(fseek.o)
                0x0000461c                fseek
 .text.ftell    0x00004714       0x44 c:/nxp/mcuxpressoide_11.8.0_1165/ide/plugins/com.nxp.mcuxpresso.tools.win32_11.8.0.202306131047/tools/bin/../lib/gcc/arm-none-eabi/12.2.1/../../../../arm-none-eabi/lib/thumb/v7e-m+fp/hard\libcr_c.a(ftell.o)
                0x00004714                ftell
 .text.DbgConsole_PrintCallback
                0x00004758       0x66 ./utilities/fsl_debug_console.o
 .text.DbgConsole_Printf
                0x000047be       0x2c ./utilities/fsl_debug_console.o
                0x000047be                DbgConsole_Printf
 .text.PrintGetWidth
                0x000047ea       0x6a ./utilities/fsl_str.o
 .text.PrintGetPrecision
                0x00004854       0x8c ./utilities/fsl_str.o
 .text.PrintIsobpu
                0x000048e0       0x38 ./utilities/fsl_str.o
 .text.PrintIsdi
                0x00004918       0x2c ./utilities/fsl_str.o
 .text.PrintOutputdifFobpu
                0x00004944       0x44 ./utilities/fsl_str.o
 .text.PrintOutputxX
                0x00004988       0x44 ./utilities/fsl_str.o
 .text.PrintIsfF
                0x000049cc       0x2c ./utilities/fsl_str.o
 .text.PrintIsxX
                0x000049f8       0x2c ./utilities/fsl_str.o
 .text.PrintFilterLengthFlag
                0x00004a24       0x3e ./utilities/fsl_str.o
 .text.PrintGetRadixFromobpu
                0x00004a62       0x40 ./utilities/fsl_str.o
 .text.ConvertRadixNumToString
                0x00004aa2       0xc2 ./utilities/fsl_str.o
 .text.StrFormatPrintf
                0x00004b64      0x2ac ./utilities/fsl_str.o
                0x00004b64                StrFormatPrintf
 .text.DMA0_IRQHandler
                0x00004e10        0x8 ./startup/startup_mk64f12.o
                0x00004e10                DMA0_IRQHandler
 .text.DMA1_IRQHandler
                0x00004e18        0x8 ./startup/startup_mk64f12.o
                0x00004e18                DMA1_IRQHandler
 .text.DMA2_IRQHandler
                0x00004e20        0x8 ./startup/startup_mk64f12.o
                0x00004e20                DMA2_IRQHandler
 .text.DMA3_IRQHandler
                0x00004e28        0x8 ./startup/startup_mk64f12.o
                0x00004e28                DMA3_IRQHandler
 .text.DMA4_IRQHandler
                0x00004e30        0x8 ./startup/startup_mk64f12.o
                0x00004e30                DMA4_IRQHandler
 .text.DMA5_IRQHandler
                0x00004e38        0x8 ./startup/startup_mk64f12.o
                0x00004e38                DMA5_IRQHandler
 .text.DMA6_IRQHandler
                0x00004e40        0x8 ./startup/startup_mk64f12.o
                0x00004e40                DMA6_IRQHandler
 .text.DMA7_IRQHandler
                0x00004e48        0x8 ./startup/startup_mk64f12.o
                0x00004e48                DMA7_IRQHandler
 .text.DMA8_IRQHandler
                0x00004e50        0x8 ./startup/startup_mk64f12.o
                0x00004e50                DMA8_IRQHandler
 .text.DMA9_IRQHandler
                0x00004e58        0x8 ./startup/startup_mk64f12.o
                0x00004e58                DMA9_IRQHandler
 .text.DMA10_IRQHandler
                0x00004e60        0x8 ./startup/startup_mk64f12.o
                0x00004e60                DMA10_IRQHandler
 .text.DMA11_IRQHandler
                0x00004e68        0x8 ./startup/startup_mk64f12.o
                0x00004e68                DMA11_IRQHandler
 .text.DMA12_IRQHandler
                0x00004e70        0x8 ./startup/startup_mk64f12.o
                0x00004e70                DMA12_IRQHandler
 .text.DMA13_IRQHandler
                0x00004e78        0x8 ./startup/startup_mk64f12.o
                0x00004e78                DMA13_IRQHandler
 .text.DMA14_IRQHandler
                0x00004e80        0x8 ./startup/startup_mk64f12.o
                0x00004e80                DMA14_IRQHandler
 .text.DMA15_IRQHandler
                0x00004e88        0x8 ./startup/startup_mk64f12.o
                0x00004e88                DMA15_IRQHandler
 .text.DMA_Error_IRQHandler
                0x00004e90        0x8 ./startup/startup_mk64f12.o
                0x00004e90                DMA_Error_IRQHandler
 .text.MCM_IRQHandler
                0x00004e98        0x8 ./startup/startup_mk64f12.o
                0x00004e98                MCM_IRQHandler
 .text.FTFE_IRQHandler
                0x00004ea0        0x8 ./startup/startup_mk64f12.o
                0x00004ea0                FTFE_IRQHandler
 .text.Read_Collision_IRQHandler
                0x00004ea8        0x8 ./startup/startup_mk64f12.o
                0x00004ea8                Read_Collision_IRQHandler
 .text.LVD_LVW_IRQHandler
                0x00004eb0        0x8 ./startup/startup_mk64f12.o
                0x00004eb0                LVD_LVW_IRQHandler
 .text.LLWU_IRQHandler
                0x00004eb8        0x8 ./startup/startup_mk64f12.o
                0x00004eb8                LLWU_IRQHandler
 .text.WDOG_EWM_IRQHandler
                0x00004ec0        0x8 ./startup/startup_mk64f12.o
                0x00004ec0                WDOG_EWM_IRQHandler
 .text.RNG_IRQHandler
                0x00004ec8        0x8 ./startup/startup_mk64f12.o
                0x00004ec8                RNG_IRQHandler
 .text.I2C0_IRQHandler
                0x00004ed0        0x8 ./startup/startup_mk64f12.o
                0x00004ed0                I2C0_IRQHandler
 .text.I2C1_IRQHandler
                0x00004ed8        0x8 ./startup/startup_mk64f12.o
                0x00004ed8                I2C1_IRQHandler
 .text.SPI0_IRQHandler
                0x00004ee0        0x8 ./startup/startup_mk64f12.o
                0x00004ee0                SPI0_IRQHandler
 .text.SPI1_IRQHandler
                0x00004ee8        0x8 ./startup/startup_mk64f12.o
                0x00004ee8                SPI1_IRQHandler
 .text.I2S0_Tx_IRQHandler
                0x00004ef0        0x8 ./startup/startup_mk64f12.o
                0x00004ef0                I2S0_Tx_IRQHandler
 .text.I2S0_Rx_IRQHandler
                0x00004ef8        0x8 ./startup/startup_mk64f12.o
                0x00004ef8                I2S0_Rx_IRQHandler
 .text.UART0_LON_IRQHandler
                0x00004f00        0x8 ./startup/startup_mk64f12.o
                0x00004f00                UART0_LON_IRQHandler
 .text.UART0_RX_TX_IRQHandler
                0x00004f08        0x8 ./startup/startup_mk64f12.o
                0x00004f08                UART0_RX_TX_IRQHandler
 .text.UART0_ERR_IRQHandler
                0x00004f10        0x8 ./startup/startup_mk64f12.o
                0x00004f10                UART0_ERR_IRQHandler
 .text.UART1_RX_TX_IRQHandler
                0x00004f18        0x8 ./startup/startup_mk64f12.o
                0x00004f18                UART1_RX_TX_IRQHandler
 .text.UART1_ERR_IRQHandler
                0x00004f20        0x8 ./startup/startup_mk64f12.o
                0x00004f20                UART1_ERR_IRQHandler
 .text.UART2_RX_TX_IRQHandler
                0x00004f28        0x8 ./startup/startup_mk64f12.o
                0x00004f28                UART2_RX_TX_IRQHandler
 .text.UART2_ERR_IRQHandler
                0x00004f30        0x8 ./startup/startup_mk64f12.o
                0x00004f30                UART2_ERR_IRQHandler
 .text.UART3_RX_TX_IRQHandler
                0x00004f38        0x8 ./startup/startup_mk64f12.o
                0x00004f38                UART3_RX_TX_IRQHandler
 .text.UART3_ERR_IRQHandler
                0x00004f40        0x8 ./startup/startup_mk64f12.o
                0x00004f40                UART3_ERR_IRQHandler
 .text.ADC0_IRQHandler
                0x00004f48        0x8 ./startup/startup_mk64f12.o
                0x00004f48                ADC0_IRQHandler
 .text.CMP0_IRQHandler
                0x00004f50        0x8 ./startup/startup_mk64f12.o
                0x00004f50                CMP0_IRQHandler
 .text.CMP1_IRQHandler
                0x00004f58        0x8 ./startup/startup_mk64f12.o
                0x00004f58                CMP1_IRQHandler
 .text.FTM0_IRQHandler
                0x00004f60        0x8 ./startup/startup_mk64f12.o
                0x00004f60                FTM0_IRQHandler
 .text.FTM1_IRQHandler
                0x00004f68        0x8 ./startup/startup_mk64f12.o
                0x00004f68                FTM1_IRQHandler
 .text.FTM2_IRQHandler
                0x00004f70        0x8 ./startup/startup_mk64f12.o
                0x00004f70                FTM2_IRQHandler
 .text.CMT_IRQHandler
                0x00004f78        0x8 ./startup/startup_mk64f12.o
                0x00004f78                CMT_IRQHandler
 .text.RTC_IRQHandler
                0x00004f80        0x8 ./startup/startup_mk64f12.o
                0x00004f80                RTC_IRQHandler
 .text.RTC_Seconds_IRQHandler
                0x00004f88        0x8 ./startup/startup_mk64f12.o
                0x00004f88                RTC_Seconds_IRQHandler
 .text.PIT0_IRQHandler
                0x00004f90        0x8 ./startup/startup_mk64f12.o
                0x00004f90                PIT0_IRQHandler
 .text.PIT1_IRQHandler
                0x00004f98        0x8 ./startup/startup_mk64f12.o
                0x00004f98                PIT1_IRQHandler
 .text.PIT2_IRQHandler
                0x00004fa0        0x8 ./startup/startup_mk64f12.o
                0x00004fa0                PIT2_IRQHandler
 .text.PIT3_IRQHandler
                0x00004fa8        0x8 ./startup/startup_mk64f12.o
                0x00004fa8                PIT3_IRQHandler
 .text.PDB0_IRQHandler
                0x00004fb0        0x8 ./startup/startup_mk64f12.o
                0x00004fb0                PDB0_IRQHandler
 .text.USB0_IRQHandler
                0x00004fb8        0x8 ./startup/startup_mk64f12.o
                0x00004fb8                USB0_IRQHandler
 .text.USBDCD_IRQHandler
                0x00004fc0        0x8 ./startup/startup_mk64f12.o
                0x00004fc0                USBDCD_IRQHandler
 .text.Reserved71_IRQHandler
                0x00004fc8        0x8 ./startup/startup_mk64f12.o
                0x00004fc8                Reserved71_IRQHandler
 .text.DAC0_IRQHandler
                0x00004fd0        0x8 ./startup/startup_mk64f12.o
                0x00004fd0                DAC0_IRQHandler
 .text.MCG_IRQHandler
                0x00004fd8        0x8 ./startup/startup_mk64f12.o
                0x00004fd8                MCG_IRQHandler
 .text.LPTMR0_IRQHandler
                0x00004fe0        0x8 ./startup/startup_mk64f12.o
                0x00004fe0                LPTMR0_IRQHandler
 .text.PORTB_IRQHandler
                0x00004fe8        0x8 ./startup/startup_mk64f12.o
                0x00004fe8                PORTB_IRQHandler
 .text.PORTD_IRQHandler
                0x00004ff0        0x8 ./startup/startup_mk64f12.o
                0x00004ff0                PORTD_IRQHandler
 .text.PORTE_IRQHandler
                0x00004ff8        0x8 ./startup/startup_mk64f12.o
                0x00004ff8                PORTE_IRQHandler
 .text.SWI_IRQHandler
                0x00005000        0x8 ./startup/startup_mk64f12.o
                0x00005000                SWI_IRQHandler
 .text.SPI2_IRQHandler
                0x00005008        0x8 ./startup/startup_mk64f12.o
                0x00005008                SPI2_IRQHandler
 .text.UART4_RX_TX_IRQHandler
                0x00005010        0x8 ./startup/startup_mk64f12.o
                0x00005010                UART4_RX_TX_IRQHandler
 .text.UART4_ERR_IRQHandler
                0x00005018        0x8 ./startup/startup_mk64f12.o
                0x00005018                UART4_ERR_IRQHandler
 .text.UART5_RX_TX_IRQHandler
                0x00005020        0x8 ./startup/startup_mk64f12.o
                0x00005020                UART5_RX_TX_IRQHandler
 .text.UART5_ERR_IRQHandler
                0x00005028        0x8 ./startup/startup_mk64f12.o
                0x00005028                UART5_ERR_IRQHandler
 .text.CMP2_IRQHandler
                0x00005030        0x8 ./startup/startup_mk64f12.o
                0x00005030                CMP2_IRQHandler
 .text.FTM3_IRQHandler
                0x00005038        0x8 ./startup/startup_mk64f12.o
                0x00005038                FTM3_IRQHandler
 .text.DAC1_IRQHandler
                0x00005040        0x8 ./startup/startup_mk64f12.o
                0x00005040                DAC1_IRQHandler
 .text.ADC1_IRQHandler
                0x00005048        0x8 ./startup/startup_mk64f12.o
                0x00005048                ADC1_IRQHandler
 .text.I2C2_IRQHandler
                0x00005050        0x8 ./startup/startup_mk64f12.o
                0x00005050                I2C2_IRQHandler
 .text.CAN0_Bus_Off_IRQHandler
                0x00005058        0x8 ./startup/startup_mk64f12.o
                0x00005058                CAN0_Bus_Off_IRQHandler
 .text.CAN0_Error_IRQHandler
                0x00005060        0x8 ./startup/startup_mk64f12.o
                0x00005060                CAN0_Error_IRQHandler
 .text.CAN0_Tx_Warning_IRQHandler
                0x00005068        0x8 ./startup/startup_mk64f12.o
                0x00005068                CAN0_Tx_Warning_IRQHandler
 .text.CAN0_Rx_Warning_IRQHandler
                0x00005070        0x8 ./startup/startup_mk64f12.o
                0x00005070                CAN0_Rx_Warning_IRQHandler
 .text.CAN0_Wake_Up_IRQHandler
                0x00005078        0x8 ./startup/startup_mk64f12.o
                0x00005078                CAN0_Wake_Up_IRQHandler
 .text.SDHC_IRQHandler
                0x00005080        0x8 ./startup/startup_mk64f12.o
                0x00005080                SDHC_IRQHandler
 .text.ENET_1588_Timer_IRQHandler
                0x00005088        0x8 ./startup/startup_mk64f12.o
                0x00005088                ENET_1588_Timer_IRQHandler
 .text.ENET_Transmit_IRQHandler
                0x00005090        0x8 ./startup/startup_mk64f12.o
                0x00005090                ENET_Transmit_IRQHandler
 .text.ENET_Receive_IRQHandler
                0x00005098        0x8 ./startup/startup_mk64f12.o
                0x00005098                ENET_Receive_IRQHandler
 .text.ENET_Error_IRQHandler
                0x000050a0        0x8 ./startup/startup_mk64f12.o
                0x000050a0                ENET_Error_IRQHandler
 .text.EnableIRQ
                0x000050a8       0x32 ./source/freertos_hello.o
 .text.FLEXCAN_GetMbStatusFlags
                0x000050da       0x1e ./source/freertos_hello.o
 .text.FLEXCAN_ClearMbStatusFlags
                0x000050f8       0x1c ./source/freertos_hello.o
 .text.FLEXCAN_EnableMbInterrupts
                0x00005114       0x22 ./source/freertos_hello.o
 .text.can_task
                0x00005136       0x10 ./source/freertos_hello.o
 .text.HardFault_Handler
                0x00005146       0x36 ./source/semihost_hardfault.o
                0x00005146                HardFault_Handler
 .text.vListInitialise
                0x0000517c       0x40 ./freertos/freertos_kernel/list.o
                0x0000517c                vListInitialise
 .text.vListInitialiseItem
                0x000051bc       0x1a ./freertos/freertos_kernel/list.o
                0x000051bc                vListInitialiseItem
 .text.vListInsertEnd
                0x000051d6       0x48 ./freertos/freertos_kernel/list.o
                0x000051d6                vListInsertEnd
 .text.vListInsert
                0x0000521e       0x72 ./freertos/freertos_kernel/list.o
                0x0000521e                vListInsert
 .text.uxListRemove
                0x00005290       0x54 ./freertos/freertos_kernel/list.o
                0x00005290                uxListRemove
 .text.xQueueGenericCreate
                0x000052e4       0xbe ./freertos/freertos_kernel/queue.o
                0x000052e4                xQueueGenericCreate
 .text.prvInitialiseNewQueue
                0x000053a2       0x46 ./freertos/freertos_kernel/queue.o
 .text.xQueueGenericSendFromISR
                0x000053e8      0x154 ./freertos/freertos_kernel/queue.o
                0x000053e8                xQueueGenericSendFromISR
 .text.prvCopyDataToQueue
                0x0000553c       0xd4 ./freertos/freertos_kernel/queue.o
 .text.prvCopyDataFromQueue
                0x00005610       0x4c ./freertos/freertos_kernel/queue.o
 .text.prvUnlockQueue
                0x0000565c       0xa4 ./freertos/freertos_kernel/queue.o
 .text.prvIsQueueEmpty
                0x00005700       0x2c ./freertos/freertos_kernel/queue.o
 .text.prvIsQueueFull
                0x0000572c       0x30 ./freertos/freertos_kernel/queue.o
 .text.vQueueWaitForMessageRestricted
                0x0000575c       0x68 ./freertos/freertos_kernel/queue.o
                0x0000575c                vQueueWaitForMessageRestricted
 .text.xTaskCreate
                0x000057c4       0x82 ./freertos/freertos_kernel/tasks.o
                0x000057c4                xTaskCreate
 .text.prvInitialiseNewTask
                0x00005846      0x140 ./freertos/freertos_kernel/tasks.o
 .text.prvDeleteTCB
                0x00005986       0x20 ./freertos/freertos_kernel/tasks.o
 .text.prvTimerTask
                0x000059a6       0x24 ./freertos/freertos_kernel/timers.o
 .text.OSC_SetExtRefClkConfig
                0x000059ca       0x34 ./drivers/fsl_clock.o
 .text.OSC_SetCapLoad
                0x000059fe       0x34 ./drivers/fsl_clock.o
 .text.CLOCK_GetPll0RefFreq
                0x00005a32        0xe ./drivers/fsl_clock.o
 .text.CLOCK_GetFixedFreqClkFreq
                0x00005a40       0x34 ./drivers/fsl_clock.o
                0x00005a40                CLOCK_GetFixedFreqClkFreq
 .text.CLOCK_EnableClock
                0x00005a74       0x34 ./drivers/fsl_flexcan.o
 .text.FLEXCAN_Enable
                0x00005aa8       0x54 ./drivers/fsl_flexcan.o
 .text.FLEXCAN_EnterFreezeMode
                0x00005afc       0x3c ./drivers/fsl_flexcan.o
                0x00005afc                FLEXCAN_EnterFreezeMode
 .text.FLEXCAN_ExitFreezeMode
                0x00005b38       0x3c ./drivers/fsl_flexcan.o
                0x00005b38                FLEXCAN_ExitFreezeMode
 .text.FLEXCAN_IsMbOccupied
                0x00005b74       0x56 ./drivers/fsl_flexcan.o
 .text.CLOCK_EnableClock
                0x00005bca       0x34 ./drivers/fsl_uart.o
 .text.UART_WriteBlocking
                0x00005bfe       0x50 ./drivers/fsl_uart.o
                0x00005bfe                UART_WriteBlocking
 .text.UART0_RX_TX_DriverIRQHandler
                0x00005c4e       0x12 ./drivers/fsl_uart.o
                0x00005c4e                UART0_RX_TX_DriverIRQHandler
 .text.UART1_RX_TX_DriverIRQHandler
                0x00005c60       0x12 ./drivers/fsl_uart.o
                0x00005c60                UART1_RX_TX_DriverIRQHandler
 .text.UART2_RX_TX_DriverIRQHandler
                0x00005c72       0x12 ./drivers/fsl_uart.o
                0x00005c72                UART2_RX_TX_DriverIRQHandler
 .text.UART3_RX_TX_DriverIRQHandler
                0x00005c84       0x12 ./drivers/fsl_uart.o
                0x00005c84                UART3_RX_TX_DriverIRQHandler
 .text.UART4_RX_TX_DriverIRQHandler
                0x00005c96       0x12 ./drivers/fsl_uart.o
                0x00005c96                UART4_RX_TX_DriverIRQHandler
 .text.UART5_RX_TX_DriverIRQHandler
                0x00005ca8       0x12 ./drivers/fsl_uart.o
                0x00005ca8                UART5_RX_TX_DriverIRQHandler
 .text.SystemInitHook
                0x00005cba        0xe ./device/system_MK64F12.o
                0x00005cba                SystemInitHook
 .text.HAL_UartGetStatus
                0x00005cc8       0x22 ./component/uart/fsl_adapter_uart.o
 .text.DisableGlobalIRQ
                0x00005cea       0x22 ./component/serial_manager/fsl_component_serial_manager.o
 .text.EnableGlobalIRQ
                0x00005d0c       0x20 ./component/serial_manager/fsl_component_serial_manager.o
 .text.SerialManager_StartWriting
                0x00005d2c       0x38 ./component/serial_manager/fsl_component_serial_manager.o
 .text.SerialManager_Write
                0x00005d64       0x44 ./component/serial_manager/fsl_component_serial_manager.o
 .text.SerialManager_Init
                0x00005da8       0x60 ./component/serial_manager/fsl_component_serial_manager.o
                0x00005da8                SerialManager_Init
 .text.SerialManager_OpenWriteHandle
                0x00005e08       0x50 ./component/serial_manager/fsl_component_serial_manager.o
                0x00005e08                SerialManager_OpenWriteHandle
 .text.SerialManager_OpenReadHandle
                0x00005e58       0x60 ./component/serial_manager/fsl_component_serial_manager.o
                0x00005e58                SerialManager_OpenReadHandle
 .text.SerialManager_WriteBlocking
                0x00005eb8       0x20 ./component/serial_manager/fsl_component_serial_manager.o
                0x00005eb8                SerialManager_WriteBlocking
 .text.Serial_UartInit
                0x00005ed8       0x3e ./component/serial_manager/fsl_component_serial_port_uart.o
                0x00005ed8                Serial_UartInit
 .text.Serial_UartWrite
                0x00005f16       0x38 ./component/serial_manager/fsl_component_serial_port_uart.o
                0x00005f16                Serial_UartWrite
 .text.BOARD_InitDebugConsole
                0x00005f4e       0x22 ./board/board.o
                0x00005f4e                BOARD_InitDebugConsole
 .text.BOARD_InitBootClocks
                0x00005f70        0xc ./board/clock_config.o
                0x00005f70                BOARD_InitBootClocks
 .text.CLOCK_EnableClock
                0x00005f7c       0x34 ./board/pin_mux.o
 .text.PORT_SetPinMux
                0x00005fb0       0x3a ./board/pin_mux.o
 .text.BOARD_InitBootPins
                0x00005fea        0xc ./board/pin_mux.o
                0x00005fea                BOARD_InitBootPins
 .text.__main   0x00005ff6        0xe c:/nxp/mcuxpressoide_11.8.0_1165/ide/plugins/com.nxp.mcuxpresso.tools.win32_11.8.0.202306131047/tools/bin/../lib/gcc/arm-none-eabi/12.2.1/../../../../arm-none-eabi/lib/thumb/v7e-m+fp/hard\libcr_nohost_nf.a(_cr__main.o)
                0x00005ff6                __main
 .text.memcpy   0x00006004        0x4 c:/nxp/mcuxpressoide_11.8.0_1165/ide/plugins/com.nxp.mcuxpresso.tools.win32_11.8.0.202306131047/tools/bin/../lib/gcc/arm-none-eabi/12.2.1/../../../../arm-none-eabi/lib/thumb/v7e-m+fp/hard\libcr_c.a(memcpy.o)
                0x00006004                memcpy
 .text.memset   0x00006008        0x4 c:/nxp/mcuxpressoide_11.8.0_1165/ide/plugins/com.nxp.mcuxpresso.tools.win32_11.8.0.202306131047/tools/bin/../lib/gcc/arm-none-eabi/12.2.1/../../../../arm-none-eabi/lib/thumb/v7e-m+fp/hard\libcr_c.a(memset.o)
                0x00006008                memset
 .text.free     0x0000600c       0x30 c:/nxp/mcuxpressoide_11.8.0_1165/ide/plugins/com.nxp.mcuxpresso.tools.win32_11.8.0.202306131047/tools/bin/../lib/gcc/arm-none-eabi/12.2.1/../../../../arm-none-eabi/lib/thumb/v7e-m+fp/hard\libcr_c.a(alloc.o)
                0x0000600c                free
 .text.setvbuf  0x0000603c       0x3e c:/nxp/mcuxpressoide_11.8.0_1165/ide/plugins/com.nxp.mcuxpresso.tools.win32_11.8.0.202306131047/tools/bin/../lib/gcc/arm-none-eabi/12.2.1/../../../../arm-none-eabi/lib/thumb/v7e-m+fp/hard\libcr_c.a(setvbuf.o)
                0x0000603c                setvbuf
 .text.strlen   0x0000607a       0x4e c:/nxp/mcuxpressoide_11.8.0_1165/ide/plugins/com.nxp.mcuxpresso.tools.win32_11.8.0.202306131047/tools/bin/../lib/gcc/arm-none-eabi/12.2.1/../../../../arm-none-eabi/lib/thumb/v7e-m+fp/hard\libcr_c.a(strlen.o)
                0x0000607a                strlen
 .text._deferredlazyseek
                0x000060c8       0x40 c:/nxp/mcuxpressoide_11.8.0_1165/ide/plugins/com.nxp.mcuxpresso.tools.win32_11.8.0.202306131047/tools/bin/../lib/gcc/arm-none-eabi/12.2.1/../../../../arm-none-eabi/lib/thumb/v7e-m+fp/hard\libcr_c.a(_deferredlazyseek.o)
                0x000060c8                _deferredlazyseek
 .text._fdopen  0x00006108       0x68 c:/nxp/mcuxpressoide_11.8.0_1165/ide/plugins/com.nxp.mcuxpresso.tools.win32_11.8.0.202306131047/tools/bin/../lib/gcc/arm-none-eabi/12.2.1/../../../../arm-none-eabi/lib/thumb/v7e-m+fp/hard\libcr_c.a(_fdopen.o)
                0x00006108                _fdopen
 .text._fflush  0x00006170       0x52 c:/nxp/mcuxpressoide_11.8.0_1165/ide/plugins/com.nxp.mcuxpresso.tools.win32_11.8.0.202306131047/tools/bin/../lib/gcc/arm-none-eabi/12.2.1/../../../../arm-none-eabi/lib/thumb/v7e-m+fp/hard\libcr_c.a(_fflush.o)
                0x00006170                _fflush
 .text.fclose   0x000061c2       0x58 c:/nxp/mcuxpressoide_11.8.0_1165/ide/plugins/com.nxp.mcuxpresso.tools.win32_11.8.0.202306131047/tools/bin/../lib/gcc/arm-none-eabi/12.2.1/../../../../arm-none-eabi/lib/thumb/v7e-m+fp/hard\libcr_c.a(fclose.o)
                0x000061c2                fclose
 .text.remove   0x0000621a       0x14 c:/nxp/mcuxpressoide_11.8.0_1165/ide/plugins/com.nxp.mcuxpresso.tools.win32_11.8.0.202306131047/tools/bin/../lib/gcc/arm-none-eabi/12.2.1/../../../../arm-none-eabi/lib/thumb/v7e-m+fp/hard\libcr_c.a(remove.o)
                0x0000621a                remove
 .text._do_fflush
                0x0000622e       0x40 c:/nxp/mcuxpressoide_11.8.0_1165/ide/plugins/com.nxp.mcuxpresso.tools.win32_11.8.0.202306131047/tools/bin/../lib/gcc/arm-none-eabi/12.2.1/../../../../arm-none-eabi/lib/thumb/v7e-m+fp/hard\libcr_c.a(_do_fflush.o)
                0x0000622e                _do_fflush
 .text.__aeabi_memcpy
                0x0000626e       0x34 c:/nxp/mcuxpressoide_11.8.0_1165/ide/plugins/com.nxp.mcuxpresso.tools.win32_11.8.0.202306131047/tools/bin/../lib/gcc/arm-none-eabi/12.2.1/thumb/v7e-m+fp/hard\libcr_eabihelpers.a(memcpy.o)
                0x0000626e                __aeabi_memcpy
                0x00006278                __aeabi_memcpy8
                0x00006278                __aeabi_memcpy4
 .text.__aeabi_memset_lowlevel
                0x000062a2       0x32 c:/nxp/mcuxpressoide_11.8.0_1165/ide/plugins/com.nxp.mcuxpresso.tools.win32_11.8.0.202306131047/tools/bin/../lib/gcc/arm-none-eabi/12.2.1/thumb/v7e-m+fp/hard\libcr_eabihelpers.a(memcpy.o)
                0x000062a2                __aeabi_lowlevel_memset
 .text.__sys_close
                0x000062d4        0x6 c:/nxp/mcuxpressoide_11.8.0_1165/ide/plugins/com.nxp.mcuxpresso.tools.win32_11.8.0.202306131047/tools/bin/../lib/gcc/arm-none-eabi/12.2.1/../../../../arm-none-eabi/lib/thumb/v7e-m+fp/hard\libcr_nohost_nf.a(__sys_close.o)
                0x000062d4                __sys_close
 .text.__sys_flen
                0x000062da        0x6 c:/nxp/mcuxpressoide_11.8.0_1165/ide/plugins/com.nxp.mcuxpresso.tools.win32_11.8.0.202306131047/tools/bin/../lib/gcc/arm-none-eabi/12.2.1/../../../../arm-none-eabi/lib/thumb/v7e-m+fp/hard\libcr_nohost_nf.a(__sys_flen.o)
                0x000062da                __sys_flen
 .text.__sys_istty
                0x000062e0        0x6 c:/nxp/mcuxpressoide_11.8.0_1165/ide/plugins/com.nxp.mcuxpresso.tools.win32_11.8.0.202306131047/tools/bin/../lib/gcc/arm-none-eabi/12.2.1/../../../../arm-none-eabi/lib/thumb/v7e-m+fp/hard\libcr_nohost_nf.a(__sys_istty.o)
                0x000062e0                __sys_istty
 .text.__sys_remove
                0x000062e6        0x6 c:/nxp/mcuxpressoide_11.8.0_1165/ide/plugins/com.nxp.mcuxpresso.tools.win32_11.8.0.202306131047/tools/bin/../lib/gcc/arm-none-eabi/12.2.1/../../../../arm-none-eabi/lib/thumb/v7e-m+fp/hard\libcr_nohost_nf.a(__sys_remove.o)
                0x000062e6                __sys_remove
 .text.__sys_seek
                0x000062ec        0x6 c:/nxp/mcuxpressoide_11.8.0_1165/ide/plugins/com.nxp.mcuxpresso.tools.win32_11.8.0.202306131047/tools/bin/../lib/gcc/arm-none-eabi/12.2.1/../../../../arm-none-eabi/lib/thumb/v7e-m+fp/hard\libcr_nohost_nf.a(__sys_seek.o)
                0x000062ec                __sys_seek
 .text.__sys_tmpnam
                0x000062f2        0x6 c:/nxp/mcuxpressoide_11.8.0_1165/ide/plugins/com.nxp.mcuxpresso.tools.win32_11.8.0.202306131047/tools/bin/../lib/gcc/arm-none-eabi/12.2.1/../../../../arm-none-eabi/lib/thumb/v7e-m+fp/hard\libcr_nohost_nf.a(__sys_tmpnam.o)
                0x000062f2                __sys_tmpnam
 .text.__sys_write
                0x000062f8        0x4 c:/nxp/mcuxpressoide_11.8.0_1165/ide/plugins/com.nxp.mcuxpresso.tools.win32_11.8.0.202306131047/tools/bin/../lib/gcc/arm-none-eabi/12.2.1/../../../../arm-none-eabi/lib/thumb/v7e-m+fp/hard\libcr_nohost_nf.a(__sys_write.o)
                0x000062f8                __sys_write
 *freertos*/tasks.o(SORT_BY_ALIGNMENT(.rodata*))
 .rodata.vTaskStartScheduler.str1.4
                0x000062fc        0x5 ./freertos/freertos_kernel/tasks.o
 *fill*         0x00006301        0x3 ff
 .rodata        0x00006304       0x1c ./freertos/freertos_kernel/tasks.o
                0x00006304                portArch_Name
                0x00006308                FreeRTOSDebugConfig
 *(SORT_BY_ALIGNMENT(.rodata) SORT_BY_ALIGNMENT(.rodata.*) SORT_BY_ALIGNMENT(.constdata) SORT_BY_ALIGNMENT(.constdata.*))
 .rodata.__assertion_failed.str1.4
                0x00006320       0x14 ./utilities/fsl_assert.o
 .rodata.main.str1.4
                0x00006334       0x25 ./source/freertos_hello.o
 *fill*         0x00006359        0x3 ff
 .rodata.can_init.str1.4
                0x0000635c       0x84 ./source/freertos_hello.o
 .rodata.xTimerCreateTimerTask.str1.4
                0x000063e0        0x8 ./freertos/freertos_kernel/timers.o
 .rodata.prvCheckForValidListAndQueue.str1.4
                0x000063e8        0x5 ./freertos/freertos_kernel/timers.o
 *fill*         0x000063ed        0x3 ff
 .rodata.CLOCK_GetMcgExtClkFreq.str1.4
                0x000063f0       0x49 ./drivers/fsl_clock.o
 *fill*         0x00006439        0x3 ff
 .rodata.CLOCK_GetOsc0ErClkFreq.str1.4
                0x0000643c       0x1e ./drivers/fsl_clock.o
 *fill*         0x0000645a        0x2 ff
 .rodata.CLOCK_GetEr32kClkFreq.str1.4
                0x0000645c       0x1f ./drivers/fsl_clock.o
 *fill*         0x0000647b        0x1 ff
 .rodata.CLOCK_GetPll0Freq.str1.4
                0x0000647c       0x1d ./drivers/fsl_clock.o
 *fill*         0x00006499        0x3 ff
 .rodata.CLOCK_EnablePll0.str1.4
                0x0000649c       0x1a ./drivers/fsl_clock.o
 *fill*         0x000064b6        0x2 ff
 .rodata.CLOCK_SetPbeMode.str1.4
                0x000064b8       0x1a ./drivers/fsl_clock.o
 *fill*         0x000064d2        0x2 ff
 .rodata.CLOCK_BootToPeeMode.str1.4
                0x000064d4       0x1a ./drivers/fsl_clock.o
 *fill*         0x000064ee        0x2 ff
 .rodata.fllFactorTable.1
                0x000064f0       0x10 ./drivers/fsl_clock.o
 .rodata.FLEXCAN_GetInstance.str1.4
                0x00006500       0x3a ./drivers/fsl_flexcan.o
 *fill*         0x0000653a        0x2 ff
 .rodata.FLEXCAN_Reset.str1.4
                0x0000653c       0x3a ./drivers/fsl_flexcan.o
 *fill*         0x00006576        0x2 ff
 .rodata.FLEXCAN_SetBitRate.str1.4
                0x00006578       0xb8 ./drivers/fsl_flexcan.o
 .rodata.FLEXCAN_Init.str1.4
                0x00006630       0xda ./drivers/fsl_flexcan.o
 *fill*         0x0000670a        0x2 ff
 .rodata.FLEXCAN_GetDefaultConfig.str1.4
                0x0000670c       0x25 ./drivers/fsl_flexcan.o
 *fill*         0x00006731        0x3 ff
 .rodata.FLEXCAN_SetTimingConfig.str1.4
                0x00006734       0x25 ./drivers/fsl_flexcan.o
 *fill*         0x00006759        0x3 ff
 .rodata.FLEXCAN_SetTxMbConfig.str1.4
                0x0000675c       0x78 ./drivers/fsl_flexcan.o
 .rodata.FLEXCAN_CalculateImprovedTimingValues.str1.4
                0x000067d4       0x30 ./drivers/fsl_flexcan.o
 .rodata.FLEXCAN_SetRxMbConfig.str1.4
                0x00006804       0xbc ./drivers/fsl_flexcan.o
 .rodata.FLEXCAN_ReadRxMb.str1.4
                0x000068c0       0xa0 ./drivers/fsl_flexcan.o
 .rodata.CAN0_DriverIRQHandler.str1.4
                0x00006960       0x30 ./drivers/fsl_flexcan.o
 .rodata.s_portBases
                0x00006990       0x14 ./drivers/fsl_gpio.o
 .rodata.s_gpioBases
                0x000069a4       0x14 ./drivers/fsl_gpio.o
 .rodata.GPIO_GetInstance.str1.4
                0x000069b8       0x33 ./drivers/fsl_gpio.o
 *fill*         0x000069eb        0x1 ff
 .rodata.s_uartBases
                0x000069ec       0x18 ./drivers/fsl_uart.o
 .rodata.s_uartClock
                0x00006a04       0x18 ./drivers/fsl_uart.o
 .rodata.UART_GetInstance.str1.4
                0x00006a1c       0x2b ./drivers/fsl_uart.o
 *fill*         0x00006a47        0x1 ff
 .rodata.UART_Init.str1.4
                0x00006a48       0xfb ./drivers/fsl_uart.o
 *fill*         0x00006b43        0x1 ff
 .rodata.UART_GetDefaultConfig.str1.4
                0x00006b44       0x20 ./drivers/fsl_uart.o
 .rodata.s_UartAdapterBase
                0x00006b64       0x18 ./component/uart/fsl_adapter_uart.o
 .rodata.HAL_UartInit.str1.4
                0x00006b7c       0xdd ./component/uart/fsl_adapter_uart.o
 *fill*         0x00006c59        0x3 ff
 .rodata.HAL_UartSendBlocking.str1.4
                0x00006c5c       0x60 ./component/uart/fsl_adapter_uart.o
 .rodata.mcgConfig_BOARD_BootClockRUN
                0x00006cbc        0xb ./board/clock_config.o
                0x00006cbc                mcgConfig_BOARD_BootClockRUN
 *fill*         0x00006cc7        0x1 ff
 .rodata.simConfig_BOARD_BootClockRUN
                0x00006cc8        0x8 ./board/clock_config.o
                0x00006cc8                simConfig_BOARD_BootClockRUN
 .rodata.oscConfig_BOARD_BootClockRUN
                0x00006cd0        0x8 ./board/clock_config.o
                0x00006cd0                oscConfig_BOARD_BootClockRUN
 .rodata.PORT_SetPinConfig.str1.4
                0x00006cd8       0x6c ./board/pin_mux.o
 .rodata.__num_Ciob_streams
                0x00006d44        0x4 c:/nxp/mcuxpressoide_11.8.0_1165/ide/plugins/com.nxp.mcuxpresso.tools.win32_11.8.0.202306131047/tools/bin/../lib/gcc/arm-none-eabi/12.2.1/../../../../arm-none-eabi/lib/thumb/v7e-m+fp/hard\libcr_nohost_nf.a(__ciob.o)
                0x00006d44                __num_Ciob_streams
 .rodata._initio.str1.1
                0x00006d48        0x4 c:/nxp/mcuxpressoide_11.8.0_1165/ide/plugins/com.nxp.mcuxpresso.tools.win32_11.8.0.202306131047/tools/bin/../lib/gcc/arm-none-eabi/12.2.1/../../../../arm-none-eabi/lib/thumb/v7e-m+fp/hard\libcr_c.a(initio.o)
                0x00006d50                . = ALIGN (0x8)
 *fill*         0x00006d4c        0x4 ff

.glue_7         0x00006d50        0x0
 .glue_7        0x00006d50        0x0 linker stubs

.glue_7t        0x00006d50        0x0
 .glue_7t       0x00006d50        0x0 linker stubs

.vfp11_veneer   0x00006d50        0x0
 .vfp11_veneer  0x00006d50        0x0 linker stubs

.v4_bx          0x00006d50        0x0
 .v4_bx         0x00006d50        0x0 linker stubs

.iplt           0x00006d50        0x0
 .iplt          0x00006d50        0x0 ./utilities/fsl_assert.o

.rel.dyn        0x00006d50        0x0
 .rel.iplt      0x00006d50        0x0 ./utilities/fsl_assert.o

.ARM.extab
 *(SORT_BY_ALIGNMENT(.ARM.extab*) SORT_BY_ALIGNMENT(.gnu.linkonce.armextab.*))

.ARM.exidx      0x00006d50        0x0
                0x00006d50                __exidx_start = .
 *(SORT_BY_ALIGNMENT(.ARM.exidx*) SORT_BY_ALIGNMENT(.gnu.linkonce.armexidx.*))
                0x00006d50                __exidx_end = .
                0x00006d50                _etext = .

.m_usb_data
 *(SORT_BY_ALIGNMENT(m_usb_bdt))

.data_RAM2      0x1fff0000        0x0 load address 0x00006d50
 FILL mask 0xff
                [!provide]                PROVIDE (__start_data_RAM2 = .)
                [!provide]                PROVIDE (__start_data_SRAM_LOWER = .)
 *(SORT_BY_ALIGNMENT(.ramfunc.$RAM2))
 *(SORT_BY_ALIGNMENT(.ramfunc.$SRAM_LOWER))
 *(SORT_BY_ALIGNMENT(.data.$RAM2))
 *(SORT_BY_ALIGNMENT(.data.$SRAM_LOWER))
 *(SORT_BY_ALIGNMENT(.data.$RAM2.*))
 *(SORT_BY_ALIGNMENT(.data.$SRAM_LOWER.*))
                0x1fff0000                . = ALIGN (0x8)
                [!provide]                PROVIDE (__end_data_RAM2 = .)
                [!provide]                PROVIDE (__end_data_SRAM_LOWER = .)

.data_RAM3      0x14000000        0x0 load address 0x00006d50
 FILL mask 0xff
                [!provide]                PROVIDE (__start_data_RAM3 = .)
                [!provide]                PROVIDE (__start_data_FLEX_RAM = .)
 *(SORT_BY_ALIGNMENT(.ramfunc.$RAM3))
 *(SORT_BY_ALIGNMENT(.ramfunc.$FLEX_RAM))
 *(SORT_BY_ALIGNMENT(.data.$RAM3))
 *(SORT_BY_ALIGNMENT(.data.$FLEX_RAM))
 *(SORT_BY_ALIGNMENT(.data.$RAM3.*))
 *(SORT_BY_ALIGNMENT(.data.$FLEX_RAM.*))
                0x14000000                . = ALIGN (0x8)
                [!provide]                PROVIDE (__end_data_RAM3 = .)
                [!provide]                PROVIDE (__end_data_FLEX_RAM = .)

.uninit_RESERVED
                0x20000000        0x0
                0x20000000                _start_uninit_RESERVED = .
 *(SORT_BY_ALIGNMENT(.bss.$RESERVED*))
                0x20000000                . = ALIGN (0x8)
                0x20000000                _end_uninit_RESERVED = .

.data           0x20000000       0x18 load address 0x00006d50
 FILL mask 0xff
                0x20000000                _data = .
                [!provide]                PROVIDE (__start_data_RAM = .)
                [!provide]                PROVIDE (__start_data_SRAM_UPPER = .)
 *(SORT_BY_ALIGNMENT(vtable))
 *(SORT_BY_ALIGNMENT(.ramfunc*))
 *(SORT_BY_ALIGNMENT(CodeQuickAccess))
 *(SORT_BY_ALIGNMENT(DataQuickAccess))
 *(SORT_BY_ALIGNMENT(RamFunction))
 *(SORT_BY_ALIGNMENT(.data*))
 .data.uxCriticalNesting
                0x20000000        0x4 ./freertos/freertos_kernel/portable/GCC/ARM_CM4F/port.o
 .data.uxTopUsedPriority
                0x20000004        0x4 ./freertos/freertos_kernel/tasks.o
                0x20000004                uxTopUsedPriority
 .data.s_slowIrcFreq
                0x20000008        0x4 ./drivers/fsl_clock.o
 .data.s_fastIrcFreq
                0x2000000c        0x4 ./drivers/fsl_clock.o
 .data.SystemCoreClock
                0x20000010        0x4 ./device/system_MK64F12.o
                0x20000010                SystemCoreClock
                0x20000018                . = ALIGN (0x8)
 *fill*         0x20000014        0x4 ff
                0x20000018                _edata = .
                [!provide]                PROVIDE (__end_data_RAM = .)
                [!provide]                PROVIDE (__end_data_SRAM_UPPER = .)

.igot.plt       0x20000018        0x0 load address 0x00006d68
 .igot.plt      0x20000018        0x0 ./utilities/fsl_assert.o

.bss_RAM2       0x1fff0000        0x0
                [!provide]                PROVIDE (__start_bss_RAM2 = .)
                [!provide]                PROVIDE (__start_bss_SRAM_LOWER = .)
 *(SORT_BY_ALIGNMENT(.bss.$RAM2))
 *(SORT_BY_ALIGNMENT(.bss.$SRAM_LOWER))
 *(SORT_BY_ALIGNMENT(.bss.$RAM2.*))
 *(SORT_BY_ALIGNMENT(.bss.$SRAM_LOWER.*))
                0x1fff0000                . = ALIGN ((. != 0x0)?0x8:0x1)
                [!provide]                PROVIDE (__end_bss_RAM2 = .)
                [!provide]                PROVIDE (__end_bss_SRAM_LOWER = .)

.bss_RAM3       0x14000000        0x0
                [!provide]                PROVIDE (__start_bss_RAM3 = .)
                [!provide]                PROVIDE (__start_bss_FLEX_RAM = .)
 *(SORT_BY_ALIGNMENT(.bss.$RAM3))
 *(SORT_BY_ALIGNMENT(.bss.$FLEX_RAM))
 *(SORT_BY_ALIGNMENT(.bss.$RAM3.*))
 *(SORT_BY_ALIGNMENT(.bss.$FLEX_RAM.*))
                0x14000000                . = ALIGN ((. != 0x0)?0x8:0x1)
                [!provide]                PROVIDE (__end_bss_RAM3 = .)
                [!provide]                PROVIDE (__end_bss_FLEX_RAM = .)

.bss            0x20000018     0x2ac0
                0x20000018                _bss = .
                [!provide]                PROVIDE (__start_bss_RAM = .)
                [!provide]                PROVIDE (__start_bss_SRAM_UPPER = .)
 *(SORT_BY_ALIGNMENT(.bss*))
 .bss.s_debugConsoleState
                0x20000018       0x20 ./utilities/fsl_debug_console.o
 .bss.g_serialHandle
                0x20000038        0x4 ./utilities/fsl_debug_console.o
                0x20000038                g_serialHandle
 .bss.rxFrame   0x2000003c       0x10 ./source/freertos_hello.o
                0x2000003c                rxFrame
 .bss.ucHeap    0x2000004c     0x2800 ./freertos/freertos_kernel/portable/MemMang/heap_4.o
 .bss.xStart    0x2000284c        0x8 ./freertos/freertos_kernel/portable/MemMang/heap_4.o
 .bss.pxEnd     0x20002854        0x4 ./freertos/freertos_kernel/portable/MemMang/heap_4.o
 .bss.xFreeBytesRemaining
                0x20002858        0x4 ./freertos/freertos_kernel/portable/MemMang/heap_4.o
 .bss.xMinimumEverFreeBytesRemaining
                0x2000285c        0x4 ./freertos/freertos_kernel/portable/MemMang/heap_4.o
 .bss.xNumberOfSuccessfulAllocations
                0x20002860        0x4 ./freertos/freertos_kernel/portable/MemMang/heap_4.o
 .bss.xNumberOfSuccessfulFrees
                0x20002864        0x4 ./freertos/freertos_kernel/portable/MemMang/heap_4.o
 .bss.xBlockAllocatedBit
                0x20002868        0x4 ./freertos/freertos_kernel/portable/MemMang/heap_4.o
 .bss.ulMaxPRIGROUPValue
                0x2000286c        0x4 ./freertos/freertos_kernel/portable/GCC/ARM_CM4F/port.o
 .bss.xQueueRegistry
                0x20002870       0x40 ./freertos/freertos_kernel/queue.o
                0x20002870                xQueueRegistry
 .bss.pxCurrentTCB
                0x200028b0        0x4 ./freertos/freertos_kernel/tasks.o
                0x200028b0                pxCurrentTCB
 .bss.pxReadyTasksLists
                0x200028b4       0x64 ./freertos/freertos_kernel/tasks.o
 .bss.xDelayedTaskList1
                0x20002918       0x14 ./freertos/freertos_kernel/tasks.o
 .bss.xDelayedTaskList2
                0x2000292c       0x14 ./freertos/freertos_kernel/tasks.o
 .bss.pxDelayedTaskList
                0x20002940        0x4 ./freertos/freertos_kernel/tasks.o
 .bss.pxOverflowDelayedTaskList
                0x20002944        0x4 ./freertos/freertos_kernel/tasks.o
 .bss.xPendingReadyList
                0x20002948       0x14 ./freertos/freertos_kernel/tasks.o
 .bss.xTasksWaitingTermination
                0x2000295c       0x14 ./freertos/freertos_kernel/tasks.o
 .bss.uxDeletedTasksWaitingCleanUp
                0x20002970        0x4 ./freertos/freertos_kernel/tasks.o
 .bss.xSuspendedTaskList
                0x20002974       0x14 ./freertos/freertos_kernel/tasks.o
 .bss.uxCurrentNumberOfTasks
                0x20002988        0x4 ./freertos/freertos_kernel/tasks.o
 .bss.xTickCount
                0x2000298c        0x4 ./freertos/freertos_kernel/tasks.o
 .bss.uxTopReadyPriority
                0x20002990        0x4 ./freertos/freertos_kernel/tasks.o
 .bss.xSchedulerRunning
                0x20002994        0x4 ./freertos/freertos_kernel/tasks.o
 .bss.xPendedTicks
                0x20002998        0x4 ./freertos/freertos_kernel/tasks.o
 .bss.xYieldPending
                0x2000299c        0x4 ./freertos/freertos_kernel/tasks.o
 .bss.xNumOfOverflows
                0x200029a0        0x4 ./freertos/freertos_kernel/tasks.o
 .bss.uxTaskNumber
                0x200029a4        0x4 ./freertos/freertos_kernel/tasks.o
 .bss.xNextTaskUnblockTime
                0x200029a8        0x4 ./freertos/freertos_kernel/tasks.o
 .bss.xIdleTaskHandle
                0x200029ac        0x4 ./freertos/freertos_kernel/tasks.o
 .bss.uxSchedulerSuspended
                0x200029b0        0x4 ./freertos/freertos_kernel/tasks.o
 .bss.xActiveTimerList1
                0x200029b4       0x14 ./freertos/freertos_kernel/timers.o
 .bss.xActiveTimerList2
                0x200029c8       0x14 ./freertos/freertos_kernel/timers.o
 .bss.pxCurrentTimerList
                0x200029dc        0x4 ./freertos/freertos_kernel/timers.o
 .bss.pxOverflowTimerList
                0x200029e0        0x4 ./freertos/freertos_kernel/timers.o
 .bss.xTimerQueue
                0x200029e4        0x4 ./freertos/freertos_kernel/timers.o
 .bss.xTimerTaskHandle
                0x200029e8        0x4 ./freertos/freertos_kernel/timers.o
 .bss.xLastTime.0
                0x200029ec        0x4 ./freertos/freertos_kernel/timers.o
 .bss.g_xtal0Freq
                0x200029f0        0x4 ./drivers/fsl_clock.o
                0x200029f0                g_xtal0Freq
 .bss.g_xtal32Freq
                0x200029f4        0x4 ./drivers/fsl_clock.o
                0x200029f4                g_xtal32Freq
 .bss.s_flexcanHandle
                0x200029f8        0x4 ./drivers/fsl_flexcan.o
 .bss.s_flexcanIsr
                0x200029fc        0x4 ./drivers/fsl_flexcan.o
 .bss.s_uartHandle
                0x20002a00       0x18 ./drivers/fsl_uart.o
                0x20002a00                s_uartHandle
 .bss.s_uartIsr
                0x20002a18        0x4 ./drivers/fsl_uart.o
                0x20002a18                s_uartIsr
 .bss.errno     0x20002a1c        0x4 c:/nxp/mcuxpressoide_11.8.0_1165/ide/plugins/com.nxp.mcuxpresso.tools.win32_11.8.0.202306131047/tools/bin/../lib/gcc/arm-none-eabi/12.2.1/../../../../arm-none-eabi/lib/thumb/v7e-m+fp/hard\libcr_c.a(errno.o)
                0x20002a1c                errno
 .bss.__Ciob    0x20002a20       0xb4 c:/nxp/mcuxpressoide_11.8.0_1165/ide/plugins/com.nxp.mcuxpresso.tools.win32_11.8.0.202306131047/tools/bin/../lib/gcc/arm-none-eabi/12.2.1/../../../../arm-none-eabi/lib/thumb/v7e-m+fp/hard\libcr_nohost_nf.a(__ciob.o)
                0x20002a20                __Ciob
 .bss.s_debugConsoleReadWaitSemaphore
                0x20002ad4        0x1 ./utilities/fsl_debug_console.o
 .bss.id        0x20002ad5        0x1 ./source/freertos_hello.o
                0x20002ad5                id
 .bss.adcStatus
                0x20002ad6        0x1 ./source/freertos_hello.o
                0x20002ad6                adcStatus
 .bss.ucMaxSysCallPriority
                0x20002ad7        0x1 ./freertos/freertos_kernel/portable/GCC/ARM_CM4F/port.o
 *(SORT_BY_ALIGNMENT(COMMON))
                0x20002ad8                . = ALIGN (0x8)
                0x20002ad8                _ebss = .
                [!provide]                PROVIDE (__end_bss_RAM = .)
                [!provide]                PROVIDE (__end_bss_SRAM_UPPER = .)
                [!provide]                PROVIDE (end = .)

.noinit_RAM2    0x1fff0000        0x0
                [!provide]                PROVIDE (__start_noinit_RAM2 = .)
                [!provide]                PROVIDE (__start_noinit_SRAM_LOWER = .)
 *(SORT_BY_ALIGNMENT(.noinit.$RAM2))
 *(SORT_BY_ALIGNMENT(.noinit.$SRAM_LOWER))
 *(SORT_BY_ALIGNMENT(.noinit.$RAM2.*))
 *(SORT_BY_ALIGNMENT(.noinit.$SRAM_LOWER.*))
                0x1fff0000                . = ALIGN (0x8)
                [!provide]                PROVIDE (__end_noinit_RAM2 = .)
                [!provide]                PROVIDE (__end_noinit_SRAM_LOWER = .)

.noinit_RAM3    0x14000000        0x0
                [!provide]                PROVIDE (__start_noinit_RAM3 = .)
                [!provide]                PROVIDE (__start_noinit_FLEX_RAM = .)
 *(SORT_BY_ALIGNMENT(.noinit.$RAM3))
 *(SORT_BY_ALIGNMENT(.noinit.$FLEX_RAM))
 *(SORT_BY_ALIGNMENT(.noinit.$RAM3.*))
 *(SORT_BY_ALIGNMENT(.noinit.$FLEX_RAM.*))
                0x14000000                . = ALIGN (0x8)
                [!provide]                PROVIDE (__end_noinit_RAM3 = .)
                [!provide]                PROVIDE (__end_noinit_FLEX_RAM = .)

.noinit         0x20002ad8        0x0
                0x20002ad8                _noinit = .
                [!provide]                PROVIDE (__start_noinit_RAM = .)
                [!provide]                PROVIDE (__start_noinit_SRAM_UPPER = .)
 *(SORT_BY_ALIGNMENT(.noinit*))
                0x20002ad8                . = ALIGN (0x8)
                0x20002ad8                _end_noinit = .
                [!provide]                PROVIDE (__end_noinit_RAM = .)
                [!provide]                PROVIDE (__end_noinit_SRAM_UPPER = .)
                0x00001000                _HeapSize = 0x1000

.heap           0x20002ad8     0x1000
                0x20002ad8                _pvHeapStart = .
                0x20003ad8                . = (. + _HeapSize)
 *fill*         0x20002ad8     0x1000 
                0x20003ad8                . = ALIGN (0x8)
                0x20003ad8                _pvHeapLimit = .
                0x00001000                _StackSize = 0x1000

.heap2stackfill
                0x20003ad8     0x1000
                0x20004ad8                . = (. + _StackSize)
 *fill*         0x20003ad8     0x1000 

.stack          0x2002f000        0x0
                0x2002f000                _vStackBase = .
                0x2002f000                . = ALIGN (0x8)
                0x20030000                _vStackTop = (. + _StackSize)
                0x00000000                _image_start = LOADADDR (.text)
                0x00006d68                _image_end = (LOADADDR (.data) + SIZEOF (.data))
                0x00006d68                _image_size = (_image_end - _image_start)
OUTPUT(freertos_hello.axf elf32-littlearm)
LOAD linker stubs

.debug_info     0x00000000    0x13064
 .debug_info    0x00000000       0xcb ./utilities/fsl_assert.o
 .debug_info    0x000000cb      0xd58 ./utilities/fsl_debug_console.o
 .debug_info    0x00000e23      0xaed ./utilities/fsl_str.o
 .debug_info    0x00001910      0xc6f ./startup/startup_mk64f12.o
 .debug_info    0x0000257f     0x13b4 ./source/freertos_hello.o
 .debug_info    0x00003933       0x3d ./source/semihost_hardfault.o
 .debug_info    0x00003970      0x4bb ./freertos/freertos_kernel/portable/MemMang/heap_4.o
 .debug_info    0x00003e2b      0x4c9 ./freertos/freertos_kernel/portable/GCC/ARM_CM4F/port.o
 .debug_info    0x000042f4      0x29c ./freertos/freertos_kernel/list.o
 .debug_info    0x00004590     0x17ce ./freertos/freertos_kernel/queue.o
 .debug_info    0x00005d5e     0x218c ./freertos/freertos_kernel/tasks.o
 .debug_info    0x00007eea      0xfdd ./freertos/freertos_kernel/timers.o
 .debug_info    0x00008ec7     0x20ee ./drivers/fsl_clock.o
 .debug_info    0x0000afb5     0x2486 ./drivers/fsl_flexcan.o
 .debug_info    0x0000d43b      0x691 ./drivers/fsl_gpio.o
 .debug_info    0x0000dacc     0x1ef7 ./drivers/fsl_uart.o
 .debug_info    0x0000f9c3      0x626 ./device/system_MK64F12.o
 .debug_info    0x0000ffe9      0xac3 ./component/uart/fsl_adapter_uart.o
 .debug_info    0x00010aac      0x989 ./component/serial_manager/fsl_component_serial_manager.o
 .debug_info    0x00011435      0x4fe ./component/serial_manager/fsl_component_serial_port_uart.o
 .debug_info    0x00011933      0x153 ./board/board.o
 .debug_info    0x00011a86      0xc51 ./board/clock_config.o
 .debug_info    0x000126d7      0x98d ./board/pin_mux.o

.debug_abbrev   0x00000000     0x33d5
 .debug_abbrev  0x00000000       0x8f ./utilities/fsl_assert.o
 .debug_abbrev  0x0000008f      0x27a ./utilities/fsl_debug_console.o
 .debug_abbrev  0x00000309      0x276 ./utilities/fsl_str.o
 .debug_abbrev  0x0000057f      0x17e ./startup/startup_mk64f12.o
 .debug_abbrev  0x000006fd      0x3b9 ./source/freertos_hello.o
 .debug_abbrev  0x00000ab6       0x2f ./source/semihost_hardfault.o
 .debug_abbrev  0x00000ae5      0x21e ./freertos/freertos_kernel/portable/MemMang/heap_4.o
 .debug_abbrev  0x00000d03      0x25a ./freertos/freertos_kernel/portable/GCC/ARM_CM4F/port.o
 .debug_abbrev  0x00000f5d       0xf5 ./freertos/freertos_kernel/list.o
 .debug_abbrev  0x00001052      0x32a ./freertos/freertos_kernel/queue.o
 .debug_abbrev  0x0000137c      0x3b8 ./freertos/freertos_kernel/tasks.o
 .debug_abbrev  0x00001734      0x2ea ./freertos/freertos_kernel/timers.o
 .debug_abbrev  0x00001a1e      0x38e ./drivers/fsl_clock.o
 .debug_abbrev  0x00001dac      0x323 ./drivers/fsl_flexcan.o
 .debug_abbrev  0x000020cf      0x1ac ./drivers/fsl_gpio.o
 .debug_abbrev  0x0000227b      0x46e ./drivers/fsl_uart.o
 .debug_abbrev  0x000026e9      0x149 ./device/system_MK64F12.o
 .debug_abbrev  0x00002832      0x223 ./component/uart/fsl_adapter_uart.o
 .debug_abbrev  0x00002a55      0x264 ./component/serial_manager/fsl_component_serial_manager.o
 .debug_abbrev  0x00002cb9      0x196 ./component/serial_manager/fsl_component_serial_port_uart.o
 .debug_abbrev  0x00002e4f       0xc5 ./board/board.o
 .debug_abbrev  0x00002f14      0x254 ./board/clock_config.o
 .debug_abbrev  0x00003168      0x26d ./board/pin_mux.o

.debug_aranges  0x00000000     0x1248
 .debug_aranges
                0x00000000       0x20 ./utilities/fsl_assert.o
 .debug_aranges
                0x00000020       0xa8 ./utilities/fsl_debug_console.o
 .debug_aranges
                0x000000c8       0xb8 ./utilities/fsl_str.o
 .debug_aranges
                0x00000180      0x330 ./startup/startup_mk64f12.o
 .debug_aranges
                0x000004b0       0x80 ./source/freertos_hello.o
 .debug_aranges
                0x00000530       0x20 ./source/semihost_hardfault.o
 .debug_aranges
                0x00000550       0x58 ./freertos/freertos_kernel/portable/MemMang/heap_4.o
 .debug_aranges
                0x000005a8       0x80 ./freertos/freertos_kernel/portable/GCC/ARM_CM4F/port.o
 .debug_aranges
                0x00000628       0x40 ./freertos/freertos_kernel/list.o
 .debug_aranges
                0x00000668      0x130 ./freertos/freertos_kernel/queue.o
 .debug_aranges
                0x00000798      0x208 ./freertos/freertos_kernel/tasks.o
 .debug_aranges
                0x000009a0       0xe8 ./freertos/freertos_kernel/timers.o
 .debug_aranges
                0x00000a88      0x1f8 ./drivers/fsl_clock.o
 .debug_aranges
                0x00000c80      0x1a8 ./drivers/fsl_flexcan.o
 .debug_aranges
                0x00000e28       0x40 ./drivers/fsl_gpio.o
 .debug_aranges
                0x00000e68      0x1b8 ./drivers/fsl_uart.o
 .debug_aranges
                0x00001020       0x30 ./device/system_MK64F12.o
 .debug_aranges
                0x00001050       0x50 ./component/uart/fsl_adapter_uart.o
 .debug_aranges
                0x000010a0       0x98 ./component/serial_manager/fsl_component_serial_manager.o
 .debug_aranges
                0x00001138       0x48 ./component/serial_manager/fsl_component_serial_port_uart.o
 .debug_aranges
                0x00001180       0x20 ./board/board.o
 .debug_aranges
                0x000011a0       0x58 ./board/clock_config.o
 .debug_aranges
                0x000011f8       0x50 ./board/pin_mux.o

.debug_rnglists
                0x00000000      0xde4
 .debug_rnglists
                0x00000000       0x13 ./utilities/fsl_assert.o
 .debug_rnglists
                0x00000013       0x7c ./utilities/fsl_debug_console.o
 .debug_rnglists
                0x0000008f       0xa6 ./utilities/fsl_str.o
 .debug_rnglists
                0x00000135      0x25f ./startup/startup_mk64f12.o
 .debug_rnglists
                0x00000394       0x5e ./source/freertos_hello.o
 .debug_rnglists
                0x000003f2       0x13 ./source/semihost_hardfault.o
 .debug_rnglists
                0x00000405       0x42 ./freertos/freertos_kernel/portable/MemMang/heap_4.o
 .debug_rnglists
                0x00000447       0x5d ./freertos/freertos_kernel/portable/GCC/ARM_CM4F/port.o
 .debug_rnglists
                0x000004a4       0x2b ./freertos/freertos_kernel/list.o
 .debug_rnglists
                0x000004cf       0xeb ./freertos/freertos_kernel/queue.o
 .debug_rnglists
                0x000005ba      0x19f ./freertos/freertos_kernel/tasks.o
 .debug_rnglists
                0x00000759       0xaf ./freertos/freertos_kernel/timers.o
 .debug_rnglists
                0x00000808      0x187 ./drivers/fsl_clock.o
 .debug_rnglists
                0x0000098f      0x158 ./drivers/fsl_flexcan.o
 .debug_rnglists
                0x00000ae7       0x2b ./drivers/fsl_gpio.o
 .debug_rnglists
                0x00000b12      0x153 ./drivers/fsl_uart.o
 .debug_rnglists
                0x00000c65       0x20 ./device/system_MK64F12.o
 .debug_rnglists
                0x00000c85       0x38 ./component/uart/fsl_adapter_uart.o
 .debug_rnglists
                0x00000cbd       0x6d ./component/serial_manager/fsl_component_serial_manager.o
 .debug_rnglists
                0x00000d2a       0x31 ./component/serial_manager/fsl_component_serial_port_uart.o
 .debug_rnglists
                0x00000d5b       0x13 ./board/board.o
 .debug_rnglists
                0x00000d6e       0x3d ./board/clock_config.o
 .debug_rnglists
                0x00000dab       0x39 ./board/pin_mux.o

.debug_macro    0x00000000    0x15d1f
 .debug_macro   0x00000000      0x1a2 ./utilities/fsl_assert.o
 .debug_macro   0x000001a2      0xafc ./utilities/fsl_assert.o
 .debug_macro   0x00000c9e       0x10 ./utilities/fsl_assert.o
 .debug_macro   0x00000cae       0x1c ./utilities/fsl_assert.o
 .debug_macro   0x00000cca       0x22 ./utilities/fsl_assert.o
 .debug_macro   0x00000cec      0x12e ./utilities/fsl_assert.o
 .debug_macro   0x00000e1a      0x5b3 ./utilities/fsl_assert.o
 .debug_macro   0x000013cd       0x22 ./utilities/fsl_assert.o
 .debug_macro   0x000013ef       0x10 ./utilities/fsl_assert.o
 .debug_macro   0x000013ff       0x58 ./utilities/fsl_assert.o
 .debug_macro   0x00001457       0x1c ./utilities/fsl_assert.o
 .debug_macro   0x00001473       0x22 ./utilities/fsl_assert.o
 .debug_macro   0x00001495       0xfb ./utilities/fsl_assert.o
 .debug_macro   0x00001590      0xeeb ./utilities/fsl_assert.o
 .debug_macro   0x0000247b       0x40 ./utilities/fsl_assert.o
 .debug_macro   0x000024bb     0xec5f ./utilities/fsl_assert.o
 .debug_macro   0x0001111a     0x12e8 ./utilities/fsl_assert.o
 .debug_macro   0x00012402       0x7a ./utilities/fsl_assert.o
 .debug_macro   0x0001247c       0xa8 ./utilities/fsl_assert.o
 .debug_macro   0x00012524      0x174 ./utilities/fsl_assert.o
 .debug_macro   0x00012698       0x70 ./utilities/fsl_assert.o
 .debug_macro   0x00012708      0x198 ./utilities/fsl_assert.o
 .debug_macro   0x000128a0      0x15a ./utilities/fsl_assert.o
 .debug_macro   0x000129fa       0xea ./utilities/fsl_assert.o
 .debug_macro   0x00012ae4       0x1c ./utilities/fsl_assert.o
 .debug_macro   0x00012b00       0x26 ./utilities/fsl_assert.o
 .debug_macro   0x00012b26      0x3ae ./utilities/fsl_assert.o
 .debug_macro   0x00012ed4       0x40 ./utilities/fsl_assert.o
 .debug_macro   0x00012f14       0x16 ./utilities/fsl_assert.o
 .debug_macro   0x00012f2a       0x66 ./utilities/fsl_assert.o
 .debug_macro   0x00012f90       0x16 ./utilities/fsl_assert.o
 .debug_macro   0x00012fa6       0x1c ./utilities/fsl_assert.o
 .debug_macro   0x00012fc2       0x1c ./utilities/fsl_assert.o
 .debug_macro   0x00012fde      0x24e ./utilities/fsl_debug_console.o
 .debug_macro   0x0001322c       0x16 ./utilities/fsl_debug_console.o
 .debug_macro   0x00013242       0x10 ./utilities/fsl_debug_console.o
 .debug_macro   0x00013252       0x28 ./utilities/fsl_debug_console.o
 .debug_macro   0x0001327a      0x198 ./utilities/fsl_debug_console.o
 .debug_macro   0x00013412       0xb5 ./utilities/fsl_debug_console.o
 .debug_macro   0x000134c7      0x120 ./utilities/fsl_debug_console.o
 .debug_macro   0x000135e7       0x80 ./utilities/fsl_debug_console.o
 .debug_macro   0x00013667       0x7e ./utilities/fsl_debug_console.o
 .debug_macro   0x000136e5       0x16 ./utilities/fsl_debug_console.o
 .debug_macro   0x000136fb       0x50 ./utilities/fsl_debug_console.o
 .debug_macro   0x0001374b       0x46 ./utilities/fsl_debug_console.o
 .debug_macro   0x00013791       0x1c ./utilities/fsl_debug_console.o
 .debug_macro   0x000137ad      0x14e ./utilities/fsl_str.o
 .debug_macro   0x000138fb       0xc4 ./utilities/fsl_str.o
 .debug_macro   0x000139bf      0x1c7 ./utilities/fsl_str.o
 .debug_macro   0x00013b86       0x56 ./utilities/fsl_str.o
 .debug_macro   0x00013bdc       0x29 ./startup/startup_mk64f12.o
 .debug_macro   0x00013c05      0x26f ./source/freertos_hello.o
 .debug_macro   0x00013e74       0x16 ./source/freertos_hello.o
 .debug_macro   0x00013e8a       0x97 ./source/freertos_hello.o
 .debug_macro   0x00013f21       0x1c ./source/freertos_hello.o
 .debug_macro   0x00013f3d       0x34 ./source/freertos_hello.o
 .debug_macro   0x00013f71       0x1c ./source/freertos_hello.o
 .debug_macro   0x00013f8d       0x16 ./source/freertos_hello.o
 .debug_macro   0x00013fa3       0x16 ./source/freertos_hello.o
 .debug_macro   0x00013fb9      0x193 ./source/freertos_hello.o
 .debug_macro   0x0001414c       0xf4 ./source/freertos_hello.o
 .debug_macro   0x00014240       0x11 ./source/semihost_hardfault.o
 .debug_macro   0x00014251       0xdf ./freertos/freertos_kernel/portable/MemMang/heap_4.o
 .debug_macro   0x00014330      0x179 ./freertos/freertos_kernel/portable/GCC/ARM_CM4F/port.o
 .debug_macro   0x000144a9       0xc4 ./freertos/freertos_kernel/list.o
 .debug_macro   0x0001456d      0x12b ./freertos/freertos_kernel/queue.o
 .debug_macro   0x00014698      0x192 ./freertos/freertos_kernel/tasks.o
 .debug_macro   0x0001482a       0x10 ./freertos/freertos_kernel/tasks.o
 .debug_macro   0x0001483a       0x16 ./freertos/freertos_kernel/tasks.o
 .debug_macro   0x00014850      0x10d ./freertos/freertos_kernel/timers.o
 .debug_macro   0x0001495d      0x1d8 ./drivers/fsl_clock.o
 .debug_macro   0x00014b35      0x247 ./drivers/fsl_flexcan.o
 .debug_macro   0x00014d7c       0xee ./drivers/fsl_flexcan.o
 .debug_macro   0x00014e6a      0x121 ./drivers/fsl_gpio.o
 .debug_macro   0x00014f8b       0x10 ./drivers/fsl_gpio.o
 .debug_macro   0x00014f9b      0x127 ./drivers/fsl_uart.o
 .debug_macro   0x000150c2       0x10 ./drivers/fsl_uart.o
 .debug_macro   0x000150d2       0x98 ./device/system_MK64F12.o
 .debug_macro   0x0001516a      0x170 ./component/uart/fsl_adapter_uart.o
 .debug_macro   0x000152da       0x16 ./component/uart/fsl_adapter_uart.o
 .debug_macro   0x000152f0       0x40 ./component/uart/fsl_adapter_uart.o
 .debug_macro   0x00015330      0x1d7 ./component/serial_manager/fsl_component_serial_manager.o
 .debug_macro   0x00015507       0x6a ./component/serial_manager/fsl_component_serial_manager.o
 .debug_macro   0x00015571      0x1a1 ./component/serial_manager/fsl_component_serial_port_uart.o
 .debug_macro   0x00015712      0x1d2 ./board/board.o
 .debug_macro   0x000158e4       0x16 ./board/board.o
 .debug_macro   0x000158fa      0x1ab ./board/board.o
 .debug_macro   0x00015aa5      0x153 ./board/clock_config.o
 .debug_macro   0x00015bf8      0x127 ./board/pin_mux.o

.debug_line     0x00000000     0xe9ab
 .debug_line    0x00000000      0x678 ./utilities/fsl_assert.o
 .debug_line    0x00000678      0xac0 ./utilities/fsl_debug_console.o
 .debug_line    0x00001138      0xb43 ./utilities/fsl_str.o
 .debug_line    0x00001c7b      0xa99 ./startup/startup_mk64f12.o
 .debug_line    0x00002714      0x9e8 ./source/freertos_hello.o
 .debug_line    0x000030fc       0x59 ./source/semihost_hardfault.o
 .debug_line    0x00003155      0x6b1 ./freertos/freertos_kernel/portable/MemMang/heap_4.o
 .debug_line    0x00003806      0x691 ./freertos/freertos_kernel/portable/GCC/ARM_CM4F/port.o
 .debug_line    0x00003e97      0x466 ./freertos/freertos_kernel/list.o
 .debug_line    0x000042fd     0x12ec ./freertos/freertos_kernel/queue.o
 .debug_line    0x000055e9     0x1a62 ./freertos/freertos_kernel/tasks.o
 .debug_line    0x0000704b      0xa6e ./freertos/freertos_kernel/timers.o
 .debug_line    0x00007ab9     0x151e ./drivers/fsl_clock.o
 .debug_line    0x00008fd7     0x1440 ./drivers/fsl_flexcan.o
 .debug_line    0x0000a417      0x411 ./drivers/fsl_gpio.o
 .debug_line    0x0000a828     0x1574 ./drivers/fsl_uart.o
 .debug_line    0x0000bd9c      0x3f3 ./device/system_MK64F12.o
 .debug_line    0x0000c18f      0x704 ./component/uart/fsl_adapter_uart.o
 .debug_line    0x0000c893      0x977 ./component/serial_manager/fsl_component_serial_manager.o
 .debug_line    0x0000d20a      0x747 ./component/serial_manager/fsl_component_serial_port_uart.o
 .debug_line    0x0000d951      0x6fd ./board/board.o
 .debug_line    0x0000e04e      0x49d ./board/clock_config.o
 .debug_line    0x0000e4eb      0x4c0 ./board/pin_mux.o

.debug_str      0x00000000    0x8e02e
 .debug_str     0x00000000    0x7d769 ./utilities/fsl_assert.o
                              0x7d818 (size before relaxing)
 .debug_str     0x0007d769     0x3eca ./utilities/fsl_debug_console.o
                              0x81719 (size before relaxing)
 .debug_str     0x00081633      0xb35 ./utilities/fsl_str.o
                              0x7aced (size before relaxing)
 .debug_str     0x00082168      0x7ae ./startup/startup_mk64f12.o
                               0x378c (size before relaxing)
 .debug_str     0x00082916     0x332a ./source/freertos_hello.o
                              0x8372f (size before relaxing)
 .debug_str     0x00085c40       0x1f ./source/semihost_hardfault.o
                               0x2f14 (size before relaxing)
 .debug_str     0x00085c5f      0x3f7 ./freertos/freertos_kernel/portable/MemMang/heap_4.o
                               0x9324 (size before relaxing)
 .debug_str     0x00086056      0x835 ./freertos/freertos_kernel/portable/GCC/ARM_CM4F/port.o
                               0x9795 (size before relaxing)
 .debug_str     0x0008688b      0x135 ./freertos/freertos_kernel/list.o
                               0x7e54 (size before relaxing)
 .debug_str     0x000869c0      0x9ec ./freertos/freertos_kernel/queue.o
                               0xa279 (size before relaxing)
 .debug_str     0x000873ac     0x13bd ./freertos/freertos_kernel/tasks.o
                               0xafe9 (size before relaxing)